PBS detected.
Host detected: ian
Compiler to be used: intel
GrADS 2.2.1.oga.1 module loaded
Type 'grads' to start the Grid Analysis and Display System
Currently Loaded Modulefiles:
  1) intel/2025.0                     11) cray-netcdf/4.9.0.15
  2) craype/2.7.33                    12) cray-parallel-netcdf/1.12.3.15
  3) cray-dsmml/0.3.0                 13) xpmem/0.2.119-1.3_gef379be13330
  4) libfabric/1.22.0                 14) grads/2.2.1.oga.1
  5) craype-network-ofi               15) cdo/2.4.2
  6) cray-mpich/8.1.31                16) GKlib/1.0.0
  7) cray-libsci/24.11.0              17) METIS/5.1.0
  8) PrgEnv-intel/8.6.0               18) cray-libpals/1.6.1
  9) craype-x86-turin                 19) cray-pals/1.6.1
 10) cray-hdf5/1.14.3.3
cd src; make clean RM="rm -f" CORE="atmosphere"
make[1]: Entering directory '/p/projetos/monan_atm/eduardo.eras/SandBox/scripts_CD-CT/sources/MONAN-Model_1.4.3-rc/src'
rm -f libframework.a libops.a libdycore.a libatmosphere.a *.o
( cd tools; make clean )
make[2]: Entering directory '/p/projetos/monan_atm/eduardo.eras/SandBox/scripts_CD-CT/sources/MONAN-Model_1.4.3-rc/src/tools'
(cd input_gen; make clean)
make[3]: Entering directory '/p/projetos/monan_atm/eduardo.eras/SandBox/scripts_CD-CT/sources/MONAN-Model_1.4.3-rc/src/tools/input_gen'
rm -f *.o namelist_gen streams_gen
rm -f *.i
make[3]: Leaving directory '/p/projetos/monan_atm/eduardo.eras/SandBox/scripts_CD-CT/sources/MONAN-Model_1.4.3-rc/src/tools/input_gen'
(cd registry; make clean)
make[3]: Entering directory '/p/projetos/monan_atm/eduardo.eras/SandBox/scripts_CD-CT/sources/MONAN-Model_1.4.3-rc/src/tools/registry'
rm -f *.o parse
rm -f *.i
make[3]: Leaving directory '/p/projetos/monan_atm/eduardo.eras/SandBox/scripts_CD-CT/sources/MONAN-Model_1.4.3-rc/src/tools/registry'
make[2]: Leaving directory '/p/projetos/monan_atm/eduardo.eras/SandBox/scripts_CD-CT/sources/MONAN-Model_1.4.3-rc/src/tools'
( cd external; make clean )
make[2]: Entering directory '/p/projetos/monan_atm/eduardo.eras/SandBox/scripts_CD-CT/sources/MONAN-Model_1.4.3-rc/src/external'
( cd esmf_time_f90; make clean )
make[3]: Entering directory '/p/projetos/monan_atm/eduardo.eras/SandBox/scripts_CD-CT/sources/MONAN-Model_1.4.3-rc/src/external/esmf_time_f90'
rm -rf *.tmp.f90 *.o *.mod *.a
make[3]: Leaving directory '/p/projetos/monan_atm/eduardo.eras/SandBox/scripts_CD-CT/sources/MONAN-Model_1.4.3-rc/src/external/esmf_time_f90'
( cd ezxml; make clean )
make[3]: Entering directory '/p/projetos/monan_atm/eduardo.eras/SandBox/scripts_CD-CT/sources/MONAN-Model_1.4.3-rc/src/external/ezxml'
rm -f *.o *.i
make[3]: Leaving directory '/p/projetos/monan_atm/eduardo.eras/SandBox/scripts_CD-CT/sources/MONAN-Model_1.4.3-rc/src/external/ezxml'
make -C SMIOL clean
make[3]: Entering directory '/p/projetos/monan_atm/eduardo.eras/SandBox/scripts_CD-CT/sources/MONAN-Model_1.4.3-rc/src/external/SMIOL'
rm -f -f smiol.o smiol_utils.o libsmiol.a
rm -f -f smiolf.o smiolf.mod libsmiolf.a
make[3]: Leaving directory '/p/projetos/monan_atm/eduardo.eras/SandBox/scripts_CD-CT/sources/MONAN-Model_1.4.3-rc/src/external/SMIOL'
make[2]: Leaving directory '/p/projetos/monan_atm/eduardo.eras/SandBox/scripts_CD-CT/sources/MONAN-Model_1.4.3-rc/src/external'
( cd framework; make clean )
make[2]: Entering directory '/p/projetos/monan_atm/eduardo.eras/SandBox/scripts_CD-CT/sources/MONAN-Model_1.4.3-rc/src/framework'
rm -f *.o *.mod *.f90 libframework.a
rm -f *.i
make[2]: Leaving directory '/p/projetos/monan_atm/eduardo.eras/SandBox/scripts_CD-CT/sources/MONAN-Model_1.4.3-rc/src/framework'
( cd operators; make clean )
make[2]: Entering directory '/p/projetos/monan_atm/eduardo.eras/SandBox/scripts_CD-CT/sources/MONAN-Model_1.4.3-rc/src/operators'
rm -f *.o *.mod *.f90 libops.a
rm -f *.i
make[2]: Leaving directory '/p/projetos/monan_atm/eduardo.eras/SandBox/scripts_CD-CT/sources/MONAN-Model_1.4.3-rc/src/operators'
( cd driver; make clean )
make[2]: Entering directory '/p/projetos/monan_atm/eduardo.eras/SandBox/scripts_CD-CT/sources/MONAN-Model_1.4.3-rc/src/driver'
rm -f *.o *.mod *.f90
rm -f *.i
make[2]: Leaving directory '/p/projetos/monan_atm/eduardo.eras/SandBox/scripts_CD-CT/sources/MONAN-Model_1.4.3-rc/src/driver'
if [ -d core_atmosphere ] ; then \
   ( cd core_atmosphere; make clean ) \
fi;
make[2]: Entering directory '/p/projetos/monan_atm/eduardo.eras/SandBox/scripts_CD-CT/sources/MONAN-Model_1.4.3-rc/src/core_atmosphere'
( cd physics; make clean )
make[3]: Entering directory '/p/projetos/monan_atm/eduardo.eras/SandBox/scripts_CD-CT/sources/MONAN-Model_1.4.3-rc/src/core_atmosphere/physics'
rm -f *.o *.mod *.f90 libphys.a
( cd physics_wrf; make clean )
make[4]: Entering directory '/p/projetos/monan_atm/eduardo.eras/SandBox/scripts_CD-CT/sources/MONAN-Model_1.4.3-rc/src/core_atmosphere/physics/physics_wrf'
rm -f *.f90 *.o *.mod
rm -f *.i
make[4]: Leaving directory '/p/projetos/monan_atm/eduardo.eras/SandBox/scripts_CD-CT/sources/MONAN-Model_1.4.3-rc/src/core_atmosphere/physics/physics_wrf'
( cd physics_mmm; make clean )
make[4]: Entering directory '/p/projetos/monan_atm/eduardo.eras/SandBox/scripts_CD-CT/sources/MONAN-Model_1.4.3-rc/src/core_atmosphere/physics/physics_mmm'
rm -f *.f90 *.o *.mod
rm -f *.i
make[4]: Leaving directory '/p/projetos/monan_atm/eduardo.eras/SandBox/scripts_CD-CT/sources/MONAN-Model_1.4.3-rc/src/core_atmosphere/physics/physics_mmm'
( cd physics_monan; make clean )
make[4]: Entering directory '/p/projetos/monan_atm/eduardo.eras/SandBox/scripts_CD-CT/sources/MONAN-Model_1.4.3-rc/src/core_atmosphere/physics/physics_monan'
rm -f *.f90 *.o *.mod
rm -f *.i
make[4]: Leaving directory '/p/projetos/monan_atm/eduardo.eras/SandBox/scripts_CD-CT/sources/MONAN-Model_1.4.3-rc/src/core_atmosphere/physics/physics_monan'
rm -f *.i
make[3]: Leaving directory '/p/projetos/monan_atm/eduardo.eras/SandBox/scripts_CD-CT/sources/MONAN-Model_1.4.3-rc/src/core_atmosphere/physics'
( cd dynamics; make clean )
make[3]: Entering directory '/p/projetos/monan_atm/eduardo.eras/SandBox/scripts_CD-CT/sources/MONAN-Model_1.4.3-rc/src/core_atmosphere/dynamics'
rm -f *.o *.mod *.f90
rm -f *.i
make[3]: Leaving directory '/p/projetos/monan_atm/eduardo.eras/SandBox/scripts_CD-CT/sources/MONAN-Model_1.4.3-rc/src/core_atmosphere/dynamics'
( cd diagnostics; make clean )
make[3]: Entering directory '/p/projetos/monan_atm/eduardo.eras/SandBox/scripts_CD-CT/sources/MONAN-Model_1.4.3-rc/src/core_atmosphere/diagnostics'
rm -f *.o *.mod *.f90
rm -f *.i
make[3]: Leaving directory '/p/projetos/monan_atm/eduardo.eras/SandBox/scripts_CD-CT/sources/MONAN-Model_1.4.3-rc/src/core_atmosphere/diagnostics'
( cd utils; make clean )
make[3]: Entering directory '/p/projetos/monan_atm/eduardo.eras/SandBox/scripts_CD-CT/sources/MONAN-Model_1.4.3-rc/src/core_atmosphere/utils'
rm -f ../../../build_tables
rm -f *.o *.mod *.f90
rm -f *.i
make[3]: Leaving directory '/p/projetos/monan_atm/eduardo.eras/SandBox/scripts_CD-CT/sources/MONAN-Model_1.4.3-rc/src/core_atmosphere/utils'
( cd ../..; rm -f *TBL )
( cd ../..; rm -f *DATA* )
rm -f -r libphys
rm -f *.o *.mod *.f90 libdycore.a
rm -f Registry_processed.xml
rm -f *.i
rm -f -r default_inputs
make[2]: Leaving directory '/p/projetos/monan_atm/eduardo.eras/SandBox/scripts_CD-CT/sources/MONAN-Model_1.4.3-rc/src/core_atmosphere'
make[1]: Leaving directory '/p/projetos/monan_atm/eduardo.eras/SandBox/scripts_CD-CT/sources/MONAN-Model_1.4.3-rc/src'
rm -f .mpas_core_*
rm -f atmosphere_model
rm -f namelist.atmosphere.defaults
rm -f streams.atmosphere.defaults
NOTE: PRECISION=single is unnecessary, single is the default
( make all \
        "FC_PARALLEL = ftn" \
        "CC_PARALLEL = cc" \
        "CXX_PARALLEL = CC" \
        "FC_SERIAL = ftn" \
        "CC_SERIAL = cc" \
        "CXX_SERIAL = CC" \
        "FFLAGS_PROMOTION = -real-size 64" \
        "FFLAGS_OPT = -O3 -convert big_endian -FR -march=core-avx2 -mtune=core-avx2" \
        "CFLAGS_OPT = -O3 -std=gnu90" \
        "CXXFLAGS_OPT = -O3" \
        "LDFLAGS_OPT = -O3" \
        "FFLAGS_DEBUG = -g -convert big_endian -FR -CU -CB -check all -fpe0 -traceback" \
        "CFLAGS_DEBUG = -g -traceback" \
        "CXXFLAGS_DEBUG = -g -traceback" \
        "LDFLAGS_DEBUG = -g -fpe0 -traceback" \
        "FFLAGS_OMP = -qopenmp" \
        "CFLAGS_OMP = -qopenmp" \
        "CORE = atmosphere" \
        "DEBUG = " \
        "USE_PAPI = " \
        "OPENMP = true" \
        "CPPFLAGS =  -D_MPI -DUNDERSCORE" )
make[1]: Entering directory '/p/projetos/monan_atm/eduardo.eras/SandBox/scripts_CD-CT/sources/MONAN-Model_1.4.3-rc'
NOTE: PRECISION=single is unnecessary, single is the default
Checking for mpi_f08 support...
Testing compiler for OpenMP support
No working mpi_f08 module detected; using mpi module.
warning: invalid argument '-std=gnu90' not allowed with 'C++/ObjC++'
1 warning generated.
ifx: command line warning #10121: overriding '-march=core-avx2' with '-march=core-avx2'
ifx: command line warning #10121: overriding '-march=core-avx2' with '-march=core-avx2'
cd src; make FC="ftn" \
                 CC="cc" \
                 CXX="CC" \
                 SFC="ftn" \
                 SCC="cc" \
                 LINKER="ftn" \
                 CFLAGS="-O3 -std=gnu90 -qopenmp "-DSINGLE_PRECISION"" \
                 CXXFLAGS="-O3 -qopenmp "-DSINGLE_PRECISION"" \
                 FFLAGS="-O3 -convert big_endian -FR -march=core-avx2 -mtune=core-avx2 -qopenmp" \
                 LDFLAGS="-O3 -qopenmp" \
                 RM="rm -f" \
                 CPP="cpp -P -traditional" \
                 CPPFLAGS="-D_MPI -DUNDERSCORE -DCORE_ATMOSPHERE -DMPAS_NAMELIST_SUFFIX=atmosphere -DMPAS_EXE_NAME=atmosphere_model "-DMPAS_OPENMP" "-DSINGLE_PRECISION" -DMPAS_NATIVE_TIMERS -DMPAS_GIT_VERSION="unknown" -DMPAS_BUILD_TARGET= "-DMPAS_SMIOL_SUPPORT"" \
                 LIBS=" -L/p/projetos/monan_atm/eduardo.eras/SandBox/scripts_CD-CT/sources/MONAN-Model_1.4.3-rc/src/external/SMIOL -lsmiolf -lsmiol -L/opt/cray/pe/netcdf/4.9.0.15/INTEL/2023.2/lib -lnetcdff -lnetcdf -L/opt/cray/pe/parallel-netcdf/1.12.3.15/INTEL/2023.2/lib -lpnetcdf" \
                 CPPINCLUDES=" -I/opt/cray/pe/netcdf/4.9.0.15/INTEL/2023.2/include -I/opt/cray/pe/parallel-netcdf/1.12.3.15/INTEL/2023.2/include" \
                 FCINCLUDES=" -I/p/projetos/monan_atm/eduardo.eras/SandBox/scripts_CD-CT/sources/MONAN-Model_1.4.3-rc/src/external/SMIOL -I/opt/cray/pe/netcdf/4.9.0.15/INTEL/2023.2/include -I/opt/cray/pe/parallel-netcdf/1.12.3.15/INTEL/2023.2/include" \
                 CORE="atmosphere"\
                 AUTOCLEAN="false" \
                 GEN_F90="false" \
                 NAMELIST_SUFFIX="atmosphere" \
                 EXE_NAME="atmosphere_model"
make[2]: Entering directory '/p/projetos/monan_atm/eduardo.eras/SandBox/scripts_CD-CT/sources/MONAN-Model_1.4.3-rc/src'
( cd external; make FC="ftn" SFC="ftn" CC="cc" SCC="cc" FFLAGS="-O3 -convert big_endian -FR -march=core-avx2 -mtune=core-avx2 -qopenmp" CFLAGS="-O3 -std=gnu90 -qopenmp -DSINGLE_PRECISION" CPP="cpp -P -traditional" NETCDF="/opt/cray/pe/netcdf/4.9.0.15/INTEL/2023.2" CORE="atmosphere" all )
make[3]: Entering directory '/p/projetos/monan_atm/eduardo.eras/SandBox/scripts_CD-CT/sources/MONAN-Model_1.4.3-rc/src/external'
( cd esmf_time_f90; make FC="ftn" FFLAGS="-O3 -convert big_endian -FR -march=core-avx2 -mtune=core-avx2 -qopenmp" CPP="cpp -P -traditional" CPPFLAGS="-D_MPI -DUNDERSCORE -DCORE_ATMOSPHERE -DMPAS_NAMELIST_SUFFIX=atmosphere -DMPAS_EXE_NAME=atmosphere_model -DMPAS_OPENMP -DSINGLE_PRECISION -DMPAS_NATIVE_TIMERS -DMPAS_GIT_VERSION=unknown -DMPAS_BUILD_TARGET= -DMPAS_SMIOL_SUPPORT -DHIDE_MPI" GEN_F90=false )
( cd ezxml; make OBJFILE="ezxml.o" )
make -C SMIOL
make[4]: Entering directory '/p/projetos/monan_atm/eduardo.eras/SandBox/scripts_CD-CT/sources/MONAN-Model_1.4.3-rc/src/external/SMIOL'
cc -I/opt/cray/pe/netcdf/4.9.0.15/INTEL/2023.2/include -I/opt/cray/pe/parallel-netcdf/1.12.3.15/INTEL/2023.2/include -DSMIOL_PNETCDF -O3 -std=gnu90 -qopenmp -DSINGLE_PRECISION -c smiol.c
make[4]: Entering directory '/p/projetos/monan_atm/eduardo.eras/SandBox/scripts_CD-CT/sources/MONAN-Model_1.4.3-rc/src/external/esmf_time_f90'
rm -f ESMF_BaseMod.o ESMF_BaseMod.mod
cc -I/opt/cray/pe/netcdf/4.9.0.15/INTEL/2023.2/include -I/opt/cray/pe/parallel-netcdf/1.12.3.15/INTEL/2023.2/include -DSMIOL_PNETCDF -O3 -std=gnu90 -qopenmp -DSINGLE_PRECISION -c smiol_utils.c
make[4]: Entering directory '/p/projetos/monan_atm/eduardo.eras/SandBox/scripts_CD-CT/sources/MONAN-Model_1.4.3-rc/src/external/ezxml'
cc -O3 -std=gnu90 -qopenmp -DSINGLE_PRECISION -D_MPI -DUNDERSCORE -DCORE_ATMOSPHERE -DMPAS_NAMELIST_SUFFIX=atmosphere -DMPAS_EXE_NAME=atmosphere_model -DMPAS_OPENMP -DSINGLE_PRECISION -DMPAS_NATIVE_TIMERS -DMPAS_GIT_VERSION=unknown -DMPAS_BUILD_TARGET= -DMPAS_SMIOL_SUPPORT -c ezxml.c -o ezxml.o
rm -f ESMF_FractionMod.o ESMF_FractionMod.mod
ftn -I/opt/cray/pe/netcdf/4.9.0.15/INTEL/2023.2/include -I/opt/cray/pe/parallel-netcdf/1.12.3.15/INTEL/2023.2/include -DSMIOL_PNETCDF -O3 -convert big_endian -FR -march=core-avx2 -mtune=core-avx2 -qopenmp -c smiolf.F90
ftn -D_MPI -DUNDERSCORE -DCORE_ATMOSPHERE -DMPAS_NAMELIST_SUFFIX=atmosphere -DMPAS_EXE_NAME=atmosphere_model -DMPAS_OPENMP -DSINGLE_PRECISION -DMPAS_NATIVE_TIMERS -DMPAS_GIT_VERSION=unknown -DMPAS_BUILD_TARGET= -DMPAS_SMIOL_SUPPORT -DHIDE_MPI -O3 -convert big_endian -FR -march=core-avx2 -mtune=core-avx2 -qopenmp -c ESMF_BaseMod.F90 -I/opt/cray/pe/netcdf/4.9.0.15/INTEL/2023.2/include -I/opt/cray/pe/parallel-netcdf/1.12.3.15/INTEL/2023.2/include -I/p/projetos/monan_atm/eduardo.eras/SandBox/scripts_CD-CT/sources/MONAN-Model_1.4.3-rc/src/external/SMIOL -I/opt/cray/pe/netcdf/4.9.0.15/INTEL/2023.2/include -I/opt/cray/pe/parallel-netcdf/1.12.3.15/INTEL/2023.2/include -I.
ftn -D_MPI -DUNDERSCORE -DCORE_ATMOSPHERE -DMPAS_NAMELIST_SUFFIX=atmosphere -DMPAS_EXE_NAME=atmosphere_model -DMPAS_OPENMP -DSINGLE_PRECISION -DMPAS_NATIVE_TIMERS -DMPAS_GIT_VERSION=unknown -DMPAS_BUILD_TARGET= -DMPAS_SMIOL_SUPPORT -DHIDE_MPI -O3 -convert big_endian -FR -march=core-avx2 -mtune=core-avx2 -qopenmp -c ESMF_FractionMod.F90 -I/opt/cray/pe/netcdf/4.9.0.15/INTEL/2023.2/include -I/opt/cray/pe/parallel-netcdf/1.12.3.15/INTEL/2023.2/include -I/p/projetos/monan_atm/eduardo.eras/SandBox/scripts_CD-CT/sources/MONAN-Model_1.4.3-rc/src/external/SMIOL -I/opt/cray/pe/netcdf/4.9.0.15/INTEL/2023.2/include -I/opt/cray/pe/parallel-netcdf/1.12.3.15/INTEL/2023.2/include -I.
rm -f wrf_error_fatal.o wrf_error_fatal.mod
rm -f wrf_message.o wrf_message.mod
ftn -D_MPI -DUNDERSCORE -DCORE_ATMOSPHERE -DMPAS_NAMELIST_SUFFIX=atmosphere -DMPAS_EXE_NAME=atmosphere_model -DMPAS_OPENMP -DSINGLE_PRECISION -DMPAS_NATIVE_TIMERS -DMPAS_GIT_VERSION=unknown -DMPAS_BUILD_TARGET= -DMPAS_SMIOL_SUPPORT -DHIDE_MPI -O3 -convert big_endian -FR -march=core-avx2 -mtune=core-avx2 -qopenmp -c wrf_error_fatal.F90 -I/opt/cray/pe/netcdf/4.9.0.15/INTEL/2023.2/include -I/opt/cray/pe/parallel-netcdf/1.12.3.15/INTEL/2023.2/include -I/p/projetos/monan_atm/eduardo.eras/SandBox/scripts_CD-CT/sources/MONAN-Model_1.4.3-rc/src/external/SMIOL -I/opt/cray/pe/netcdf/4.9.0.15/INTEL/2023.2/include -I/opt/cray/pe/parallel-netcdf/1.12.3.15/INTEL/2023.2/include -I.
ftn -D_MPI -DUNDERSCORE -DCORE_ATMOSPHERE -DMPAS_NAMELIST_SUFFIX=atmosphere -DMPAS_EXE_NAME=atmosphere_model -DMPAS_OPENMP -DSINGLE_PRECISION -DMPAS_NATIVE_TIMERS -DMPAS_GIT_VERSION=unknown -DMPAS_BUILD_TARGET= -DMPAS_SMIOL_SUPPORT -DHIDE_MPI -O3 -convert big_endian -FR -march=core-avx2 -mtune=core-avx2 -qopenmp -c wrf_message.F90 -I/opt/cray/pe/netcdf/4.9.0.15/INTEL/2023.2/include -I/opt/cray/pe/parallel-netcdf/1.12.3.15/INTEL/2023.2/include -I/p/projetos/monan_atm/eduardo.eras/SandBox/scripts_CD-CT/sources/MONAN-Model_1.4.3-rc/src/external/SMIOL -I/opt/cray/pe/netcdf/4.9.0.15/INTEL/2023.2/include -I/opt/cray/pe/parallel-netcdf/1.12.3.15/INTEL/2023.2/include -I.
ifx: command line warning #10121: overriding '-march=core-avx2' with '-march=core-avx2'
ifx: command line warning #10121: overriding '-march=core-avx2' with '-march=core-avx2'
ifx: command line warning #10121: overriding '-march=core-avx2' with '-march=core-avx2'
ifx: command line warning #10121: overriding '-march=core-avx2' with '-march=core-avx2'
ifx: command line warning #10121: overriding '-march=core-avx2' with '-march=core-avx2'
ezxml.c:371:26: warning: unsequenced modification and access to 's' [-Wunsequenced]
  371 |             while (*(n = ++s + strspn(s, EZXML_WS)) && *n != '>') {
      |                          ^            ~
ESMF_BaseMod.F90(672): warning #6843: A dummy argument with an explicit INTENT(OUT) declaration is not given an explicit value.   [TYPE]
      subroutine ESMF_AttributeGetbyNumber(anytype, number, name, type, value, rc)
------------------------------------------------------------------^
ESMF_BaseMod.F90(623): warning #6843: A dummy argument with an explicit INTENT(OUT) declaration is not given an explicit value.   [TYPE]
      subroutine ESMF_AttributeGet(anytype, name, type, value, rc)
--------------------------------------------------^
ESMF_BaseMod.F90(699): warning #6843: A dummy argument with an explicit INTENT(OUT) declaration is not given an explicit value.   [NAMELIST]
      subroutine ESMF_AttributeGetNameList(anytype, count, namelist, rc)
-----------------------------------------------------------^
ESMF_BaseMod.F90(672): warning #6843: A dummy argument with an explicit INTENT(OUT) declaration is not given an explicit value.   [VALUE]
      subroutine ESMF_AttributeGetbyNumber(anytype, number, name, type, value, rc)
------------------------------------------------------------------------^
ESMF_BaseMod.F90(623): warning #6843: A dummy argument with an explicit INTENT(OUT) declaration is not given an explicit value.   [VALUE]
      subroutine ESMF_AttributeGet(anytype, name, type, value, rc)
--------------------------------------------------------^
ESMF_BaseMod.F90(699): warning #6843: A dummy argument with an explicit INTENT(OUT) declaration is not given an explicit value.   [COUNT]
      subroutine ESMF_AttributeGetNameList(anytype, count, namelist, rc)
----------------------------------------------------^
ESMF_BaseMod.F90(648): warning #6843: A dummy argument with an explicit INTENT(OUT) declaration is not given an explicit value.   [COUNT]
      subroutine ESMF_AttributeGetCount(anytype, count, rc)
-------------------------------------------------^
ESMF_BaseMod.F90(802): warning #6843: A dummy argument with an explicit INTENT(OUT) declaration is not given an explicit value.   [VALUELIST]
      subroutine ESMF_AttributeGetObjectList(anytypelist, name, typelist, valuelist, rc)
--------------------------------------------------------------------------^
ESMF_BaseMod.F90(750): warning #6843: A dummy argument with an explicit INTENT(OUT) declaration is not given an explicit value.   [VALUELIST]
      subroutine ESMF_AttributeGetList(anytype, namelist, typelist, valuelist, rc)
--------------------------------------------------------------------^
ESMF_BaseMod.F90(802): warning #6843: A dummy argument with an explicit INTENT(OUT) declaration is not given an explicit value.   [TYPELIST]
      subroutine ESMF_AttributeGetObjectList(anytypelist, name, typelist, valuelist, rc)
----------------------------------------------------------------^
ESMF_BaseMod.F90(750): warning #6843: A dummy argument with an explicit INTENT(OUT) declaration is not given an explicit value.   [TYPELIST]
      subroutine ESMF_AttributeGetList(anytype, namelist, typelist, valuelist, rc)
----------------------------------------------------------^
rm -f ESMF_BaseTimeMod.o ESMF_BaseTimeMod.mod
rm -f MeatMod.o MeatMod.mod
ftn -D_MPI -DUNDERSCORE -DCORE_ATMOSPHERE -DMPAS_NAMELIST_SUFFIX=atmosphere -DMPAS_EXE_NAME=atmosphere_model -DMPAS_OPENMP -DSINGLE_PRECISION -DMPAS_NATIVE_TIMERS -DMPAS_GIT_VERSION=unknown -DMPAS_BUILD_TARGET= -DMPAS_SMIOL_SUPPORT -DHIDE_MPI -O3 -convert big_endian -FR -march=core-avx2 -mtune=core-avx2 -qopenmp -c ESMF_BaseTimeMod.F90 -I/opt/cray/pe/netcdf/4.9.0.15/INTEL/2023.2/include -I/opt/cray/pe/parallel-netcdf/1.12.3.15/INTEL/2023.2/include -I/p/projetos/monan_atm/eduardo.eras/SandBox/scripts_CD-CT/sources/MONAN-Model_1.4.3-rc/src/external/SMIOL -I/opt/cray/pe/netcdf/4.9.0.15/INTEL/2023.2/include -I/opt/cray/pe/parallel-netcdf/1.12.3.15/INTEL/2023.2/include -I.
ftn -D_MPI -DUNDERSCORE -DCORE_ATMOSPHERE -DMPAS_NAMELIST_SUFFIX=atmosphere -DMPAS_EXE_NAME=atmosphere_model -DMPAS_OPENMP -DSINGLE_PRECISION -DMPAS_NATIVE_TIMERS -DMPAS_GIT_VERSION=unknown -DMPAS_BUILD_TARGET= -DMPAS_SMIOL_SUPPORT -DHIDE_MPI -O3 -convert big_endian -FR -march=core-avx2 -mtune=core-avx2 -qopenmp -c MeatMod.F90 -I/opt/cray/pe/netcdf/4.9.0.15/INTEL/2023.2/include -I/opt/cray/pe/parallel-netcdf/1.12.3.15/INTEL/2023.2/include -I/p/projetos/monan_atm/eduardo.eras/SandBox/scripts_CD-CT/sources/MONAN-Model_1.4.3-rc/src/external/SMIOL -I/opt/cray/pe/netcdf/4.9.0.15/INTEL/2023.2/include -I/opt/cray/pe/parallel-netcdf/1.12.3.15/INTEL/2023.2/include -I.
ifx: command line warning #10121: overriding '-march=core-avx2' with '-march=core-avx2'
ifx: command line warning #10121: overriding '-march=core-avx2' with '-march=core-avx2'
ar -cr libsmiol.a smiol.o smiol_utils.o
rm -f ESMF_CalendarMod.o ESMF_CalendarMod.mod
ftn -D_MPI -DUNDERSCORE -DCORE_ATMOSPHERE -DMPAS_NAMELIST_SUFFIX=atmosphere -DMPAS_EXE_NAME=atmosphere_model -DMPAS_OPENMP -DSINGLE_PRECISION -DMPAS_NATIVE_TIMERS -DMPAS_GIT_VERSION=unknown -DMPAS_BUILD_TARGET= -DMPAS_SMIOL_SUPPORT -DHIDE_MPI -O3 -convert big_endian -FR -march=core-avx2 -mtune=core-avx2 -qopenmp -c ESMF_CalendarMod.F90 -I/opt/cray/pe/netcdf/4.9.0.15/INTEL/2023.2/include -I/opt/cray/pe/parallel-netcdf/1.12.3.15/INTEL/2023.2/include -I/p/projetos/monan_atm/eduardo.eras/SandBox/scripts_CD-CT/sources/MONAN-Model_1.4.3-rc/src/external/SMIOL -I/opt/cray/pe/netcdf/4.9.0.15/INTEL/2023.2/include -I/opt/cray/pe/parallel-netcdf/1.12.3.15/INTEL/2023.2/include -I.
ifx: command line warning #10121: overriding '-march=core-avx2' with '-march=core-avx2'
1 warning generated.
make[4]: Leaving directory '/p/projetos/monan_atm/eduardo.eras/SandBox/scripts_CD-CT/sources/MONAN-Model_1.4.3-rc/src/external/ezxml'
rm -f ESMF_ShrTimeMod.o ESMF_ShrTimeMod.mod
rm -f ESMF_Stubs.o ESMF_Stubs.mod
ftn -D_MPI -DUNDERSCORE -DCORE_ATMOSPHERE -DMPAS_NAMELIST_SUFFIX=atmosphere -DMPAS_EXE_NAME=atmosphere_model -DMPAS_OPENMP -DSINGLE_PRECISION -DMPAS_NATIVE_TIMERS -DMPAS_GIT_VERSION=unknown -DMPAS_BUILD_TARGET= -DMPAS_SMIOL_SUPPORT -DHIDE_MPI -O3 -convert big_endian -FR -march=core-avx2 -mtune=core-avx2 -qopenmp -c ESMF_ShrTimeMod.F90 -I/opt/cray/pe/netcdf/4.9.0.15/INTEL/2023.2/include -I/opt/cray/pe/parallel-netcdf/1.12.3.15/INTEL/2023.2/include -I/p/projetos/monan_atm/eduardo.eras/SandBox/scripts_CD-CT/sources/MONAN-Model_1.4.3-rc/src/external/SMIOL -I/opt/cray/pe/netcdf/4.9.0.15/INTEL/2023.2/include -I/opt/cray/pe/parallel-netcdf/1.12.3.15/INTEL/2023.2/include -I.
ftn -D_MPI -DUNDERSCORE -DCORE_ATMOSPHERE -DMPAS_NAMELIST_SUFFIX=atmosphere -DMPAS_EXE_NAME=atmosphere_model -DMPAS_OPENMP -DSINGLE_PRECISION -DMPAS_NATIVE_TIMERS -DMPAS_GIT_VERSION=unknown -DMPAS_BUILD_TARGET= -DMPAS_SMIOL_SUPPORT -DHIDE_MPI -O3 -convert big_endian -FR -march=core-avx2 -mtune=core-avx2 -qopenmp -c ESMF_Stubs.F90 -I/opt/cray/pe/netcdf/4.9.0.15/INTEL/2023.2/include -I/opt/cray/pe/parallel-netcdf/1.12.3.15/INTEL/2023.2/include -I/p/projetos/monan_atm/eduardo.eras/SandBox/scripts_CD-CT/sources/MONAN-Model_1.4.3-rc/src/external/SMIOL -I/opt/cray/pe/netcdf/4.9.0.15/INTEL/2023.2/include -I/opt/cray/pe/parallel-netcdf/1.12.3.15/INTEL/2023.2/include -I.
ifx: command line warning #10121: overriding '-march=core-avx2' with '-march=core-avx2'
ifx: command line warning #10121: overriding '-march=core-avx2' with '-march=core-avx2'
rm -f ESMF_TimeIntervalMod.o ESMF_TimeIntervalMod.mod
ftn -D_MPI -DUNDERSCORE -DCORE_ATMOSPHERE -DMPAS_NAMELIST_SUFFIX=atmosphere -DMPAS_EXE_NAME=atmosphere_model -DMPAS_OPENMP -DSINGLE_PRECISION -DMPAS_NATIVE_TIMERS -DMPAS_GIT_VERSION=unknown -DMPAS_BUILD_TARGET= -DMPAS_SMIOL_SUPPORT -DHIDE_MPI -O3 -convert big_endian -FR -march=core-avx2 -mtune=core-avx2 -qopenmp -c ESMF_TimeIntervalMod.F90 -I/opt/cray/pe/netcdf/4.9.0.15/INTEL/2023.2/include -I/opt/cray/pe/parallel-netcdf/1.12.3.15/INTEL/2023.2/include -I/p/projetos/monan_atm/eduardo.eras/SandBox/scripts_CD-CT/sources/MONAN-Model_1.4.3-rc/src/external/SMIOL -I/opt/cray/pe/netcdf/4.9.0.15/INTEL/2023.2/include -I/opt/cray/pe/parallel-netcdf/1.12.3.15/INTEL/2023.2/include -I.
ifx: command line warning #10121: overriding '-march=core-avx2' with '-march=core-avx2'
rm -f ESMF_TimeMod.o ESMF_TimeMod.mod
ftn -D_MPI -DUNDERSCORE -DCORE_ATMOSPHERE -DMPAS_NAMELIST_SUFFIX=atmosphere -DMPAS_EXE_NAME=atmosphere_model -DMPAS_OPENMP -DSINGLE_PRECISION -DMPAS_NATIVE_TIMERS -DMPAS_GIT_VERSION=unknown -DMPAS_BUILD_TARGET= -DMPAS_SMIOL_SUPPORT -DHIDE_MPI -O3 -convert big_endian -FR -march=core-avx2 -mtune=core-avx2 -qopenmp -c ESMF_TimeMod.F90 -I/opt/cray/pe/netcdf/4.9.0.15/INTEL/2023.2/include -I/opt/cray/pe/parallel-netcdf/1.12.3.15/INTEL/2023.2/include -I/p/projetos/monan_atm/eduardo.eras/SandBox/scripts_CD-CT/sources/MONAN-Model_1.4.3-rc/src/external/SMIOL -I/opt/cray/pe/netcdf/4.9.0.15/INTEL/2023.2/include -I/opt/cray/pe/parallel-netcdf/1.12.3.15/INTEL/2023.2/include -I.
ifx: command line warning #10121: overriding '-march=core-avx2' with '-march=core-avx2'
rm -f ESMF_AlarmMod.o ESMF_AlarmMod.mod
ftn -D_MPI -DUNDERSCORE -DCORE_ATMOSPHERE -DMPAS_NAMELIST_SUFFIX=atmosphere -DMPAS_EXE_NAME=atmosphere_model -DMPAS_OPENMP -DSINGLE_PRECISION -DMPAS_NATIVE_TIMERS -DMPAS_GIT_VERSION=unknown -DMPAS_BUILD_TARGET= -DMPAS_SMIOL_SUPPORT -DHIDE_MPI -O3 -convert big_endian -FR -march=core-avx2 -mtune=core-avx2 -qopenmp -c ESMF_AlarmMod.F90 -I/opt/cray/pe/netcdf/4.9.0.15/INTEL/2023.2/include -I/opt/cray/pe/parallel-netcdf/1.12.3.15/INTEL/2023.2/include -I/p/projetos/monan_atm/eduardo.eras/SandBox/scripts_CD-CT/sources/MONAN-Model_1.4.3-rc/src/external/SMIOL -I/opt/cray/pe/netcdf/4.9.0.15/INTEL/2023.2/include -I/opt/cray/pe/parallel-netcdf/1.12.3.15/INTEL/2023.2/include -I.
ifx: command line warning #10121: overriding '-march=core-avx2' with '-march=core-avx2'
ESMF_AlarmMod.F90(906): warning #6843: A dummy argument with an explicit INTENT(OUT) declaration is not given an explicit value.   [ID]
                            Enabled, ID, rc)
-------------------------------------^
ESMF_AlarmMod.F90(905): warning #6843: A dummy argument with an explicit INTENT(OUT) declaration is not given an explicit value.   [RINGING]
                            PrevRingTime, StopTime, Ringing, &
----------------------------------------------------^
ESMF_AlarmMod.F90(906): warning #6843: A dummy argument with an explicit INTENT(OUT) declaration is not given an explicit value.   [ENABLED]
                            Enabled, ID, rc)
----------------------------^
rm -f ESMF_ClockMod.o ESMF_ClockMod.mod
ftn -D_MPI -DUNDERSCORE -DCORE_ATMOSPHERE -DMPAS_NAMELIST_SUFFIX=atmosphere -DMPAS_EXE_NAME=atmosphere_model -DMPAS_OPENMP -DSINGLE_PRECISION -DMPAS_NATIVE_TIMERS -DMPAS_GIT_VERSION=unknown -DMPAS_BUILD_TARGET= -DMPAS_SMIOL_SUPPORT -DHIDE_MPI -O3 -convert big_endian -FR -march=core-avx2 -mtune=core-avx2 -qopenmp -c ESMF_ClockMod.F90 -I/opt/cray/pe/netcdf/4.9.0.15/INTEL/2023.2/include -I/opt/cray/pe/parallel-netcdf/1.12.3.15/INTEL/2023.2/include -I/p/projetos/monan_atm/eduardo.eras/SandBox/scripts_CD-CT/sources/MONAN-Model_1.4.3-rc/src/external/SMIOL -I/opt/cray/pe/netcdf/4.9.0.15/INTEL/2023.2/include -I/opt/cray/pe/parallel-netcdf/1.12.3.15/INTEL/2023.2/include -I.
ifx: command line warning #10121: overriding '-march=core-avx2' with '-march=core-avx2'
ESMF_ClockMod.F90(1119): warning #6843: A dummy argument with an explicit INTENT(OUT) declaration is not given an explicit value.   [ADVANCECOUNT]
                            RefTime, CurrTime, PrevTime, AdvanceCount, &
---------------------------------------------------------^
rm -f ESMF_AlarmClockMod.o ESMF_AlarmClockMod.mod
ftn -D_MPI -DUNDERSCORE -DCORE_ATMOSPHERE -DMPAS_NAMELIST_SUFFIX=atmosphere -DMPAS_EXE_NAME=atmosphere_model -DMPAS_OPENMP -DSINGLE_PRECISION -DMPAS_NATIVE_TIMERS -DMPAS_GIT_VERSION=unknown -DMPAS_BUILD_TARGET= -DMPAS_SMIOL_SUPPORT -DHIDE_MPI -O3 -convert big_endian -FR -march=core-avx2 -mtune=core-avx2 -qopenmp -c ESMF_AlarmClockMod.F90 -I/opt/cray/pe/netcdf/4.9.0.15/INTEL/2023.2/include -I/opt/cray/pe/parallel-netcdf/1.12.3.15/INTEL/2023.2/include -I/p/projetos/monan_atm/eduardo.eras/SandBox/scripts_CD-CT/sources/MONAN-Model_1.4.3-rc/src/external/SMIOL -I/opt/cray/pe/netcdf/4.9.0.15/INTEL/2023.2/include -I/opt/cray/pe/parallel-netcdf/1.12.3.15/INTEL/2023.2/include -I.
ifx: command line warning #10121: overriding '-march=core-avx2' with '-march=core-avx2'
rm -f ESMF.o ESMF.mod
ftn -D_MPI -DUNDERSCORE -DCORE_ATMOSPHERE -DMPAS_NAMELIST_SUFFIX=atmosphere -DMPAS_EXE_NAME=atmosphere_model -DMPAS_OPENMP -DSINGLE_PRECISION -DMPAS_NATIVE_TIMERS -DMPAS_GIT_VERSION=unknown -DMPAS_BUILD_TARGET= -DMPAS_SMIOL_SUPPORT -DHIDE_MPI -O3 -convert big_endian -FR -march=core-avx2 -mtune=core-avx2 -qopenmp -c ESMF.F90 -I/opt/cray/pe/netcdf/4.9.0.15/INTEL/2023.2/include -I/opt/cray/pe/parallel-netcdf/1.12.3.15/INTEL/2023.2/include -I/p/projetos/monan_atm/eduardo.eras/SandBox/scripts_CD-CT/sources/MONAN-Model_1.4.3-rc/src/external/SMIOL -I/opt/cray/pe/netcdf/4.9.0.15/INTEL/2023.2/include -I/opt/cray/pe/parallel-netcdf/1.12.3.15/INTEL/2023.2/include -I.
ifx: command line warning #10121: overriding '-march=core-avx2' with '-march=core-avx2'
ar -ru libesmf_time.a *.o
ar: creating libesmf_time.a
make[4]: Leaving directory '/p/projetos/monan_atm/eduardo.eras/SandBox/scripts_CD-CT/sources/MONAN-Model_1.4.3-rc/src/external/esmf_time_f90'
ar -cr libsmiolf.a smiolf.o
make[4]: Leaving directory '/p/projetos/monan_atm/eduardo.eras/SandBox/scripts_CD-CT/sources/MONAN-Model_1.4.3-rc/src/external/SMIOL'
make[3]: Leaving directory '/p/projetos/monan_atm/eduardo.eras/SandBox/scripts_CD-CT/sources/MONAN-Model_1.4.3-rc/src/external'
( cd framework; make CPPFLAGS="-D_MPI -DUNDERSCORE -DCORE_ATMOSPHERE -DMPAS_NAMELIST_SUFFIX=atmosphere -DMPAS_EXE_NAME=atmosphere_model -DMPAS_OPENMP -DSINGLE_PRECISION -DMPAS_NATIVE_TIMERS -DMPAS_GIT_VERSION=unknown -DMPAS_BUILD_TARGET= -DMPAS_SMIOL_SUPPORT" CPPINCLUDES="-I/opt/cray/pe/netcdf/4.9.0.15/INTEL/2023.2/include -I/opt/cray/pe/parallel-netcdf/1.12.3.15/INTEL/2023.2/include" all ) 
(cd tools; make CPPFLAGS="-D_MPI -DUNDERSCORE -DCORE_ATMOSPHERE -DMPAS_NAMELIST_SUFFIX=atmosphere -DMPAS_EXE_NAME=atmosphere_model -DMPAS_OPENMP -DSINGLE_PRECISION -DMPAS_NATIVE_TIMERS -DMPAS_GIT_VERSION=unknown -DMPAS_BUILD_TARGET= -DMPAS_SMIOL_SUPPORT" CC="cc" CFLAGS="-O3 -std=gnu90 -qopenmp -DSINGLE_PRECISION")
make[3]: Entering directory '/p/projetos/monan_atm/eduardo.eras/SandBox/scripts_CD-CT/sources/MONAN-Model_1.4.3-rc/src/framework'
make[3]: Entering directory '/p/projetos/monan_atm/eduardo.eras/SandBox/scripts_CD-CT/sources/MONAN-Model_1.4.3-rc/src/tools'
( make build_registry CPPFLAGS="-D_MPI -DUNDERSCORE -DCORE_ATMOSPHERE -DMPAS_NAMELIST_SUFFIX=atmosphere -DMPAS_EXE_NAME=atmosphere_model -DMPAS_OPENMP -DSINGLE_PRECISION -DMPAS_NATIVE_TIMERS -DMPAS_GIT_VERSION=unknown -DMPAS_BUILD_TARGET= -DMPAS_SMIOL_SUPPORT" CC="cc" CFLAGS="-O3 -std=gnu90 -qopenmp -DSINGLE_PRECISION" )
make[4]: Entering directory '/p/projetos/monan_atm/eduardo.eras/SandBox/scripts_CD-CT/sources/MONAN-Model_1.4.3-rc/src/tools'
*** Building MPAS tools from source ***
(cd registry; make CPPFLAGS="-D_MPI -DUNDERSCORE -DCORE_ATMOSPHERE -DMPAS_NAMELIST_SUFFIX=atmosphere -DMPAS_EXE_NAME=atmosphere_model -DMPAS_OPENMP -DSINGLE_PRECISION -DMPAS_NATIVE_TIMERS -DMPAS_GIT_VERSION=unknown -DMPAS_BUILD_TARGET= -DMPAS_SMIOL_SUPPORT" CC="cc" CFLAGS="-O3 -std=gnu90 -qopenmp -DSINGLE_PRECISION")
make[5]: Entering directory '/p/projetos/monan_atm/eduardo.eras/SandBox/scripts_CD-CT/sources/MONAN-Model_1.4.3-rc/src/tools/registry'
(cd ../../external/ezxml; make CFLAGS="-O3 -std=gnu90 -qopenmp -DSINGLE_PRECISION " OBJFILE="ezxml_tools.o")
rm -f mpas_kind_types.o mpas_kind_types.mod
make[6]: Entering directory '/p/projetos/monan_atm/eduardo.eras/SandBox/scripts_CD-CT/sources/MONAN-Model_1.4.3-rc/src/external/ezxml'
cc -O3 -std=gnu90 -qopenmp -DSINGLE_PRECISION  -D_MPI -DUNDERSCORE -DCORE_ATMOSPHERE -DMPAS_NAMELIST_SUFFIX=atmosphere -DMPAS_EXE_NAME=atmosphere_model -DMPAS_OPENMP -DSINGLE_PRECISION -DMPAS_NATIVE_TIMERS -DMPAS_GIT_VERSION=unknown -DMPAS_BUILD_TARGET= -DMPAS_SMIOL_SUPPORT -c ezxml.c -o ezxml_tools.o
ftn -D_MPI -DUNDERSCORE -DCORE_ATMOSPHERE -DMPAS_NAMELIST_SUFFIX=atmosphere -DMPAS_EXE_NAME=atmosphere_model -DMPAS_OPENMP -DSINGLE_PRECISION -DMPAS_NATIVE_TIMERS -DMPAS_GIT_VERSION=unknown -DMPAS_BUILD_TARGET= -DMPAS_SMIOL_SUPPORT -O3 -convert big_endian -FR -march=core-avx2 -mtune=core-avx2 -qopenmp -c mpas_kind_types.F -I/opt/cray/pe/netcdf/4.9.0.15/INTEL/2023.2/include -I/opt/cray/pe/parallel-netcdf/1.12.3.15/INTEL/2023.2/include -I/p/projetos/monan_atm/eduardo.eras/SandBox/scripts_CD-CT/sources/MONAN-Model_1.4.3-rc/src/external/SMIOL -I/opt/cray/pe/netcdf/4.9.0.15/INTEL/2023.2/include -I/opt/cray/pe/parallel-netcdf/1.12.3.15/INTEL/2023.2/include -I../external/esmf_time_f90
rm -f mpas_c_interfacing.o mpas_c_interfacing.mod
rm -f mpas_string_utils.o mpas_string_utils.mod
ftn -D_MPI -DUNDERSCORE -DCORE_ATMOSPHERE -DMPAS_NAMELIST_SUFFIX=atmosphere -DMPAS_EXE_NAME=atmosphere_model -DMPAS_OPENMP -DSINGLE_PRECISION -DMPAS_NATIVE_TIMERS -DMPAS_GIT_VERSION=unknown -DMPAS_BUILD_TARGET= -DMPAS_SMIOL_SUPPORT -O3 -convert big_endian -FR -march=core-avx2 -mtune=core-avx2 -qopenmp -c mpas_c_interfacing.F -I/opt/cray/pe/netcdf/4.9.0.15/INTEL/2023.2/include -I/opt/cray/pe/parallel-netcdf/1.12.3.15/INTEL/2023.2/include -I/p/projetos/monan_atm/eduardo.eras/SandBox/scripts_CD-CT/sources/MONAN-Model_1.4.3-rc/src/external/SMIOL -I/opt/cray/pe/netcdf/4.9.0.15/INTEL/2023.2/include -I/opt/cray/pe/parallel-netcdf/1.12.3.15/INTEL/2023.2/include -I../external/esmf_time_f90
ftn -D_MPI -DUNDERSCORE -DCORE_ATMOSPHERE -DMPAS_NAMELIST_SUFFIX=atmosphere -DMPAS_EXE_NAME=atmosphere_model -DMPAS_OPENMP -DSINGLE_PRECISION -DMPAS_NATIVE_TIMERS -DMPAS_GIT_VERSION=unknown -DMPAS_BUILD_TARGET= -DMPAS_SMIOL_SUPPORT -O3 -convert big_endian -FR -march=core-avx2 -mtune=core-avx2 -qopenmp -c mpas_string_utils.F -I/opt/cray/pe/netcdf/4.9.0.15/INTEL/2023.2/include -I/opt/cray/pe/parallel-netcdf/1.12.3.15/INTEL/2023.2/include -I/p/projetos/monan_atm/eduardo.eras/SandBox/scripts_CD-CT/sources/MONAN-Model_1.4.3-rc/src/external/SMIOL -I/opt/cray/pe/netcdf/4.9.0.15/INTEL/2023.2/include -I/opt/cray/pe/parallel-netcdf/1.12.3.15/INTEL/2023.2/include -I../external/esmf_time_f90
cc -O3 -std=gnu90 -qopenmp -DSINGLE_PRECISION -D_MPI -DUNDERSCORE -DCORE_ATMOSPHERE -DMPAS_NAMELIST_SUFFIX=atmosphere -DMPAS_EXE_NAME=atmosphere_model -DMPAS_OPENMP -DSINGLE_PRECISION -DMPAS_NATIVE_TIMERS -DMPAS_GIT_VERSION=unknown -DMPAS_BUILD_TARGET= -DMPAS_SMIOL_SUPPORT -I/opt/cray/pe/netcdf/4.9.0.15/INTEL/2023.2/include -I/opt/cray/pe/parallel-netcdf/1.12.3.15/INTEL/2023.2/include -I../external/ezxml -c regex_matching.c
cc -O3 -std=gnu90 -qopenmp -DSINGLE_PRECISION -D_MPI -DUNDERSCORE -DCORE_ATMOSPHERE -DMPAS_NAMELIST_SUFFIX=atmosphere -DMPAS_EXE_NAME=atmosphere_model -DMPAS_OPENMP -DSINGLE_PRECISION -DMPAS_NATIVE_TIMERS -DMPAS_GIT_VERSION=unknown -DMPAS_BUILD_TARGET= -DMPAS_SMIOL_SUPPORT -I/opt/cray/pe/netcdf/4.9.0.15/INTEL/2023.2/include -I/opt/cray/pe/parallel-netcdf/1.12.3.15/INTEL/2023.2/include -I../external/ezxml -c random_id.c
cc -O3 -std=gnu90 -qopenmp -DSINGLE_PRECISION -D_MPI -DUNDERSCORE -DCORE_ATMOSPHERE -DMPAS_NAMELIST_SUFFIX=atmosphere -DMPAS_EXE_NAME=atmosphere_model -DMPAS_OPENMP -DSINGLE_PRECISION -DMPAS_NATIVE_TIMERS -DMPAS_GIT_VERSION=unknown -DMPAS_BUILD_TARGET= -DMPAS_SMIOL_SUPPORT -I/opt/cray/pe/netcdf/4.9.0.15/INTEL/2023.2/include -I/opt/cray/pe/parallel-netcdf/1.12.3.15/INTEL/2023.2/include -I../external/ezxml -c pool_hash.c
cc -O3 -std=gnu90 -qopenmp -DSINGLE_PRECISION -D_MPI -DUNDERSCORE -DCORE_ATMOSPHERE -DMPAS_NAMELIST_SUFFIX=atmosphere -DMPAS_EXE_NAME=atmosphere_model -DMPAS_OPENMP -DSINGLE_PRECISION -DMPAS_NATIVE_TIMERS -DMPAS_GIT_VERSION=unknown -DMPAS_BUILD_TARGET= -DMPAS_SMIOL_SUPPORT -I/opt/cray/pe/netcdf/4.9.0.15/INTEL/2023.2/include -I/opt/cray/pe/parallel-netcdf/1.12.3.15/INTEL/2023.2/include -I../external/ezxml -c xml_stream_parser.c
ifx: command line warning #10121: overriding '-march=core-avx2' with '-march=core-avx2'
ifx: command line warning #10121: overriding '-march=core-avx2' with '-march=core-avx2'
ifx: command line warning #10121: overriding '-march=core-avx2' with '-march=core-avx2'
ezxml.c:371:26: warning: unsequenced modification and access to 's' [-Wunsequenced]
  371 |             while (*(n = ++s + strspn(s, EZXML_WS)) && *n != '>') {
      |                          ^            ~
cc -O3 -std=gnu90 -qopenmp -DSINGLE_PRECISION -D_MPI -DUNDERSCORE -DCORE_ATMOSPHERE -DMPAS_NAMELIST_SUFFIX=atmosphere -DMPAS_EXE_NAME=atmosphere_model -DMPAS_OPENMP -DSINGLE_PRECISION -DMPAS_NATIVE_TIMERS -DMPAS_GIT_VERSION=unknown -DMPAS_BUILD_TARGET= -DMPAS_SMIOL_SUPPORT -I/opt/cray/pe/netcdf/4.9.0.15/INTEL/2023.2/include -I/opt/cray/pe/parallel-netcdf/1.12.3.15/INTEL/2023.2/include -I../external/ezxml -c stream_inquiry.c
rm -f mpas_constants.o mpas_constants.mod
ftn -D_MPI -DUNDERSCORE -DCORE_ATMOSPHERE -DMPAS_NAMELIST_SUFFIX=atmosphere -DMPAS_EXE_NAME=atmosphere_model -DMPAS_OPENMP -DSINGLE_PRECISION -DMPAS_NATIVE_TIMERS -DMPAS_GIT_VERSION=unknown -DMPAS_BUILD_TARGET= -DMPAS_SMIOL_SUPPORT -O3 -convert big_endian -FR -march=core-avx2 -mtune=core-avx2 -qopenmp -c mpas_constants.F -I/opt/cray/pe/netcdf/4.9.0.15/INTEL/2023.2/include -I/opt/cray/pe/parallel-netcdf/1.12.3.15/INTEL/2023.2/include -I/p/projetos/monan_atm/eduardo.eras/SandBox/scripts_CD-CT/sources/MONAN-Model_1.4.3-rc/src/external/SMIOL -I/opt/cray/pe/netcdf/4.9.0.15/INTEL/2023.2/include -I/opt/cray/pe/parallel-netcdf/1.12.3.15/INTEL/2023.2/include -I../external/esmf_time_f90
rm -f mpas_io_units.o mpas_io_units.mod
ftn -D_MPI -DUNDERSCORE -DCORE_ATMOSPHERE -DMPAS_NAMELIST_SUFFIX=atmosphere -DMPAS_EXE_NAME=atmosphere_model -DMPAS_OPENMP -DSINGLE_PRECISION -DMPAS_NATIVE_TIMERS -DMPAS_GIT_VERSION=unknown -DMPAS_BUILD_TARGET= -DMPAS_SMIOL_SUPPORT -O3 -convert big_endian -FR -march=core-avx2 -mtune=core-avx2 -qopenmp -c mpas_io_units.F -I/opt/cray/pe/netcdf/4.9.0.15/INTEL/2023.2/include -I/opt/cray/pe/parallel-netcdf/1.12.3.15/INTEL/2023.2/include -I/p/projetos/monan_atm/eduardo.eras/SandBox/scripts_CD-CT/sources/MONAN-Model_1.4.3-rc/src/external/SMIOL -I/opt/cray/pe/netcdf/4.9.0.15/INTEL/2023.2/include -I/opt/cray/pe/parallel-netcdf/1.12.3.15/INTEL/2023.2/include -I../external/esmf_time_f90
rm -f mpas_threading.o mpas_threading.mod
ftn -D_MPI -DUNDERSCORE -DCORE_ATMOSPHERE -DMPAS_NAMELIST_SUFFIX=atmosphere -DMPAS_EXE_NAME=atmosphere_model -DMPAS_OPENMP -DSINGLE_PRECISION -DMPAS_NATIVE_TIMERS -DMPAS_GIT_VERSION=unknown -DMPAS_BUILD_TARGET= -DMPAS_SMIOL_SUPPORT -O3 -convert big_endian -FR -march=core-avx2 -mtune=core-avx2 -qopenmp -c mpas_threading.F -I/opt/cray/pe/netcdf/4.9.0.15/INTEL/2023.2/include -I/opt/cray/pe/parallel-netcdf/1.12.3.15/INTEL/2023.2/include -I/p/projetos/monan_atm/eduardo.eras/SandBox/scripts_CD-CT/sources/MONAN-Model_1.4.3-rc/src/external/SMIOL -I/opt/cray/pe/netcdf/4.9.0.15/INTEL/2023.2/include -I/opt/cray/pe/parallel-netcdf/1.12.3.15/INTEL/2023.2/include -I../external/esmf_time_f90
ifx: command line warning #10121: overriding '-march=core-avx2' with '-march=core-avx2'
ifx: command line warning #10121: overriding '-march=core-avx2' with '-march=core-avx2'
ifx: command line warning #10121: overriding '-march=core-avx2' with '-march=core-avx2'
rm -f mpas_derived_types.o mpas_derived_types.mod
ftn -D_MPI -DUNDERSCORE -DCORE_ATMOSPHERE -DMPAS_NAMELIST_SUFFIX=atmosphere -DMPAS_EXE_NAME=atmosphere_model -DMPAS_OPENMP -DSINGLE_PRECISION -DMPAS_NATIVE_TIMERS -DMPAS_GIT_VERSION=unknown -DMPAS_BUILD_TARGET= -DMPAS_SMIOL_SUPPORT -O3 -convert big_endian -FR -march=core-avx2 -mtune=core-avx2 -qopenmp -c mpas_derived_types.F -I/opt/cray/pe/netcdf/4.9.0.15/INTEL/2023.2/include -I/opt/cray/pe/parallel-netcdf/1.12.3.15/INTEL/2023.2/include -I/p/projetos/monan_atm/eduardo.eras/SandBox/scripts_CD-CT/sources/MONAN-Model_1.4.3-rc/src/external/SMIOL -I/opt/cray/pe/netcdf/4.9.0.15/INTEL/2023.2/include -I/opt/cray/pe/parallel-netcdf/1.12.3.15/INTEL/2023.2/include -I../external/esmf_time_f90
ifx: command line warning #10121: overriding '-march=core-avx2' with '-march=core-avx2'
rm -f mpas_abort.o mpas_abort.mod
ftn -D_MPI -DUNDERSCORE -DCORE_ATMOSPHERE -DMPAS_NAMELIST_SUFFIX=atmosphere -DMPAS_EXE_NAME=atmosphere_model -DMPAS_OPENMP -DSINGLE_PRECISION -DMPAS_NATIVE_TIMERS -DMPAS_GIT_VERSION=unknown -DMPAS_BUILD_TARGET= -DMPAS_SMIOL_SUPPORT -O3 -convert big_endian -FR -march=core-avx2 -mtune=core-avx2 -qopenmp -c mpas_abort.F -I/opt/cray/pe/netcdf/4.9.0.15/INTEL/2023.2/include -I/opt/cray/pe/parallel-netcdf/1.12.3.15/INTEL/2023.2/include -I/p/projetos/monan_atm/eduardo.eras/SandBox/scripts_CD-CT/sources/MONAN-Model_1.4.3-rc/src/external/SMIOL -I/opt/cray/pe/netcdf/4.9.0.15/INTEL/2023.2/include -I/opt/cray/pe/parallel-netcdf/1.12.3.15/INTEL/2023.2/include -I../external/esmf_time_f90
ifx: command line warning #10121: overriding '-march=core-avx2' with '-march=core-avx2'
rm -f mpas_hash.o mpas_hash.mod
rm -f mpas_attlist.o mpas_attlist.mod
ftn -D_MPI -DUNDERSCORE -DCORE_ATMOSPHERE -DMPAS_NAMELIST_SUFFIX=atmosphere -DMPAS_EXE_NAME=atmosphere_model -DMPAS_OPENMP -DSINGLE_PRECISION -DMPAS_NATIVE_TIMERS -DMPAS_GIT_VERSION=unknown -DMPAS_BUILD_TARGET= -DMPAS_SMIOL_SUPPORT -O3 -convert big_endian -FR -march=core-avx2 -mtune=core-avx2 -qopenmp -c mpas_hash.F -I/opt/cray/pe/netcdf/4.9.0.15/INTEL/2023.2/include -I/opt/cray/pe/parallel-netcdf/1.12.3.15/INTEL/2023.2/include -I/p/projetos/monan_atm/eduardo.eras/SandBox/scripts_CD-CT/sources/MONAN-Model_1.4.3-rc/src/external/SMIOL -I/opt/cray/pe/netcdf/4.9.0.15/INTEL/2023.2/include -I/opt/cray/pe/parallel-netcdf/1.12.3.15/INTEL/2023.2/include -I../external/esmf_time_f90
ftn -D_MPI -DUNDERSCORE -DCORE_ATMOSPHERE -DMPAS_NAMELIST_SUFFIX=atmosphere -DMPAS_EXE_NAME=atmosphere_model -DMPAS_OPENMP -DSINGLE_PRECISION -DMPAS_NATIVE_TIMERS -DMPAS_GIT_VERSION=unknown -DMPAS_BUILD_TARGET= -DMPAS_SMIOL_SUPPORT -O3 -convert big_endian -FR -march=core-avx2 -mtune=core-avx2 -qopenmp -c mpas_attlist.F -I/opt/cray/pe/netcdf/4.9.0.15/INTEL/2023.2/include -I/opt/cray/pe/parallel-netcdf/1.12.3.15/INTEL/2023.2/include -I/p/projetos/monan_atm/eduardo.eras/SandBox/scripts_CD-CT/sources/MONAN-Model_1.4.3-rc/src/external/SMIOL -I/opt/cray/pe/netcdf/4.9.0.15/INTEL/2023.2/include -I/opt/cray/pe/parallel-netcdf/1.12.3.15/INTEL/2023.2/include -I../external/esmf_time_f90
rm -f mpas_log.o mpas_log.mod
ftn -D_MPI -DUNDERSCORE -DCORE_ATMOSPHERE -DMPAS_NAMELIST_SUFFIX=atmosphere -DMPAS_EXE_NAME=atmosphere_model -DMPAS_OPENMP -DSINGLE_PRECISION -DMPAS_NATIVE_TIMERS -DMPAS_GIT_VERSION=unknown -DMPAS_BUILD_TARGET= -DMPAS_SMIOL_SUPPORT -O3 -convert big_endian -FR -march=core-avx2 -mtune=core-avx2 -qopenmp -c mpas_log.F -I/opt/cray/pe/netcdf/4.9.0.15/INTEL/2023.2/include -I/opt/cray/pe/parallel-netcdf/1.12.3.15/INTEL/2023.2/include -I/p/projetos/monan_atm/eduardo.eras/SandBox/scripts_CD-CT/sources/MONAN-Model_1.4.3-rc/src/external/SMIOL -I/opt/cray/pe/netcdf/4.9.0.15/INTEL/2023.2/include -I/opt/cray/pe/parallel-netcdf/1.12.3.15/INTEL/2023.2/include -I../external/esmf_time_f90
ifx: command line warning #10121: overriding '-march=core-avx2' with '-march=core-avx2'
ifx: command line warning #10121: overriding '-march=core-avx2' with '-march=core-avx2'
ifx: command line warning #10121: overriding '-march=core-avx2' with '-march=core-avx2'
1 warning generated.
make[6]: Leaving directory '/p/projetos/monan_atm/eduardo.eras/SandBox/scripts_CD-CT/sources/MONAN-Model_1.4.3-rc/src/external/ezxml'
#(make ezxml CPPFLAGS="-D_MPI -DUNDERSCORE -DCORE_ATMOSPHERE -DMPAS_NAMELIST_SUFFIX=atmosphere -DMPAS_EXE_NAME=atmosphere_model -DMPAS_OPENMP -DSINGLE_PRECISION -DMPAS_NATIVE_TIMERS -DMPAS_GIT_VERSION=unknown -DMPAS_BUILD_TARGET= -DMPAS_SMIOL_SUPPORT" CPPINCLUDES="-I/opt/cray/pe/netcdf/4.9.0.15/INTEL/2023.2/include -I/opt/cray/pe/parallel-netcdf/1.12.3.15/INTEL/2023.2/include")
(make parse CPPFLAGS="-D_MPI -DUNDERSCORE -DCORE_ATMOSPHERE -DMPAS_NAMELIST_SUFFIX=atmosphere -DMPAS_EXE_NAME=atmosphere_model -DMPAS_OPENMP -DSINGLE_PRECISION -DMPAS_NATIVE_TIMERS -DMPAS_GIT_VERSION=unknown -DMPAS_BUILD_TARGET= -DMPAS_SMIOL_SUPPORT" CPPINCLUDES="-I/opt/cray/pe/netcdf/4.9.0.15/INTEL/2023.2/include -I/opt/cray/pe/parallel-netcdf/1.12.3.15/INTEL/2023.2/include")
make[6]: Entering directory '/p/projetos/monan_atm/eduardo.eras/SandBox/scripts_CD-CT/sources/MONAN-Model_1.4.3-rc/src/tools/registry'
cc  -O3 -std=gnu90 -qopenmp -DSINGLE_PRECISION -D_MPI -DUNDERSCORE -DCORE_ATMOSPHERE -DMPAS_NAMELIST_SUFFIX=atmosphere -DMPAS_EXE_NAME=atmosphere_model -DMPAS_OPENMP -DSINGLE_PRECISION -DMPAS_NATIVE_TIMERS -DMPAS_GIT_VERSION=unknown -DMPAS_BUILD_TARGET= -DMPAS_SMIOL_SUPPORT -I../../external/ezxml -c parse.c
cc  -O3 -std=gnu90 -qopenmp -DSINGLE_PRECISION -D_MPI -DUNDERSCORE -DCORE_ATMOSPHERE -DMPAS_NAMELIST_SUFFIX=atmosphere -DMPAS_EXE_NAME=atmosphere_model -DMPAS_OPENMP -DSINGLE_PRECISION -DMPAS_NATIVE_TIMERS -DMPAS_GIT_VERSION=unknown -DMPAS_BUILD_TARGET= -DMPAS_SMIOL_SUPPORT -I../../external/ezxml -c dictionary.c
cc  -O3 -std=gnu90 -qopenmp -DSINGLE_PRECISION -D_MPI -DUNDERSCORE -DCORE_ATMOSPHERE -DMPAS_NAMELIST_SUFFIX=atmosphere -DMPAS_EXE_NAME=atmosphere_model -DMPAS_OPENMP -DSINGLE_PRECISION -DMPAS_NATIVE_TIMERS -DMPAS_GIT_VERSION=unknown -DMPAS_BUILD_TARGET= -DMPAS_SMIOL_SUPPORT -I../../external/ezxml -c gen_inc.c
cc  -O3 -std=gnu90 -qopenmp -DSINGLE_PRECISION -D_MPI -DUNDERSCORE -DCORE_ATMOSPHERE -DMPAS_NAMELIST_SUFFIX=atmosphere -DMPAS_EXE_NAME=atmosphere_model -DMPAS_OPENMP -DSINGLE_PRECISION -DMPAS_NATIVE_TIMERS -DMPAS_GIT_VERSION=unknown -DMPAS_BUILD_TARGET= -DMPAS_SMIOL_SUPPORT -I../../external/ezxml -c fortprintf.c
cc  -O3 -std=gnu90 -qopenmp -DSINGLE_PRECISION -D_MPI -DUNDERSCORE -DCORE_ATMOSPHERE -DMPAS_NAMELIST_SUFFIX=atmosphere -DMPAS_EXE_NAME=atmosphere_model -DMPAS_OPENMP -DSINGLE_PRECISION -DMPAS_NATIVE_TIMERS -DMPAS_GIT_VERSION=unknown -DMPAS_BUILD_TARGET= -DMPAS_SMIOL_SUPPORT -I../../external/ezxml -c utility.c
rm -f mpas_field_routines.o mpas_field_routines.mod
ftn -D_MPI -DUNDERSCORE -DCORE_ATMOSPHERE -DMPAS_NAMELIST_SUFFIX=atmosphere -DMPAS_EXE_NAME=atmosphere_model -DMPAS_OPENMP -DSINGLE_PRECISION -DMPAS_NATIVE_TIMERS -DMPAS_GIT_VERSION=unknown -DMPAS_BUILD_TARGET= -DMPAS_SMIOL_SUPPORT -O3 -convert big_endian -FR -march=core-avx2 -mtune=core-avx2 -qopenmp -c mpas_field_routines.F -I/opt/cray/pe/netcdf/4.9.0.15/INTEL/2023.2/include -I/opt/cray/pe/parallel-netcdf/1.12.3.15/INTEL/2023.2/include -I/p/projetos/monan_atm/eduardo.eras/SandBox/scripts_CD-CT/sources/MONAN-Model_1.4.3-rc/src/external/SMIOL -I/opt/cray/pe/netcdf/4.9.0.15/INTEL/2023.2/include -I/opt/cray/pe/parallel-netcdf/1.12.3.15/INTEL/2023.2/include -I../external/esmf_time_f90
ifx: command line warning #10121: overriding '-march=core-avx2' with '-march=core-avx2'
gen_inc.c:2362:79: warning: expression result unused [-Wunused-value]
 2362 |                 for(childStream1 = ezxml_child(streamsBlock->next, "stream"); childStream1; childStream1){
      |                                                                                             ^~~~~~~~~~~~
gen_inc.c:2403:67: warning: expression result unused [-Wunused-value]
 2403 |                                         for(old_child = ezxml_child(childStream2, "var"); old_child; old_child){
      |                                                                                                      ^~~~~~~~~
gen_inc.c:2414:73: warning: expression result unused [-Wunused-value]
 2414 |                                         for(old_child = ezxml_child(childStream2, "var_array"); old_child; old_child){
      |                                                                                                            ^~~~~~~~~
gen_inc.c:2425:74: warning: expression result unused [-Wunused-value]
 2425 |                                         for(old_child = ezxml_child(childStream2, "var_struct"); old_child; old_child){
      |                                                                                                             ^~~~~~~~~
gen_inc.c:2436:70: warning: expression result unused [-Wunused-value]
 2436 |                                         for(old_child = ezxml_child(childStream2, "stream"); old_child; old_child){
      |                                                                                                         ^~~~~~~~~
rm -f mpas_sort.o mpas_sort.mod
rm -f mpas_stream_inquiry.o mpas_stream_inquiry.mod
ftn -D_MPI -DUNDERSCORE -DCORE_ATMOSPHERE -DMPAS_NAMELIST_SUFFIX=atmosphere -DMPAS_EXE_NAME=atmosphere_model -DMPAS_OPENMP -DSINGLE_PRECISION -DMPAS_NATIVE_TIMERS -DMPAS_GIT_VERSION=unknown -DMPAS_BUILD_TARGET= -DMPAS_SMIOL_SUPPORT -O3 -convert big_endian -FR -march=core-avx2 -mtune=core-avx2 -qopenmp -c mpas_sort.F -I/opt/cray/pe/netcdf/4.9.0.15/INTEL/2023.2/include -I/opt/cray/pe/parallel-netcdf/1.12.3.15/INTEL/2023.2/include -I/p/projetos/monan_atm/eduardo.eras/SandBox/scripts_CD-CT/sources/MONAN-Model_1.4.3-rc/src/external/SMIOL -I/opt/cray/pe/netcdf/4.9.0.15/INTEL/2023.2/include -I/opt/cray/pe/parallel-netcdf/1.12.3.15/INTEL/2023.2/include -I../external/esmf_time_f90
ftn -D_MPI -DUNDERSCORE -DCORE_ATMOSPHERE -DMPAS_NAMELIST_SUFFIX=atmosphere -DMPAS_EXE_NAME=atmosphere_model -DMPAS_OPENMP -DSINGLE_PRECISION -DMPAS_NATIVE_TIMERS -DMPAS_GIT_VERSION=unknown -DMPAS_BUILD_TARGET= -DMPAS_SMIOL_SUPPORT -O3 -convert big_endian -FR -march=core-avx2 -mtune=core-avx2 -qopenmp -c mpas_stream_inquiry.F -I/opt/cray/pe/netcdf/4.9.0.15/INTEL/2023.2/include -I/opt/cray/pe/parallel-netcdf/1.12.3.15/INTEL/2023.2/include -I/p/projetos/monan_atm/eduardo.eras/SandBox/scripts_CD-CT/sources/MONAN-Model_1.4.3-rc/src/external/SMIOL -I/opt/cray/pe/netcdf/4.9.0.15/INTEL/2023.2/include -I/opt/cray/pe/parallel-netcdf/1.12.3.15/INTEL/2023.2/include -I../external/esmf_time_f90
ifx: command line warning #10121: overriding '-march=core-avx2' with '-march=core-avx2'
ifx: command line warning #10121: overriding '-march=core-avx2' with '-march=core-avx2'
5 warnings generated.
cc -D_MPI -DUNDERSCORE -DCORE_ATMOSPHERE -DMPAS_NAMELIST_SUFFIX=atmosphere -DMPAS_EXE_NAME=atmosphere_model -DMPAS_OPENMP -DSINGLE_PRECISION -DMPAS_NATIVE_TIMERS -DMPAS_GIT_VERSION=unknown -DMPAS_BUILD_TARGET= -DMPAS_SMIOL_SUPPORT -O3 -std=gnu90 -qopenmp -DSINGLE_PRECISION ../../external/ezxml/ezxml_tools.o -I../../external/ezxml -o parse parse.o dictionary.o gen_inc.o fortprintf.o utility.o
make[6]: Leaving directory '/p/projetos/monan_atm/eduardo.eras/SandBox/scripts_CD-CT/sources/MONAN-Model_1.4.3-rc/src/tools/registry'
make[5]: Leaving directory '/p/projetos/monan_atm/eduardo.eras/SandBox/scripts_CD-CT/sources/MONAN-Model_1.4.3-rc/src/tools/registry'
make[4]: Leaving directory '/p/projetos/monan_atm/eduardo.eras/SandBox/scripts_CD-CT/sources/MONAN-Model_1.4.3-rc/src/tools'
( make build_input_gen CPPFLAGS="-D_MPI -DUNDERSCORE -DCORE_ATMOSPHERE -DMPAS_NAMELIST_SUFFIX=atmosphere -DMPAS_EXE_NAME=atmosphere_model -DMPAS_OPENMP -DSINGLE_PRECISION -DMPAS_NATIVE_TIMERS -DMPAS_GIT_VERSION=unknown -DMPAS_BUILD_TARGET= -DMPAS_SMIOL_SUPPORT" CC="cc" CFLAGS="-O3 -std=gnu90 -qopenmp -DSINGLE_PRECISION" )
make[4]: Entering directory '/p/projetos/monan_atm/eduardo.eras/SandBox/scripts_CD-CT/sources/MONAN-Model_1.4.3-rc/src/tools'
*** Building MPAS tools from source ***
(cd input_gen; make CPPFLAGS="-D_MPI -DUNDERSCORE -DCORE_ATMOSPHERE -DMPAS_NAMELIST_SUFFIX=atmosphere -DMPAS_EXE_NAME=atmosphere_model -DMPAS_OPENMP -DSINGLE_PRECISION -DMPAS_NATIVE_TIMERS -DMPAS_GIT_VERSION=unknown -DMPAS_BUILD_TARGET= -DMPAS_SMIOL_SUPPORT" CC="cc" CFLAGS="-O3 -std=gnu90 -qopenmp -DSINGLE_PRECISION")
make[5]: Entering directory '/p/projetos/monan_atm/eduardo.eras/SandBox/scripts_CD-CT/sources/MONAN-Model_1.4.3-rc/src/tools/input_gen'
(cd ../../external/ezxml; make CFLAGS="-O3 -std=gnu90 -qopenmp -DSINGLE_PRECISION " OBJFILE="ezxml_tools.o")
make[6]: Entering directory '/p/projetos/monan_atm/eduardo.eras/SandBox/scripts_CD-CT/sources/MONAN-Model_1.4.3-rc/src/external/ezxml'
make[6]: 'ezxml_tools.o' is up to date.
make[6]: Leaving directory '/p/projetos/monan_atm/eduardo.eras/SandBox/scripts_CD-CT/sources/MONAN-Model_1.4.3-rc/src/external/ezxml'
(make -j 1 namelist_gen CPPFLAGS="-D_MPI -DUNDERSCORE -DCORE_ATMOSPHERE -DMPAS_NAMELIST_SUFFIX=atmosphere -DMPAS_EXE_NAME=atmosphere_model -DMPAS_OPENMP -DSINGLE_PRECISION -DMPAS_NATIVE_TIMERS -DMPAS_GIT_VERSION=unknown -DMPAS_BUILD_TARGET= -DMPAS_SMIOL_SUPPORT" CPPINCLUDES="-I/opt/cray/pe/netcdf/4.9.0.15/INTEL/2023.2/include -I/opt/cray/pe/parallel-netcdf/1.12.3.15/INTEL/2023.2/include")
make[6]: Entering directory '/p/projetos/monan_atm/eduardo.eras/SandBox/scripts_CD-CT/sources/MONAN-Model_1.4.3-rc/src/tools/input_gen'
make[6]: warning: -jN forced in submake: disabling jobserver mode.
(cd ../../external/ezxml; make CFLAGS="-O3 -std=gnu90 -qopenmp -DSINGLE_PRECISION " OBJFILE="ezxml_tools.o")
make[7]: Entering directory '/p/projetos/monan_atm/eduardo.eras/SandBox/scripts_CD-CT/sources/MONAN-Model_1.4.3-rc/src/external/ezxml'
make[7]: 'ezxml_tools.o' is up to date.
make[7]: Leaving directory '/p/projetos/monan_atm/eduardo.eras/SandBox/scripts_CD-CT/sources/MONAN-Model_1.4.3-rc/src/external/ezxml'
cc  -O3 -std=gnu90 -qopenmp -DSINGLE_PRECISION -D_MPI -DUNDERSCORE -DCORE_ATMOSPHERE -DMPAS_NAMELIST_SUFFIX=atmosphere -DMPAS_EXE_NAME=atmosphere_model -DMPAS_OPENMP -DSINGLE_PRECISION -DMPAS_NATIVE_TIMERS -DMPAS_GIT_VERSION=unknown -DMPAS_BUILD_TARGET= -DMPAS_SMIOL_SUPPORT -I../../external/ezxml -c namelist_gen.c
cc  -O3 -std=gnu90 -qopenmp -DSINGLE_PRECISION -D_MPI -DUNDERSCORE -DCORE_ATMOSPHERE -DMPAS_NAMELIST_SUFFIX=atmosphere -DMPAS_EXE_NAME=atmosphere_model -DMPAS_OPENMP -DSINGLE_PRECISION -DMPAS_NATIVE_TIMERS -DMPAS_GIT_VERSION=unknown -DMPAS_BUILD_TARGET= -DMPAS_SMIOL_SUPPORT -I../../external/ezxml -c test_functions.c
cc -D_MPI -DUNDERSCORE -DCORE_ATMOSPHERE -DMPAS_NAMELIST_SUFFIX=atmosphere -DMPAS_EXE_NAME=atmosphere_model -DMPAS_OPENMP -DSINGLE_PRECISION -DMPAS_NATIVE_TIMERS -DMPAS_GIT_VERSION=unknown -DMPAS_BUILD_TARGET= -DMPAS_SMIOL_SUPPORT -O3 -std=gnu90 -qopenmp -DSINGLE_PRECISION -I../../external/ezxml -o namelist_gen namelist_gen.o test_functions.o ../../external/ezxml/ezxml_tools.o
make[6]: Leaving directory '/p/projetos/monan_atm/eduardo.eras/SandBox/scripts_CD-CT/sources/MONAN-Model_1.4.3-rc/src/tools/input_gen'
(make -j 1 streams_gen CPPFLAGS="-D_MPI -DUNDERSCORE -DCORE_ATMOSPHERE -DMPAS_NAMELIST_SUFFIX=atmosphere -DMPAS_EXE_NAME=atmosphere_model -DMPAS_OPENMP -DSINGLE_PRECISION -DMPAS_NATIVE_TIMERS -DMPAS_GIT_VERSION=unknown -DMPAS_BUILD_TARGET= -DMPAS_SMIOL_SUPPORT" CPPINCLUDES="-I/opt/cray/pe/netcdf/4.9.0.15/INTEL/2023.2/include -I/opt/cray/pe/parallel-netcdf/1.12.3.15/INTEL/2023.2/include")
make[6]: Entering directory '/p/projetos/monan_atm/eduardo.eras/SandBox/scripts_CD-CT/sources/MONAN-Model_1.4.3-rc/src/tools/input_gen'
make[6]: warning: -jN forced in submake: disabling jobserver mode.
(cd ../../external/ezxml; make CFLAGS="-O3 -std=gnu90 -qopenmp -DSINGLE_PRECISION " OBJFILE="ezxml_tools.o")
make[7]: Entering directory '/p/projetos/monan_atm/eduardo.eras/SandBox/scripts_CD-CT/sources/MONAN-Model_1.4.3-rc/src/external/ezxml'
make[7]: 'ezxml_tools.o' is up to date.
make[7]: Leaving directory '/p/projetos/monan_atm/eduardo.eras/SandBox/scripts_CD-CT/sources/MONAN-Model_1.4.3-rc/src/external/ezxml'
cc  -O3 -std=gnu90 -qopenmp -DSINGLE_PRECISION -D_MPI -DUNDERSCORE -DCORE_ATMOSPHERE -DMPAS_NAMELIST_SUFFIX=atmosphere -DMPAS_EXE_NAME=atmosphere_model -DMPAS_OPENMP -DSINGLE_PRECISION -DMPAS_NATIVE_TIMERS -DMPAS_GIT_VERSION=unknown -DMPAS_BUILD_TARGET= -DMPAS_SMIOL_SUPPORT -I../../external/ezxml -c streams_gen.c
cc -D_MPI -DUNDERSCORE -DCORE_ATMOSPHERE -DMPAS_NAMELIST_SUFFIX=atmosphere -DMPAS_EXE_NAME=atmosphere_model -DMPAS_OPENMP -DSINGLE_PRECISION -DMPAS_NATIVE_TIMERS -DMPAS_GIT_VERSION=unknown -DMPAS_BUILD_TARGET= -DMPAS_SMIOL_SUPPORT -O3 -std=gnu90 -qopenmp -DSINGLE_PRECISION -I../../external/ezxml -o streams_gen streams_gen.o test_functions.o ../../external/ezxml/ezxml_tools.o
make[6]: Leaving directory '/p/projetos/monan_atm/eduardo.eras/SandBox/scripts_CD-CT/sources/MONAN-Model_1.4.3-rc/src/tools/input_gen'
make[5]: Leaving directory '/p/projetos/monan_atm/eduardo.eras/SandBox/scripts_CD-CT/sources/MONAN-Model_1.4.3-rc/src/tools/input_gen'
make[4]: Leaving directory '/p/projetos/monan_atm/eduardo.eras/SandBox/scripts_CD-CT/sources/MONAN-Model_1.4.3-rc/src/tools'
make[3]: Leaving directory '/p/projetos/monan_atm/eduardo.eras/SandBox/scripts_CD-CT/sources/MONAN-Model_1.4.3-rc/src/tools'
rm -f mpas_pool_routines.o mpas_pool_routines.mod
ftn -D_MPI -DUNDERSCORE -DCORE_ATMOSPHERE -DMPAS_NAMELIST_SUFFIX=atmosphere -DMPAS_EXE_NAME=atmosphere_model -DMPAS_OPENMP -DSINGLE_PRECISION -DMPAS_NATIVE_TIMERS -DMPAS_GIT_VERSION=unknown -DMPAS_BUILD_TARGET= -DMPAS_SMIOL_SUPPORT -O3 -convert big_endian -FR -march=core-avx2 -mtune=core-avx2 -qopenmp -c mpas_pool_routines.F -I/opt/cray/pe/netcdf/4.9.0.15/INTEL/2023.2/include -I/opt/cray/pe/parallel-netcdf/1.12.3.15/INTEL/2023.2/include -I/p/projetos/monan_atm/eduardo.eras/SandBox/scripts_CD-CT/sources/MONAN-Model_1.4.3-rc/src/external/SMIOL -I/opt/cray/pe/netcdf/4.9.0.15/INTEL/2023.2/include -I/opt/cray/pe/parallel-netcdf/1.12.3.15/INTEL/2023.2/include -I../external/esmf_time_f90
ifx: command line warning #10121: overriding '-march=core-avx2' with '-march=core-avx2'
rm -f mpas_dmpar.o mpas_dmpar.mod
rm -f mpas_halo.o mpas_halo.mod
ftn -D_MPI -DUNDERSCORE -DCORE_ATMOSPHERE -DMPAS_NAMELIST_SUFFIX=atmosphere -DMPAS_EXE_NAME=atmosphere_model -DMPAS_OPENMP -DSINGLE_PRECISION -DMPAS_NATIVE_TIMERS -DMPAS_GIT_VERSION=unknown -DMPAS_BUILD_TARGET= -DMPAS_SMIOL_SUPPORT -O3 -convert big_endian -FR -march=core-avx2 -mtune=core-avx2 -qopenmp -c mpas_dmpar.F -I/opt/cray/pe/netcdf/4.9.0.15/INTEL/2023.2/include -I/opt/cray/pe/parallel-netcdf/1.12.3.15/INTEL/2023.2/include -I/p/projetos/monan_atm/eduardo.eras/SandBox/scripts_CD-CT/sources/MONAN-Model_1.4.3-rc/src/external/SMIOL -I/opt/cray/pe/netcdf/4.9.0.15/INTEL/2023.2/include -I/opt/cray/pe/parallel-netcdf/1.12.3.15/INTEL/2023.2/include -I../external/esmf_time_f90
ftn -D_MPI -DUNDERSCORE -DCORE_ATMOSPHERE -DMPAS_NAMELIST_SUFFIX=atmosphere -DMPAS_EXE_NAME=atmosphere_model -DMPAS_OPENMP -DSINGLE_PRECISION -DMPAS_NATIVE_TIMERS -DMPAS_GIT_VERSION=unknown -DMPAS_BUILD_TARGET= -DMPAS_SMIOL_SUPPORT -O3 -convert big_endian -FR -march=core-avx2 -mtune=core-avx2 -qopenmp -c mpas_halo.F -I/opt/cray/pe/netcdf/4.9.0.15/INTEL/2023.2/include -I/opt/cray/pe/parallel-netcdf/1.12.3.15/INTEL/2023.2/include -I/p/projetos/monan_atm/eduardo.eras/SandBox/scripts_CD-CT/sources/MONAN-Model_1.4.3-rc/src/external/SMIOL -I/opt/cray/pe/netcdf/4.9.0.15/INTEL/2023.2/include -I/opt/cray/pe/parallel-netcdf/1.12.3.15/INTEL/2023.2/include -I../external/esmf_time_f90
ifx: command line warning #10121: overriding '-march=core-avx2' with '-march=core-avx2'
ifx: command line warning #10121: overriding '-march=core-avx2' with '-march=core-avx2'
rm -f mpas_io.o mpas_io.mod
rm -f mpas_domain_routines.o mpas_domain_routines.mod
ftn -D_MPI -DUNDERSCORE -DCORE_ATMOSPHERE -DMPAS_NAMELIST_SUFFIX=atmosphere -DMPAS_EXE_NAME=atmosphere_model -DMPAS_OPENMP -DSINGLE_PRECISION -DMPAS_NATIVE_TIMERS -DMPAS_GIT_VERSION=unknown -DMPAS_BUILD_TARGET= -DMPAS_SMIOL_SUPPORT -O3 -convert big_endian -FR -march=core-avx2 -mtune=core-avx2 -qopenmp -c mpas_io.F -I/opt/cray/pe/netcdf/4.9.0.15/INTEL/2023.2/include -I/opt/cray/pe/parallel-netcdf/1.12.3.15/INTEL/2023.2/include -I/p/projetos/monan_atm/eduardo.eras/SandBox/scripts_CD-CT/sources/MONAN-Model_1.4.3-rc/src/external/SMIOL -I/opt/cray/pe/netcdf/4.9.0.15/INTEL/2023.2/include -I/opt/cray/pe/parallel-netcdf/1.12.3.15/INTEL/2023.2/include -I../external/esmf_time_f90
ftn -D_MPI -DUNDERSCORE -DCORE_ATMOSPHERE -DMPAS_NAMELIST_SUFFIX=atmosphere -DMPAS_EXE_NAME=atmosphere_model -DMPAS_OPENMP -DSINGLE_PRECISION -DMPAS_NATIVE_TIMERS -DMPAS_GIT_VERSION=unknown -DMPAS_BUILD_TARGET= -DMPAS_SMIOL_SUPPORT -O3 -convert big_endian -FR -march=core-avx2 -mtune=core-avx2 -qopenmp -c mpas_domain_routines.F -I/opt/cray/pe/netcdf/4.9.0.15/INTEL/2023.2/include -I/opt/cray/pe/parallel-netcdf/1.12.3.15/INTEL/2023.2/include -I/p/projetos/monan_atm/eduardo.eras/SandBox/scripts_CD-CT/sources/MONAN-Model_1.4.3-rc/src/external/SMIOL -I/opt/cray/pe/netcdf/4.9.0.15/INTEL/2023.2/include -I/opt/cray/pe/parallel-netcdf/1.12.3.15/INTEL/2023.2/include -I../external/esmf_time_f90
rm -f mpas_timer.o mpas_timer.mod
rm -f mpas_block_decomp.o mpas_block_decomp.mod
ftn -D_MPI -DUNDERSCORE -DCORE_ATMOSPHERE -DMPAS_NAMELIST_SUFFIX=atmosphere -DMPAS_EXE_NAME=atmosphere_model -DMPAS_OPENMP -DSINGLE_PRECISION -DMPAS_NATIVE_TIMERS -DMPAS_GIT_VERSION=unknown -DMPAS_BUILD_TARGET= -DMPAS_SMIOL_SUPPORT -O3 -convert big_endian -FR -march=core-avx2 -mtune=core-avx2 -qopenmp -c mpas_timer.F -I/opt/cray/pe/netcdf/4.9.0.15/INTEL/2023.2/include -I/opt/cray/pe/parallel-netcdf/1.12.3.15/INTEL/2023.2/include -I/p/projetos/monan_atm/eduardo.eras/SandBox/scripts_CD-CT/sources/MONAN-Model_1.4.3-rc/src/external/SMIOL -I/opt/cray/pe/netcdf/4.9.0.15/INTEL/2023.2/include -I/opt/cray/pe/parallel-netcdf/1.12.3.15/INTEL/2023.2/include -I../external/esmf_time_f90
rm -f mpas_timekeeping.o mpas_timekeeping.mod
ftn -D_MPI -DUNDERSCORE -DCORE_ATMOSPHERE -DMPAS_NAMELIST_SUFFIX=atmosphere -DMPAS_EXE_NAME=atmosphere_model -DMPAS_OPENMP -DSINGLE_PRECISION -DMPAS_NATIVE_TIMERS -DMPAS_GIT_VERSION=unknown -DMPAS_BUILD_TARGET= -DMPAS_SMIOL_SUPPORT -O3 -convert big_endian -FR -march=core-avx2 -mtune=core-avx2 -qopenmp -c mpas_block_decomp.F -I/opt/cray/pe/netcdf/4.9.0.15/INTEL/2023.2/include -I/opt/cray/pe/parallel-netcdf/1.12.3.15/INTEL/2023.2/include -I/p/projetos/monan_atm/eduardo.eras/SandBox/scripts_CD-CT/sources/MONAN-Model_1.4.3-rc/src/external/SMIOL -I/opt/cray/pe/netcdf/4.9.0.15/INTEL/2023.2/include -I/opt/cray/pe/parallel-netcdf/1.12.3.15/INTEL/2023.2/include -I../external/esmf_time_f90
ftn -D_MPI -DUNDERSCORE -DCORE_ATMOSPHERE -DMPAS_NAMELIST_SUFFIX=atmosphere -DMPAS_EXE_NAME=atmosphere_model -DMPAS_OPENMP -DSINGLE_PRECISION -DMPAS_NATIVE_TIMERS -DMPAS_GIT_VERSION=unknown -DMPAS_BUILD_TARGET= -DMPAS_SMIOL_SUPPORT -O3 -convert big_endian -FR -march=core-avx2 -mtune=core-avx2 -qopenmp -c mpas_timekeeping.F -I/opt/cray/pe/netcdf/4.9.0.15/INTEL/2023.2/include -I/opt/cray/pe/parallel-netcdf/1.12.3.15/INTEL/2023.2/include -I/p/projetos/monan_atm/eduardo.eras/SandBox/scripts_CD-CT/sources/MONAN-Model_1.4.3-rc/src/external/SMIOL -I/opt/cray/pe/netcdf/4.9.0.15/INTEL/2023.2/include -I/opt/cray/pe/parallel-netcdf/1.12.3.15/INTEL/2023.2/include -I../external/esmf_time_f90
ifx: command line warning #10121: overriding '-march=core-avx2' with '-march=core-avx2'
ifx: command line warning #10121: overriding '-march=core-avx2' with '-march=core-avx2'
ifx: command line warning #10121: overriding '-march=core-avx2' with '-march=core-avx2'
ifx: command line warning #10121: overriding '-march=core-avx2' with '-march=core-avx2'
ifx: command line warning #10121: overriding '-march=core-avx2' with '-march=core-avx2'
rm -f mpas_io_streams.o mpas_io_streams.mod
ftn -D_MPI -DUNDERSCORE -DCORE_ATMOSPHERE -DMPAS_NAMELIST_SUFFIX=atmosphere -DMPAS_EXE_NAME=atmosphere_model -DMPAS_OPENMP -DSINGLE_PRECISION -DMPAS_NATIVE_TIMERS -DMPAS_GIT_VERSION=unknown -DMPAS_BUILD_TARGET= -DMPAS_SMIOL_SUPPORT -O3 -convert big_endian -FR -march=core-avx2 -mtune=core-avx2 -qopenmp -c mpas_io_streams.F -I/opt/cray/pe/netcdf/4.9.0.15/INTEL/2023.2/include -I/opt/cray/pe/parallel-netcdf/1.12.3.15/INTEL/2023.2/include -I/p/projetos/monan_atm/eduardo.eras/SandBox/scripts_CD-CT/sources/MONAN-Model_1.4.3-rc/src/external/SMIOL -I/opt/cray/pe/netcdf/4.9.0.15/INTEL/2023.2/include -I/opt/cray/pe/parallel-netcdf/1.12.3.15/INTEL/2023.2/include -I../external/esmf_time_f90
ifx: command line warning #10121: overriding '-march=core-avx2' with '-march=core-avx2'
rm -f mpas_stream_list.o mpas_stream_list.mod
ftn -D_MPI -DUNDERSCORE -DCORE_ATMOSPHERE -DMPAS_NAMELIST_SUFFIX=atmosphere -DMPAS_EXE_NAME=atmosphere_model -DMPAS_OPENMP -DSINGLE_PRECISION -DMPAS_NATIVE_TIMERS -DMPAS_GIT_VERSION=unknown -DMPAS_BUILD_TARGET= -DMPAS_SMIOL_SUPPORT -O3 -convert big_endian -FR -march=core-avx2 -mtune=core-avx2 -qopenmp -c mpas_stream_list.F -I/opt/cray/pe/netcdf/4.9.0.15/INTEL/2023.2/include -I/opt/cray/pe/parallel-netcdf/1.12.3.15/INTEL/2023.2/include -I/p/projetos/monan_atm/eduardo.eras/SandBox/scripts_CD-CT/sources/MONAN-Model_1.4.3-rc/src/external/SMIOL -I/opt/cray/pe/netcdf/4.9.0.15/INTEL/2023.2/include -I/opt/cray/pe/parallel-netcdf/1.12.3.15/INTEL/2023.2/include -I../external/esmf_time_f90
ifx: command line warning #10121: overriding '-march=core-avx2' with '-march=core-avx2'
rm -f mpas_stream_manager.o mpas_stream_manager.mod
ftn -D_MPI -DUNDERSCORE -DCORE_ATMOSPHERE -DMPAS_NAMELIST_SUFFIX=atmosphere -DMPAS_EXE_NAME=atmosphere_model -DMPAS_OPENMP -DSINGLE_PRECISION -DMPAS_NATIVE_TIMERS -DMPAS_GIT_VERSION=unknown -DMPAS_BUILD_TARGET= -DMPAS_SMIOL_SUPPORT -O3 -convert big_endian -FR -march=core-avx2 -mtune=core-avx2 -qopenmp -c mpas_stream_manager.F -I/opt/cray/pe/netcdf/4.9.0.15/INTEL/2023.2/include -I/opt/cray/pe/parallel-netcdf/1.12.3.15/INTEL/2023.2/include -I/p/projetos/monan_atm/eduardo.eras/SandBox/scripts_CD-CT/sources/MONAN-Model_1.4.3-rc/src/external/SMIOL -I/opt/cray/pe/netcdf/4.9.0.15/INTEL/2023.2/include -I/opt/cray/pe/parallel-netcdf/1.12.3.15/INTEL/2023.2/include -I../external/esmf_time_f90
ifx: command line warning #10121: overriding '-march=core-avx2' with '-march=core-avx2'
rm -f mpas_framework.o mpas_framework.mod
rm -f mpas_decomp.o mpas_decomp.mod
ftn -D_MPI -DUNDERSCORE -DCORE_ATMOSPHERE -DMPAS_NAMELIST_SUFFIX=atmosphere -DMPAS_EXE_NAME=atmosphere_model -DMPAS_OPENMP -DSINGLE_PRECISION -DMPAS_NATIVE_TIMERS -DMPAS_GIT_VERSION=unknown -DMPAS_BUILD_TARGET= -DMPAS_SMIOL_SUPPORT -O3 -convert big_endian -FR -march=core-avx2 -mtune=core-avx2 -qopenmp -c mpas_framework.F -I/opt/cray/pe/netcdf/4.9.0.15/INTEL/2023.2/include -I/opt/cray/pe/parallel-netcdf/1.12.3.15/INTEL/2023.2/include -I/p/projetos/monan_atm/eduardo.eras/SandBox/scripts_CD-CT/sources/MONAN-Model_1.4.3-rc/src/external/SMIOL -I/opt/cray/pe/netcdf/4.9.0.15/INTEL/2023.2/include -I/opt/cray/pe/parallel-netcdf/1.12.3.15/INTEL/2023.2/include -I../external/esmf_time_f90
ftn -D_MPI -DUNDERSCORE -DCORE_ATMOSPHERE -DMPAS_NAMELIST_SUFFIX=atmosphere -DMPAS_EXE_NAME=atmosphere_model -DMPAS_OPENMP -DSINGLE_PRECISION -DMPAS_NATIVE_TIMERS -DMPAS_GIT_VERSION=unknown -DMPAS_BUILD_TARGET= -DMPAS_SMIOL_SUPPORT -O3 -convert big_endian -FR -march=core-avx2 -mtune=core-avx2 -qopenmp -c mpas_decomp.F -I/opt/cray/pe/netcdf/4.9.0.15/INTEL/2023.2/include -I/opt/cray/pe/parallel-netcdf/1.12.3.15/INTEL/2023.2/include -I/p/projetos/monan_atm/eduardo.eras/SandBox/scripts_CD-CT/sources/MONAN-Model_1.4.3-rc/src/external/SMIOL -I/opt/cray/pe/netcdf/4.9.0.15/INTEL/2023.2/include -I/opt/cray/pe/parallel-netcdf/1.12.3.15/INTEL/2023.2/include -I../external/esmf_time_f90
rm -f mpas_forcing.o mpas_forcing.mod
ftn -D_MPI -DUNDERSCORE -DCORE_ATMOSPHERE -DMPAS_NAMELIST_SUFFIX=atmosphere -DMPAS_EXE_NAME=atmosphere_model -DMPAS_OPENMP -DSINGLE_PRECISION -DMPAS_NATIVE_TIMERS -DMPAS_GIT_VERSION=unknown -DMPAS_BUILD_TARGET= -DMPAS_SMIOL_SUPPORT -O3 -convert big_endian -FR -march=core-avx2 -mtune=core-avx2 -qopenmp -c mpas_forcing.F -I/opt/cray/pe/netcdf/4.9.0.15/INTEL/2023.2/include -I/opt/cray/pe/parallel-netcdf/1.12.3.15/INTEL/2023.2/include -I/p/projetos/monan_atm/eduardo.eras/SandBox/scripts_CD-CT/sources/MONAN-Model_1.4.3-rc/src/external/SMIOL -I/opt/cray/pe/netcdf/4.9.0.15/INTEL/2023.2/include -I/opt/cray/pe/parallel-netcdf/1.12.3.15/INTEL/2023.2/include -I../external/esmf_time_f90
ifx: command line warning #10121: overriding '-march=core-avx2' with '-march=core-avx2'
ifx: command line warning #10121: overriding '-march=core-avx2' with '-march=core-avx2'
ifx: command line warning #10121: overriding '-march=core-avx2' with '-march=core-avx2'
rm -f mpas_block_creator.o mpas_block_creator.mod
ftn -D_MPI -DUNDERSCORE -DCORE_ATMOSPHERE -DMPAS_NAMELIST_SUFFIX=atmosphere -DMPAS_EXE_NAME=atmosphere_model -DMPAS_OPENMP -DSINGLE_PRECISION -DMPAS_NATIVE_TIMERS -DMPAS_GIT_VERSION=unknown -DMPAS_BUILD_TARGET= -DMPAS_SMIOL_SUPPORT -O3 -convert big_endian -FR -march=core-avx2 -mtune=core-avx2 -qopenmp -c mpas_block_creator.F -I/opt/cray/pe/netcdf/4.9.0.15/INTEL/2023.2/include -I/opt/cray/pe/parallel-netcdf/1.12.3.15/INTEL/2023.2/include -I/p/projetos/monan_atm/eduardo.eras/SandBox/scripts_CD-CT/sources/MONAN-Model_1.4.3-rc/src/external/SMIOL -I/opt/cray/pe/netcdf/4.9.0.15/INTEL/2023.2/include -I/opt/cray/pe/parallel-netcdf/1.12.3.15/INTEL/2023.2/include -I../external/esmf_time_f90
ifx: command line warning #10121: overriding '-march=core-avx2' with '-march=core-avx2'
rm -f mpas_bootstrapping.o mpas_bootstrapping.mod
ftn -D_MPI -DUNDERSCORE -DCORE_ATMOSPHERE -DMPAS_NAMELIST_SUFFIX=atmosphere -DMPAS_EXE_NAME=atmosphere_model -DMPAS_OPENMP -DSINGLE_PRECISION -DMPAS_NATIVE_TIMERS -DMPAS_GIT_VERSION=unknown -DMPAS_BUILD_TARGET= -DMPAS_SMIOL_SUPPORT -O3 -convert big_endian -FR -march=core-avx2 -mtune=core-avx2 -qopenmp -c mpas_bootstrapping.F -I/opt/cray/pe/netcdf/4.9.0.15/INTEL/2023.2/include -I/opt/cray/pe/parallel-netcdf/1.12.3.15/INTEL/2023.2/include -I/p/projetos/monan_atm/eduardo.eras/SandBox/scripts_CD-CT/sources/MONAN-Model_1.4.3-rc/src/external/SMIOL -I/opt/cray/pe/netcdf/4.9.0.15/INTEL/2023.2/include -I/opt/cray/pe/parallel-netcdf/1.12.3.15/INTEL/2023.2/include -I../external/esmf_time_f90
ifx: command line warning #10121: overriding '-march=core-avx2' with '-march=core-avx2'
ar -ru libframework.a mpas_kind_types.o mpas_framework.o mpas_timer.o mpas_timekeeping.o mpas_constants.o mpas_attlist.o mpas_hash.o mpas_sort.o mpas_block_decomp.o mpas_block_creator.o mpas_dmpar.o mpas_abort.o mpas_decomp.o mpas_threading.o mpas_io.o mpas_io_streams.o mpas_bootstrapping.o mpas_io_units.o mpas_stream_manager.o mpas_stream_list.o mpas_forcing.o mpas_c_interfacing.o random_id.o pool_hash.o mpas_derived_types.o mpas_domain_routines.o mpas_field_routines.o mpas_pool_routines.o xml_stream_parser.o regex_matching.o mpas_log.o mpas_halo.o mpas_string_utils.o mpas_stream_inquiry.o stream_inquiry.o ../external/ezxml/ezxml.o
ar: creating libframework.a
make[3]: Leaving directory '/p/projetos/monan_atm/eduardo.eras/SandBox/scripts_CD-CT/sources/MONAN-Model_1.4.3-rc/src/framework'
ln -sf framework/libframework.a libframework.a
( cd operators; make CPPFLAGS="-D_MPI -DUNDERSCORE -DCORE_ATMOSPHERE -DMPAS_NAMELIST_SUFFIX=atmosphere -DMPAS_EXE_NAME=atmosphere_model -DMPAS_OPENMP -DSINGLE_PRECISION -DMPAS_NATIVE_TIMERS -DMPAS_GIT_VERSION=unknown -DMPAS_BUILD_TARGET= -DMPAS_SMIOL_SUPPORT" CPPINCLUDES="-I/opt/cray/pe/netcdf/4.9.0.15/INTEL/2023.2/include -I/opt/cray/pe/parallel-netcdf/1.12.3.15/INTEL/2023.2/include" all ) 
make[3]: Entering directory '/p/projetos/monan_atm/eduardo.eras/SandBox/scripts_CD-CT/sources/MONAN-Model_1.4.3-rc/src/operators'
rm -f mpas_vector_operations.o mpas_vector_operations.mod
rm -f mpas_matrix_operations.o mpas_matrix_operations.mod
ftn -D_MPI -DUNDERSCORE -DCORE_ATMOSPHERE -DMPAS_NAMELIST_SUFFIX=atmosphere -DMPAS_EXE_NAME=atmosphere_model -DMPAS_OPENMP -DSINGLE_PRECISION -DMPAS_NATIVE_TIMERS -DMPAS_GIT_VERSION=unknown -DMPAS_BUILD_TARGET= -DMPAS_SMIOL_SUPPORT -O3 -convert big_endian -FR -march=core-avx2 -mtune=core-avx2 -qopenmp -c mpas_vector_operations.F -I/opt/cray/pe/netcdf/4.9.0.15/INTEL/2023.2/include -I/opt/cray/pe/parallel-netcdf/1.12.3.15/INTEL/2023.2/include -I/p/projetos/monan_atm/eduardo.eras/SandBox/scripts_CD-CT/sources/MONAN-Model_1.4.3-rc/src/external/SMIOL -I/opt/cray/pe/netcdf/4.9.0.15/INTEL/2023.2/include -I/opt/cray/pe/parallel-netcdf/1.12.3.15/INTEL/2023.2/include -I../framework -I../external/esmf_time_f90
ftn -D_MPI -DUNDERSCORE -DCORE_ATMOSPHERE -DMPAS_NAMELIST_SUFFIX=atmosphere -DMPAS_EXE_NAME=atmosphere_model -DMPAS_OPENMP -DSINGLE_PRECISION -DMPAS_NATIVE_TIMERS -DMPAS_GIT_VERSION=unknown -DMPAS_BUILD_TARGET= -DMPAS_SMIOL_SUPPORT -O3 -convert big_endian -FR -march=core-avx2 -mtune=core-avx2 -qopenmp -c mpas_matrix_operations.F -I/opt/cray/pe/netcdf/4.9.0.15/INTEL/2023.2/include -I/opt/cray/pe/parallel-netcdf/1.12.3.15/INTEL/2023.2/include -I/p/projetos/monan_atm/eduardo.eras/SandBox/scripts_CD-CT/sources/MONAN-Model_1.4.3-rc/src/external/SMIOL -I/opt/cray/pe/netcdf/4.9.0.15/INTEL/2023.2/include -I/opt/cray/pe/parallel-netcdf/1.12.3.15/INTEL/2023.2/include -I../framework -I../external/esmf_time_f90
rm -f mpas_spline_interpolation.o mpas_spline_interpolation.mod
ftn -D_MPI -DUNDERSCORE -DCORE_ATMOSPHERE -DMPAS_NAMELIST_SUFFIX=atmosphere -DMPAS_EXE_NAME=atmosphere_model -DMPAS_OPENMP -DSINGLE_PRECISION -DMPAS_NATIVE_TIMERS -DMPAS_GIT_VERSION=unknown -DMPAS_BUILD_TARGET= -DMPAS_SMIOL_SUPPORT -O3 -convert big_endian -FR -march=core-avx2 -mtune=core-avx2 -qopenmp -c mpas_spline_interpolation.F -I/opt/cray/pe/netcdf/4.9.0.15/INTEL/2023.2/include -I/opt/cray/pe/parallel-netcdf/1.12.3.15/INTEL/2023.2/include -I/p/projetos/monan_atm/eduardo.eras/SandBox/scripts_CD-CT/sources/MONAN-Model_1.4.3-rc/src/external/SMIOL -I/opt/cray/pe/netcdf/4.9.0.15/INTEL/2023.2/include -I/opt/cray/pe/parallel-netcdf/1.12.3.15/INTEL/2023.2/include -I../framework -I../external/esmf_time_f90
ifx: command line warning #10121: overriding '-march=core-avx2' with '-march=core-avx2'
ifx: command line warning #10121: overriding '-march=core-avx2' with '-march=core-avx2'
ifx: command line warning #10121: overriding '-march=core-avx2' with '-march=core-avx2'
rm -f mpas_tensor_operations.o mpas_tensor_operations.mod
rm -f mpas_rbf_interpolation.o mpas_rbf_interpolation.mod
ftn -D_MPI -DUNDERSCORE -DCORE_ATMOSPHERE -DMPAS_NAMELIST_SUFFIX=atmosphere -DMPAS_EXE_NAME=atmosphere_model -DMPAS_OPENMP -DSINGLE_PRECISION -DMPAS_NATIVE_TIMERS -DMPAS_GIT_VERSION=unknown -DMPAS_BUILD_TARGET= -DMPAS_SMIOL_SUPPORT -O3 -convert big_endian -FR -march=core-avx2 -mtune=core-avx2 -qopenmp -c mpas_tensor_operations.F -I/opt/cray/pe/netcdf/4.9.0.15/INTEL/2023.2/include -I/opt/cray/pe/parallel-netcdf/1.12.3.15/INTEL/2023.2/include -I/p/projetos/monan_atm/eduardo.eras/SandBox/scripts_CD-CT/sources/MONAN-Model_1.4.3-rc/src/external/SMIOL -I/opt/cray/pe/netcdf/4.9.0.15/INTEL/2023.2/include -I/opt/cray/pe/parallel-netcdf/1.12.3.15/INTEL/2023.2/include -I../framework -I../external/esmf_time_f90
ftn -D_MPI -DUNDERSCORE -DCORE_ATMOSPHERE -DMPAS_NAMELIST_SUFFIX=atmosphere -DMPAS_EXE_NAME=atmosphere_model -DMPAS_OPENMP -DSINGLE_PRECISION -DMPAS_NATIVE_TIMERS -DMPAS_GIT_VERSION=unknown -DMPAS_BUILD_TARGET= -DMPAS_SMIOL_SUPPORT -O3 -convert big_endian -FR -march=core-avx2 -mtune=core-avx2 -qopenmp -c mpas_rbf_interpolation.F -I/opt/cray/pe/netcdf/4.9.0.15/INTEL/2023.2/include -I/opt/cray/pe/parallel-netcdf/1.12.3.15/INTEL/2023.2/include -I/p/projetos/monan_atm/eduardo.eras/SandBox/scripts_CD-CT/sources/MONAN-Model_1.4.3-rc/src/external/SMIOL -I/opt/cray/pe/netcdf/4.9.0.15/INTEL/2023.2/include -I/opt/cray/pe/parallel-netcdf/1.12.3.15/INTEL/2023.2/include -I../framework -I../external/esmf_time_f90
rm -f mpas_geometry_utils.o mpas_geometry_utils.mod
ftn -D_MPI -DUNDERSCORE -DCORE_ATMOSPHERE -DMPAS_NAMELIST_SUFFIX=atmosphere -DMPAS_EXE_NAME=atmosphere_model -DMPAS_OPENMP -DSINGLE_PRECISION -DMPAS_NATIVE_TIMERS -DMPAS_GIT_VERSION=unknown -DMPAS_BUILD_TARGET= -DMPAS_SMIOL_SUPPORT -O3 -convert big_endian -FR -march=core-avx2 -mtune=core-avx2 -qopenmp -c mpas_geometry_utils.F -I/opt/cray/pe/netcdf/4.9.0.15/INTEL/2023.2/include -I/opt/cray/pe/parallel-netcdf/1.12.3.15/INTEL/2023.2/include -I/p/projetos/monan_atm/eduardo.eras/SandBox/scripts_CD-CT/sources/MONAN-Model_1.4.3-rc/src/external/SMIOL -I/opt/cray/pe/netcdf/4.9.0.15/INTEL/2023.2/include -I/opt/cray/pe/parallel-netcdf/1.12.3.15/INTEL/2023.2/include -I../framework -I../external/esmf_time_f90
ifx: command line warning #10121: overriding '-march=core-avx2' with '-march=core-avx2'
ifx: command line warning #10121: overriding '-march=core-avx2' with '-march=core-avx2'
ifx: command line warning #10121: overriding '-march=core-avx2' with '-march=core-avx2'
rm -f mpas_tracer_advection_helpers.o mpas_tracer_advection_helpers.mod
ftn -D_MPI -DUNDERSCORE -DCORE_ATMOSPHERE -DMPAS_NAMELIST_SUFFIX=atmosphere -DMPAS_EXE_NAME=atmosphere_model -DMPAS_OPENMP -DSINGLE_PRECISION -DMPAS_NATIVE_TIMERS -DMPAS_GIT_VERSION=unknown -DMPAS_BUILD_TARGET= -DMPAS_SMIOL_SUPPORT -O3 -convert big_endian -FR -march=core-avx2 -mtune=core-avx2 -qopenmp -c mpas_tracer_advection_helpers.F -I/opt/cray/pe/netcdf/4.9.0.15/INTEL/2023.2/include -I/opt/cray/pe/parallel-netcdf/1.12.3.15/INTEL/2023.2/include -I/p/projetos/monan_atm/eduardo.eras/SandBox/scripts_CD-CT/sources/MONAN-Model_1.4.3-rc/src/external/SMIOL -I/opt/cray/pe/netcdf/4.9.0.15/INTEL/2023.2/include -I/opt/cray/pe/parallel-netcdf/1.12.3.15/INTEL/2023.2/include -I../framework -I../external/esmf_time_f90
ifx: command line warning #10121: overriding '-march=core-avx2' with '-march=core-avx2'
rm -f mpas_tracer_advection_mono.o mpas_tracer_advection_mono.mod
rm -f mpas_tracer_advection_std.o mpas_tracer_advection_std.mod
ftn -D_MPI -DUNDERSCORE -DCORE_ATMOSPHERE -DMPAS_NAMELIST_SUFFIX=atmosphere -DMPAS_EXE_NAME=atmosphere_model -DMPAS_OPENMP -DSINGLE_PRECISION -DMPAS_NATIVE_TIMERS -DMPAS_GIT_VERSION=unknown -DMPAS_BUILD_TARGET= -DMPAS_SMIOL_SUPPORT -O3 -convert big_endian -FR -march=core-avx2 -mtune=core-avx2 -qopenmp -c mpas_tracer_advection_mono.F -I/opt/cray/pe/netcdf/4.9.0.15/INTEL/2023.2/include -I/opt/cray/pe/parallel-netcdf/1.12.3.15/INTEL/2023.2/include -I/p/projetos/monan_atm/eduardo.eras/SandBox/scripts_CD-CT/sources/MONAN-Model_1.4.3-rc/src/external/SMIOL -I/opt/cray/pe/netcdf/4.9.0.15/INTEL/2023.2/include -I/opt/cray/pe/parallel-netcdf/1.12.3.15/INTEL/2023.2/include -I../framework -I../external/esmf_time_f90
ftn -D_MPI -DUNDERSCORE -DCORE_ATMOSPHERE -DMPAS_NAMELIST_SUFFIX=atmosphere -DMPAS_EXE_NAME=atmosphere_model -DMPAS_OPENMP -DSINGLE_PRECISION -DMPAS_NATIVE_TIMERS -DMPAS_GIT_VERSION=unknown -DMPAS_BUILD_TARGET= -DMPAS_SMIOL_SUPPORT -O3 -convert big_endian -FR -march=core-avx2 -mtune=core-avx2 -qopenmp -c mpas_tracer_advection_std.F -I/opt/cray/pe/netcdf/4.9.0.15/INTEL/2023.2/include -I/opt/cray/pe/parallel-netcdf/1.12.3.15/INTEL/2023.2/include -I/p/projetos/monan_atm/eduardo.eras/SandBox/scripts_CD-CT/sources/MONAN-Model_1.4.3-rc/src/external/SMIOL -I/opt/cray/pe/netcdf/4.9.0.15/INTEL/2023.2/include -I/opt/cray/pe/parallel-netcdf/1.12.3.15/INTEL/2023.2/include -I../framework -I../external/esmf_time_f90
ifx: command line warning #10121: overriding '-march=core-avx2' with '-march=core-avx2'
ifx: command line warning #10121: overriding '-march=core-avx2' with '-march=core-avx2'
rm -f mpas_vector_reconstruction.o mpas_vector_reconstruction.mod
ftn -D_MPI -DUNDERSCORE -DCORE_ATMOSPHERE -DMPAS_NAMELIST_SUFFIX=atmosphere -DMPAS_EXE_NAME=atmosphere_model -DMPAS_OPENMP -DSINGLE_PRECISION -DMPAS_NATIVE_TIMERS -DMPAS_GIT_VERSION=unknown -DMPAS_BUILD_TARGET= -DMPAS_SMIOL_SUPPORT -O3 -convert big_endian -FR -march=core-avx2 -mtune=core-avx2 -qopenmp -c mpas_vector_reconstruction.F -I/opt/cray/pe/netcdf/4.9.0.15/INTEL/2023.2/include -I/opt/cray/pe/parallel-netcdf/1.12.3.15/INTEL/2023.2/include -I/p/projetos/monan_atm/eduardo.eras/SandBox/scripts_CD-CT/sources/MONAN-Model_1.4.3-rc/src/external/SMIOL -I/opt/cray/pe/netcdf/4.9.0.15/INTEL/2023.2/include -I/opt/cray/pe/parallel-netcdf/1.12.3.15/INTEL/2023.2/include -I../framework -I../external/esmf_time_f90
ifx: command line warning #10121: overriding '-march=core-avx2' with '-march=core-avx2'
ar -ru libops.a mpas_vector_operations.o mpas_matrix_operations.o mpas_tensor_operations.o mpas_rbf_interpolation.o mpas_vector_reconstruction.o mpas_spline_interpolation.o mpas_tracer_advection_helpers.o mpas_tracer_advection_mono.o mpas_tracer_advection_std.o mpas_geometry_utils.o
ar: creating libops.a
make[3]: Leaving directory '/p/projetos/monan_atm/eduardo.eras/SandBox/scripts_CD-CT/sources/MONAN-Model_1.4.3-rc/src/operators'
ln -sf operators/libops.a libops.a
( cd core_atmosphere; make CPPFLAGS="-D_MPI -DUNDERSCORE -DCORE_ATMOSPHERE -DMPAS_NAMELIST_SUFFIX=atmosphere -DMPAS_EXE_NAME=atmosphere_model -DMPAS_OPENMP -DSINGLE_PRECISION -DMPAS_NATIVE_TIMERS -DMPAS_GIT_VERSION=unknown -DMPAS_BUILD_TARGET= -DMPAS_SMIOL_SUPPORT" CPPINCLUDES="-I/opt/cray/pe/netcdf/4.9.0.15/INTEL/2023.2/include -I/opt/cray/pe/parallel-netcdf/1.12.3.15/INTEL/2023.2/include" REG_PARSE="/p/projetos/monan_atm/eduardo.eras/SandBox/scripts_CD-CT/sources/MONAN-Model_1.4.3-rc/src/tools/registry/parse" gen_includes )
make[3]: Entering directory '/p/projetos/monan_atm/eduardo.eras/SandBox/scripts_CD-CT/sources/MONAN-Model_1.4.3-rc/src/core_atmosphere'
cpp -P -traditional -D_MPI -DUNDERSCORE -DCORE_ATMOSPHERE -DMPAS_NAMELIST_SUFFIX=atmosphere -DMPAS_EXE_NAME=atmosphere_model -DMPAS_OPENMP -DSINGLE_PRECISION -DMPAS_NATIVE_TIMERS -DMPAS_GIT_VERSION=unknown -DMPAS_BUILD_TARGET= -DMPAS_SMIOL_SUPPORT -I/opt/cray/pe/netcdf/4.9.0.15/INTEL/2023.2/include -I/opt/cray/pe/parallel-netcdf/1.12.3.15/INTEL/2023.2/include -DDO_PHYSICS Registry.xml > Registry_processed.xml
(if [ ! -d inc ]; then mkdir -p inc; fi) # To generate *.inc files
(cd inc; /p/projetos/monan_atm/eduardo.eras/SandBox/scripts_CD-CT/sources/MONAN-Model_1.4.3-rc/src/tools/registry/parse < ../Registry_processed.xml )
Reading registry file from standard input
Warning: runtime_format attribute has no effect for immutable stream "lbc_in".
---- GENERATING IMMUTABLE STREAMS ----
make[3]: Leaving directory '/p/projetos/monan_atm/eduardo.eras/SandBox/scripts_CD-CT/sources/MONAN-Model_1.4.3-rc/src/core_atmosphere'
( cd core_atmosphere; make CPPFLAGS="-D_MPI -DUNDERSCORE -DCORE_ATMOSPHERE -DMPAS_NAMELIST_SUFFIX=atmosphere -DMPAS_EXE_NAME=atmosphere_model -DMPAS_OPENMP -DSINGLE_PRECISION -DMPAS_NATIVE_TIMERS -DMPAS_GIT_VERSION=unknown -DMPAS_BUILD_TARGET= -DMPAS_SMIOL_SUPPORT" CPPINCLUDES="-I/opt/cray/pe/netcdf/4.9.0.15/INTEL/2023.2/include -I/opt/cray/pe/parallel-netcdf/1.12.3.15/INTEL/2023.2/include" NL_GEN="/p/projetos/monan_atm/eduardo.eras/SandBox/scripts_CD-CT/sources/MONAN-Model_1.4.3-rc/src/tools/input_gen/namelist_gen" ST_GEN="/p/projetos/monan_atm/eduardo.eras/SandBox/scripts_CD-CT/sources/MONAN-Model_1.4.3-rc/src/tools/input_gen/streams_gen" core_input_gen )
make[3]: Entering directory '/p/projetos/monan_atm/eduardo.eras/SandBox/scripts_CD-CT/sources/MONAN-Model_1.4.3-rc/src/core_atmosphere'
if [ ! -e default_inputs ]; then  mkdir default_inputs; fi
( cd default_inputs; /p/projetos/monan_atm/eduardo.eras/SandBox/scripts_CD-CT/sources/MONAN-Model_1.4.3-rc/src/tools/input_gen/namelist_gen ../Registry_processed.xml namelist.atmosphere in_defaults=true )
( cd default_inputs; /p/projetos/monan_atm/eduardo.eras/SandBox/scripts_CD-CT/sources/MONAN-Model_1.4.3-rc/src/tools/input_gen/streams_gen ../Registry_processed.xml streams.atmosphere stream_list.atmosphere. listed in_defaults=true)
make[3]: Leaving directory '/p/projetos/monan_atm/eduardo.eras/SandBox/scripts_CD-CT/sources/MONAN-Model_1.4.3-rc/src/core_atmosphere'
( cd core_atmosphere; make CPPFLAGS="-D_MPI -DUNDERSCORE -DCORE_ATMOSPHERE -DMPAS_NAMELIST_SUFFIX=atmosphere -DMPAS_EXE_NAME=atmosphere_model -DMPAS_OPENMP -DSINGLE_PRECISION -DMPAS_NATIVE_TIMERS -DMPAS_GIT_VERSION=unknown -DMPAS_BUILD_TARGET= -DMPAS_SMIOL_SUPPORT" CPPINCLUDES="-I/opt/cray/pe/netcdf/4.9.0.15/INTEL/2023.2/include -I/opt/cray/pe/parallel-netcdf/1.12.3.15/INTEL/2023.2/include" all ) 
make[3]: Entering directory '/p/projetos/monan_atm/eduardo.eras/SandBox/scripts_CD-CT/sources/MONAN-Model_1.4.3-rc/src/core_atmosphere'
rm -f mpas_atm_dimensions.o mpas_atm_dimensions.mod
rm -f mpas_atm_threading.o mpas_atm_threading.mod
ftn -D_MPI -DUNDERSCORE -DCORE_ATMOSPHERE -DMPAS_NAMELIST_SUFFIX=atmosphere -DMPAS_EXE_NAME=atmosphere_model -DMPAS_OPENMP -DSINGLE_PRECISION -DMPAS_NATIVE_TIMERS -DMPAS_GIT_VERSION=unknown -DMPAS_BUILD_TARGET= -DMPAS_SMIOL_SUPPORT -DDO_PHYSICS -O3 -convert big_endian -FR -march=core-avx2 -mtune=core-avx2 -qopenmp -c mpas_atm_dimensions.F -I/opt/cray/pe/netcdf/4.9.0.15/INTEL/2023.2/include -I/opt/cray/pe/parallel-netcdf/1.12.3.15/INTEL/2023.2/include -I/p/projetos/monan_atm/eduardo.eras/SandBox/scripts_CD-CT/sources/MONAN-Model_1.4.3-rc/src/external/SMIOL -I/opt/cray/pe/netcdf/4.9.0.15/INTEL/2023.2/include -I/opt/cray/pe/parallel-netcdf/1.12.3.15/INTEL/2023.2/include -I./inc -I../framework -I../operators -I./physics -I./dynamics -I./diagnostics -I./physics/physics_monan -I./physics/physics_wrf -I./physics/physics_mmm -I../external/esmf_time_f90
ftn -D_MPI -DUNDERSCORE -DCORE_ATMOSPHERE -DMPAS_NAMELIST_SUFFIX=atmosphere -DMPAS_EXE_NAME=atmosphere_model -DMPAS_OPENMP -DSINGLE_PRECISION -DMPAS_NATIVE_TIMERS -DMPAS_GIT_VERSION=unknown -DMPAS_BUILD_TARGET= -DMPAS_SMIOL_SUPPORT -DDO_PHYSICS -O3 -convert big_endian -FR -march=core-avx2 -mtune=core-avx2 -qopenmp -c mpas_atm_threading.F -I/opt/cray/pe/netcdf/4.9.0.15/INTEL/2023.2/include -I/opt/cray/pe/parallel-netcdf/1.12.3.15/INTEL/2023.2/include -I/p/projetos/monan_atm/eduardo.eras/SandBox/scripts_CD-CT/sources/MONAN-Model_1.4.3-rc/src/external/SMIOL -I/opt/cray/pe/netcdf/4.9.0.15/INTEL/2023.2/include -I/opt/cray/pe/parallel-netcdf/1.12.3.15/INTEL/2023.2/include -I./inc -I../framework -I../operators -I./physics -I./dynamics -I./diagnostics -I./physics/physics_monan -I./physics/physics_wrf -I./physics/physics_mmm -I../external/esmf_time_f90
rm -f mpas_atm_halos.o mpas_atm_halos.mod
ftn -D_MPI -DUNDERSCORE -DCORE_ATMOSPHERE -DMPAS_NAMELIST_SUFFIX=atmosphere -DMPAS_EXE_NAME=atmosphere_model -DMPAS_OPENMP -DSINGLE_PRECISION -DMPAS_NATIVE_TIMERS -DMPAS_GIT_VERSION=unknown -DMPAS_BUILD_TARGET= -DMPAS_SMIOL_SUPPORT -DDO_PHYSICS -O3 -convert big_endian -FR -march=core-avx2 -mtune=core-avx2 -qopenmp -c mpas_atm_halos.F -I/opt/cray/pe/netcdf/4.9.0.15/INTEL/2023.2/include -I/opt/cray/pe/parallel-netcdf/1.12.3.15/INTEL/2023.2/include -I/p/projetos/monan_atm/eduardo.eras/SandBox/scripts_CD-CT/sources/MONAN-Model_1.4.3-rc/src/external/SMIOL -I/opt/cray/pe/netcdf/4.9.0.15/INTEL/2023.2/include -I/opt/cray/pe/parallel-netcdf/1.12.3.15/INTEL/2023.2/include -I./inc -I../framework -I../operators -I./physics -I./dynamics -I./diagnostics -I./physics/physics_monan -I./physics/physics_wrf -I./physics/physics_mmm -I../external/esmf_time_f90
ifx: command line warning #10121: overriding '-march=core-avx2' with '-march=core-avx2'
ifx: command line warning #10121: overriding '-march=core-avx2' with '-march=core-avx2'
ifx: command line warning #10121: overriding '-march=core-avx2' with '-march=core-avx2'
( cd physics; make all )
make[4]: Entering directory '/p/projetos/monan_atm/eduardo.eras/SandBox/scripts_CD-CT/sources/MONAN-Model_1.4.3-rc/src/core_atmosphere/physics'
./checkout_data_files.sh
rm -f ccpp_kinds.o ccpp_kinds.mod
rm -f mpas_atmphys_constants.o mpas_atmphys_constants.mod
ftn -D_MPI -DUNDERSCORE -DCORE_ATMOSPHERE -DMPAS_NAMELIST_SUFFIX=atmosphere -DMPAS_EXE_NAME=atmosphere_model -DMPAS_OPENMP -DSINGLE_PRECISION -DMPAS_NATIVE_TIMERS -DMPAS_GIT_VERSION=unknown -DMPAS_BUILD_TARGET= -DMPAS_SMIOL_SUPPORT -Dmpas  -O3 -convert big_endian -FR -march=core-avx2 -mtune=core-avx2 -qopenmp -c ccpp_kinds.F -I/opt/cray/pe/netcdf/4.9.0.15/INTEL/2023.2/include -I/opt/cray/pe/parallel-netcdf/1.12.3.15/INTEL/2023.2/include -I/p/projetos/monan_atm/eduardo.eras/SandBox/scripts_CD-CT/sources/MONAN-Model_1.4.3-rc/src/external/SMIOL -I/opt/cray/pe/netcdf/4.9.0.15/INTEL/2023.2/include -I/opt/cray/pe/parallel-netcdf/1.12.3.15/INTEL/2023.2/include -I./physics_mmm -I./physics_wrf -I./physics_monan -I.. -I../../framework -I../../external/esmf_time_f90
*** No compatible version of WRF physics tables found; attempting to download compatible tables ***
ftn -D_MPI -DUNDERSCORE -DCORE_ATMOSPHERE -DMPAS_NAMELIST_SUFFIX=atmosphere -DMPAS_EXE_NAME=atmosphere_model -DMPAS_OPENMP -DSINGLE_PRECISION -DMPAS_NATIVE_TIMERS -DMPAS_GIT_VERSION=unknown -DMPAS_BUILD_TARGET= -DMPAS_SMIOL_SUPPORT -Dmpas  -O3 -convert big_endian -FR -march=core-avx2 -mtune=core-avx2 -qopenmp -c mpas_atmphys_constants.F -I/opt/cray/pe/netcdf/4.9.0.15/INTEL/2023.2/include -I/opt/cray/pe/parallel-netcdf/1.12.3.15/INTEL/2023.2/include -I/p/projetos/monan_atm/eduardo.eras/SandBox/scripts_CD-CT/sources/MONAN-Model_1.4.3-rc/src/external/SMIOL -I/opt/cray/pe/netcdf/4.9.0.15/INTEL/2023.2/include -I/opt/cray/pe/parallel-netcdf/1.12.3.15/INTEL/2023.2/include -I./physics_mmm -I./physics_wrf -I./physics_monan -I.. -I../../framework -I../../external/esmf_time_f90
rm -f mpas_atmphys_date_time.o mpas_atmphys_date_time.mod
rm -f mpas_atmphys_functions.o mpas_atmphys_functions.mod
/usr/bin/git
*** Trying git to obtain WRF physics tables ***
ftn -D_MPI -DUNDERSCORE -DCORE_ATMOSPHERE -DMPAS_NAMELIST_SUFFIX=atmosphere -DMPAS_EXE_NAME=atmosphere_model -DMPAS_OPENMP -DSINGLE_PRECISION -DMPAS_NATIVE_TIMERS -DMPAS_GIT_VERSION=unknown -DMPAS_BUILD_TARGET= -DMPAS_SMIOL_SUPPORT -Dmpas  -O3 -convert big_endian -FR -march=core-avx2 -mtune=core-avx2 -qopenmp -c mpas_atmphys_date_time.F -I/opt/cray/pe/netcdf/4.9.0.15/INTEL/2023.2/include -I/opt/cray/pe/parallel-netcdf/1.12.3.15/INTEL/2023.2/include -I/p/projetos/monan_atm/eduardo.eras/SandBox/scripts_CD-CT/sources/MONAN-Model_1.4.3-rc/src/external/SMIOL -I/opt/cray/pe/netcdf/4.9.0.15/INTEL/2023.2/include -I/opt/cray/pe/parallel-netcdf/1.12.3.15/INTEL/2023.2/include -I./physics_mmm -I./physics_wrf -I./physics_monan -I.. -I../../framework -I../../external/esmf_time_f90
ftn -D_MPI -DUNDERSCORE -DCORE_ATMOSPHERE -DMPAS_NAMELIST_SUFFIX=atmosphere -DMPAS_EXE_NAME=atmosphere_model -DMPAS_OPENMP -DSINGLE_PRECISION -DMPAS_NATIVE_TIMERS -DMPAS_GIT_VERSION=unknown -DMPAS_BUILD_TARGET= -DMPAS_SMIOL_SUPPORT -Dmpas  -O3 -convert big_endian -FR -march=core-avx2 -mtune=core-avx2 -qopenmp -c mpas_atmphys_functions.F -I/opt/cray/pe/netcdf/4.9.0.15/INTEL/2023.2/include -I/opt/cray/pe/parallel-netcdf/1.12.3.15/INTEL/2023.2/include -I/p/projetos/monan_atm/eduardo.eras/SandBox/scripts_CD-CT/sources/MONAN-Model_1.4.3-rc/src/external/SMIOL -I/opt/cray/pe/netcdf/4.9.0.15/INTEL/2023.2/include -I/opt/cray/pe/parallel-netcdf/1.12.3.15/INTEL/2023.2/include -I./physics_mmm -I./physics_wrf -I./physics_monan -I.. -I../../framework -I../../external/esmf_time_f90
Cloning into 'MPAS-Data'...
rm -f mpas_atmphys_utilities.o mpas_atmphys_utilities.mod
ftn -D_MPI -DUNDERSCORE -DCORE_ATMOSPHERE -DMPAS_NAMELIST_SUFFIX=atmosphere -DMPAS_EXE_NAME=atmosphere_model -DMPAS_OPENMP -DSINGLE_PRECISION -DMPAS_NATIVE_TIMERS -DMPAS_GIT_VERSION=unknown -DMPAS_BUILD_TARGET= -DMPAS_SMIOL_SUPPORT -Dmpas  -O3 -convert big_endian -FR -march=core-avx2 -mtune=core-avx2 -qopenmp -c mpas_atmphys_utilities.F -I/opt/cray/pe/netcdf/4.9.0.15/INTEL/2023.2/include -I/opt/cray/pe/parallel-netcdf/1.12.3.15/INTEL/2023.2/include -I/p/projetos/monan_atm/eduardo.eras/SandBox/scripts_CD-CT/sources/MONAN-Model_1.4.3-rc/src/external/SMIOL -I/opt/cray/pe/netcdf/4.9.0.15/INTEL/2023.2/include -I/opt/cray/pe/parallel-netcdf/1.12.3.15/INTEL/2023.2/include -I./physics_mmm -I./physics_wrf -I./physics_monan -I.. -I../../framework -I../../external/esmf_time_f90
ifx: command line warning #10121: overriding '-march=core-avx2' with '-march=core-avx2'
ifx: command line warning #10121: overriding '-march=core-avx2' with '-march=core-avx2'
ifx: command line warning #10121: overriding '-march=core-avx2' with '-march=core-avx2'
ifx: command line warning #10121: overriding '-march=core-avx2' with '-march=core-avx2'
ifx: command line warning #10121: overriding '-march=core-avx2' with '-march=core-avx2'
ar -ru libphys.a ccpp_kinds.o mpas_atmphys_constants.o mpas_atmphys_date_time.o mpas_atmphys_functions.o mpas_atmphys_utilities.o
ar: creating libphys.a
(cd physics_mmm; make all)
(cd physics_monan; make all COREDEF="-Dmpas")
make[5]: Entering directory '/p/projetos/monan_atm/eduardo.eras/SandBox/scripts_CD-CT/sources/MONAN-Model_1.4.3-rc/src/core_atmosphere/physics/physics_mmm'
echo "****** compiling physics_mmm ******"
ftn -D_MPI -DUNDERSCORE -DCORE_ATMOSPHERE -DMPAS_NAMELIST_SUFFIX=atmosphere -DMPAS_EXE_NAME=atmosphere_model -DMPAS_OPENMP -DSINGLE_PRECISION -DMPAS_NATIVE_TIMERS -DMPAS_GIT_VERSION=unknown -DMPAS_BUILD_TARGET= -DMPAS_SMIOL_SUPPORT  -O3 -convert big_endian -FR -march=core-avx2 -mtune=core-avx2 -qopenmp -c bl_gwdo.F -I/opt/cray/pe/netcdf/4.9.0.15/INTEL/2023.2/include -I/opt/cray/pe/parallel-netcdf/1.12.3.15/INTEL/2023.2/include -I/p/projetos/monan_atm/eduardo.eras/SandBox/scripts_CD-CT/sources/MONAN-Model_1.4.3-rc/src/external/SMIOL -I/opt/cray/pe/netcdf/4.9.0.15/INTEL/2023.2/include -I/opt/cray/pe/parallel-netcdf/1.12.3.15/INTEL/2023.2/include -I.. -I../../../framework -I../../../external/esmf_time_f90
make[5]: Entering directory '/p/projetos/monan_atm/eduardo.eras/SandBox/scripts_CD-CT/sources/MONAN-Model_1.4.3-rc/src/core_atmosphere/physics/physics_monan'
echo "****** compiling physics_monan ******"
ftn -D_MPI -DUNDERSCORE -DCORE_ATMOSPHERE -DMPAS_NAMELIST_SUFFIX=atmosphere -DMPAS_EXE_NAME=atmosphere_model -DMPAS_OPENMP -DSINGLE_PRECISION -DMPAS_NATIVE_TIMERS -DMPAS_GIT_VERSION=unknown -DMPAS_BUILD_TARGET= -DMPAS_SMIOL_SUPPORT -Dmpas -O3 -convert big_endian -FR -march=core-avx2 -mtune=core-avx2 -qopenmp -c modVector.F -I/opt/cray/pe/netcdf/4.9.0.15/INTEL/2023.2/include -I/opt/cray/pe/parallel-netcdf/1.12.3.15/INTEL/2023.2/include -I/p/projetos/monan_atm/eduardo.eras/SandBox/scripts_CD-CT/sources/MONAN-Model_1.4.3-rc/src/external/SMIOL -I/opt/cray/pe/netcdf/4.9.0.15/INTEL/2023.2/include -I/opt/cray/pe/parallel-netcdf/1.12.3.15/INTEL/2023.2/include -I.. -I../physics_mmm -I../../../framework -I../../../external/esmf_time_f90
ftn -D_MPI -DUNDERSCORE -DCORE_ATMOSPHERE -DMPAS_NAMELIST_SUFFIX=atmosphere -DMPAS_EXE_NAME=atmosphere_model -DMPAS_OPENMP -DSINGLE_PRECISION -DMPAS_NATIVE_TIMERS -DMPAS_GIT_VERSION=unknown -DMPAS_BUILD_TARGET= -DMPAS_SMIOL_SUPPORT  -O3 -convert big_endian -FR -march=core-avx2 -mtune=core-avx2 -qopenmp -c mynn_shared.F -I/opt/cray/pe/netcdf/4.9.0.15/INTEL/2023.2/include -I/opt/cray/pe/parallel-netcdf/1.12.3.15/INTEL/2023.2/include -I/p/projetos/monan_atm/eduardo.eras/SandBox/scripts_CD-CT/sources/MONAN-Model_1.4.3-rc/src/external/SMIOL -I/opt/cray/pe/netcdf/4.9.0.15/INTEL/2023.2/include -I/opt/cray/pe/parallel-netcdf/1.12.3.15/INTEL/2023.2/include -I.. -I../../../framework -I../../../external/esmf_time_f90
****** compiling physics_mmm ******
ftn -D_MPI -DUNDERSCORE -DCORE_ATMOSPHERE -DMPAS_NAMELIST_SUFFIX=atmosphere -DMPAS_EXE_NAME=atmosphere_model -DMPAS_OPENMP -DSINGLE_PRECISION -DMPAS_NATIVE_TIMERS -DMPAS_GIT_VERSION=unknown -DMPAS_BUILD_TARGET= -DMPAS_SMIOL_SUPPORT -Dmpas -O3 -convert big_endian -FR -march=core-avx2 -mtune=core-avx2 -qopenmp -c modConstants.F -I/opt/cray/pe/netcdf/4.9.0.15/INTEL/2023.2/include -I/opt/cray/pe/parallel-netcdf/1.12.3.15/INTEL/2023.2/include -I/p/projetos/monan_atm/eduardo.eras/SandBox/scripts_CD-CT/sources/MONAN-Model_1.4.3-rc/src/external/SMIOL -I/opt/cray/pe/netcdf/4.9.0.15/INTEL/2023.2/include -I/opt/cray/pe/parallel-netcdf/1.12.3.15/INTEL/2023.2/include -I.. -I../physics_mmm -I../../../framework -I../../../external/esmf_time_f90
****** compiling physics_monan ******
ftn -D_MPI -DUNDERSCORE -DCORE_ATMOSPHERE -DMPAS_NAMELIST_SUFFIX=atmosphere -DMPAS_EXE_NAME=atmosphere_model -DMPAS_OPENMP -DSINGLE_PRECISION -DMPAS_NATIVE_TIMERS -DMPAS_GIT_VERSION=unknown -DMPAS_BUILD_TARGET= -DMPAS_SMIOL_SUPPORT  -O3 -convert big_endian -FR -march=core-avx2 -mtune=core-avx2 -qopenmp -c bl_ysu.F -I/opt/cray/pe/netcdf/4.9.0.15/INTEL/2023.2/include -I/opt/cray/pe/parallel-netcdf/1.12.3.15/INTEL/2023.2/include -I/p/projetos/monan_atm/eduardo.eras/SandBox/scripts_CD-CT/sources/MONAN-Model_1.4.3-rc/src/external/SMIOL -I/opt/cray/pe/netcdf/4.9.0.15/INTEL/2023.2/include -I/opt/cray/pe/parallel-netcdf/1.12.3.15/INTEL/2023.2/include -I.. -I../../../framework -I../../../external/esmf_time_f90
ftn -D_MPI -DUNDERSCORE -DCORE_ATMOSPHERE -DMPAS_NAMELIST_SUFFIX=atmosphere -DMPAS_EXE_NAME=atmosphere_model -DMPAS_OPENMP -DSINGLE_PRECISION -DMPAS_NATIVE_TIMERS -DMPAS_GIT_VERSION=unknown -DMPAS_BUILD_TARGET= -DMPAS_SMIOL_SUPPORT  -O3 -convert big_endian -FR -march=core-avx2 -mtune=core-avx2 -qopenmp -c bl_taylor.F -I/opt/cray/pe/netcdf/4.9.0.15/INTEL/2023.2/include -I/opt/cray/pe/parallel-netcdf/1.12.3.15/INTEL/2023.2/include -I/p/projetos/monan_atm/eduardo.eras/SandBox/scripts_CD-CT/sources/MONAN-Model_1.4.3-rc/src/external/SMIOL -I/opt/cray/pe/netcdf/4.9.0.15/INTEL/2023.2/include -I/opt/cray/pe/parallel-netcdf/1.12.3.15/INTEL/2023.2/include -I.. -I../../../framework -I../../../external/esmf_time_f90
ftn -D_MPI -DUNDERSCORE -DCORE_ATMOSPHERE -DMPAS_NAMELIST_SUFFIX=atmosphere -DMPAS_EXE_NAME=atmosphere_model -DMPAS_OPENMP -DSINGLE_PRECISION -DMPAS_NATIVE_TIMERS -DMPAS_GIT_VERSION=unknown -DMPAS_BUILD_TARGET= -DMPAS_SMIOL_SUPPORT -Dmpas -O3 -convert big_endian -FR -march=core-avx2 -mtune=core-avx2 -qopenmp -c modGate.F -I/opt/cray/pe/netcdf/4.9.0.15/INTEL/2023.2/include -I/opt/cray/pe/parallel-netcdf/1.12.3.15/INTEL/2023.2/include -I/p/projetos/monan_atm/eduardo.eras/SandBox/scripts_CD-CT/sources/MONAN-Model_1.4.3-rc/src/external/SMIOL -I/opt/cray/pe/netcdf/4.9.0.15/INTEL/2023.2/include -I/opt/cray/pe/parallel-netcdf/1.12.3.15/INTEL/2023.2/include -I.. -I../physics_mmm -I../../../framework -I../../../external/esmf_time_f90
ifx: command line warning #10121: overriding '-march=core-avx2' with '-march=core-avx2'
ifx: command line warning #10121: overriding '-march=core-avx2' with '-march=core-avx2'
ifx: command line warning #10121: overriding '-march=core-avx2' with '-march=core-avx2'
ifx: command line warning #10121: overriding '-march=core-avx2' with '-march=core-avx2'
ifx: command line warning #10121: overriding '-march=core-avx2' with '-march=core-avx2'
ifx: command line warning #10121: overriding '-march=core-avx2' with '-march=core-avx2'
ifx: command line warning #10121: overriding '-march=core-avx2' with '-march=core-avx2'
ftn -D_MPI -DUNDERSCORE -DCORE_ATMOSPHERE -DMPAS_NAMELIST_SUFFIX=atmosphere -DMPAS_EXE_NAME=atmosphere_model -DMPAS_OPENMP -DSINGLE_PRECISION -DMPAS_NATIVE_TIMERS -DMPAS_GIT_VERSION=unknown -DMPAS_BUILD_TARGET= -DMPAS_SMIOL_SUPPORT  -O3 -convert big_endian -FR -march=core-avx2 -mtune=core-avx2 -qopenmp -c cu_ntiedtke.F -I/opt/cray/pe/netcdf/4.9.0.15/INTEL/2023.2/include -I/opt/cray/pe/parallel-netcdf/1.12.3.15/INTEL/2023.2/include -I/p/projetos/monan_atm/eduardo.eras/SandBox/scripts_CD-CT/sources/MONAN-Model_1.4.3-rc/src/external/SMIOL -I/opt/cray/pe/netcdf/4.9.0.15/INTEL/2023.2/include -I/opt/cray/pe/parallel-netcdf/1.12.3.15/INTEL/2023.2/include -I.. -I../../../framework -I../../../external/esmf_time_f90
ftn -D_MPI -DUNDERSCORE -DCORE_ATMOSPHERE -DMPAS_NAMELIST_SUFFIX=atmosphere -DMPAS_EXE_NAME=atmosphere_model -DMPAS_OPENMP -DSINGLE_PRECISION -DMPAS_NATIVE_TIMERS -DMPAS_GIT_VERSION=unknown -DMPAS_BUILD_TARGET= -DMPAS_SMIOL_SUPPORT  -O3 -convert big_endian -FR -march=core-avx2 -mtune=core-avx2 -qopenmp -c mp_radar.F -I/opt/cray/pe/netcdf/4.9.0.15/INTEL/2023.2/include -I/opt/cray/pe/parallel-netcdf/1.12.3.15/INTEL/2023.2/include -I/p/projetos/monan_atm/eduardo.eras/SandBox/scripts_CD-CT/sources/MONAN-Model_1.4.3-rc/src/external/SMIOL -I/opt/cray/pe/netcdf/4.9.0.15/INTEL/2023.2/include -I/opt/cray/pe/parallel-netcdf/1.12.3.15/INTEL/2023.2/include -I.. -I../../../framework -I../../../external/esmf_time_f90
ifx: command line warning #10121: overriding '-march=core-avx2' with '-march=core-avx2'
ftn -D_MPI -DUNDERSCORE -DCORE_ATMOSPHERE -DMPAS_NAMELIST_SUFFIX=atmosphere -DMPAS_EXE_NAME=atmosphere_model -DMPAS_OPENMP -DSINGLE_PRECISION -DMPAS_NATIVE_TIMERS -DMPAS_GIT_VERSION=unknown -DMPAS_BUILD_TARGET= -DMPAS_SMIOL_SUPPORT -Dmpas -O3 -convert big_endian -FR -march=core-avx2 -mtune=core-avx2 -qopenmp -c modHenrysLawCts.F -I/opt/cray/pe/netcdf/4.9.0.15/INTEL/2023.2/include -I/opt/cray/pe/parallel-netcdf/1.12.3.15/INTEL/2023.2/include -I/p/projetos/monan_atm/eduardo.eras/SandBox/scripts_CD-CT/sources/MONAN-Model_1.4.3-rc/src/external/SMIOL -I/opt/cray/pe/netcdf/4.9.0.15/INTEL/2023.2/include -I/opt/cray/pe/parallel-netcdf/1.12.3.15/INTEL/2023.2/include -I.. -I../physics_mmm -I../../../framework -I../../../external/esmf_time_f90
ifx: command line warning #10121: overriding '-march=core-avx2' with '-march=core-avx2'
ifx: command line warning #10121: overriding '-march=core-avx2' with '-march=core-avx2'
ftn -D_MPI -DUNDERSCORE -DCORE_ATMOSPHERE -DMPAS_NAMELIST_SUFFIX=atmosphere -DMPAS_EXE_NAME=atmosphere_model -DMPAS_OPENMP -DSINGLE_PRECISION -DMPAS_NATIVE_TIMERS -DMPAS_GIT_VERSION=unknown -DMPAS_BUILD_TARGET= -DMPAS_SMIOL_SUPPORT  -O3 -convert big_endian -FR -march=core-avx2 -mtune=core-avx2 -qopenmp -c module_libmassv.F -I/opt/cray/pe/netcdf/4.9.0.15/INTEL/2023.2/include -I/opt/cray/pe/parallel-netcdf/1.12.3.15/INTEL/2023.2/include -I/p/projetos/monan_atm/eduardo.eras/SandBox/scripts_CD-CT/sources/MONAN-Model_1.4.3-rc/src/external/SMIOL -I/opt/cray/pe/netcdf/4.9.0.15/INTEL/2023.2/include -I/opt/cray/pe/parallel-netcdf/1.12.3.15/INTEL/2023.2/include -I.. -I../../../framework -I../../../external/esmf_time_f90
ifx: command line warning #10121: overriding '-march=core-avx2' with '-march=core-avx2'
ftn -D_MPI -DUNDERSCORE -DCORE_ATMOSPHERE -DMPAS_NAMELIST_SUFFIX=atmosphere -DMPAS_EXE_NAME=atmosphere_model -DMPAS_OPENMP -DSINGLE_PRECISION -DMPAS_NATIVE_TIMERS -DMPAS_GIT_VERSION=unknown -DMPAS_BUILD_TARGET= -DMPAS_SMIOL_SUPPORT -Dmpas -O3 -convert big_endian -FR -march=core-avx2 -mtune=core-avx2 -qopenmp -c module_mp_cldfra_cb.F -I/opt/cray/pe/netcdf/4.9.0.15/INTEL/2023.2/include -I/opt/cray/pe/parallel-netcdf/1.12.3.15/INTEL/2023.2/include -I/p/projetos/monan_atm/eduardo.eras/SandBox/scripts_CD-CT/sources/MONAN-Model_1.4.3-rc/src/external/SMIOL -I/opt/cray/pe/netcdf/4.9.0.15/INTEL/2023.2/include -I/opt/cray/pe/parallel-netcdf/1.12.3.15/INTEL/2023.2/include -I.. -I../physics_mmm -I../../../framework -I../../../external/esmf_time_f90
ifx: command line warning #10121: overriding '-march=core-avx2' with '-march=core-avx2'
ftn -D_MPI -DUNDERSCORE -DCORE_ATMOSPHERE -DMPAS_NAMELIST_SUFFIX=atmosphere -DMPAS_EXE_NAME=atmosphere_model -DMPAS_OPENMP -DSINGLE_PRECISION -DMPAS_NATIVE_TIMERS -DMPAS_GIT_VERSION=unknown -DMPAS_BUILD_TARGET= -DMPAS_SMIOL_SUPPORT -Dmpas -O3 -convert big_endian -FR -march=core-avx2 -mtune=core-avx2 -qopenmp -c module_bl_mixingscalars.F -I/opt/cray/pe/netcdf/4.9.0.15/INTEL/2023.2/include -I/opt/cray/pe/parallel-netcdf/1.12.3.15/INTEL/2023.2/include -I/p/projetos/monan_atm/eduardo.eras/SandBox/scripts_CD-CT/sources/MONAN-Model_1.4.3-rc/src/external/SMIOL -I/opt/cray/pe/netcdf/4.9.0.15/INTEL/2023.2/include -I/opt/cray/pe/parallel-netcdf/1.12.3.15/INTEL/2023.2/include -I.. -I../physics_mmm -I../../../framework -I../../../external/esmf_time_f90
ifx: command line warning #10121: overriding '-march=core-avx2' with '-march=core-avx2'
ftn -D_MPI -DUNDERSCORE -DCORE_ATMOSPHERE -DMPAS_NAMELIST_SUFFIX=atmosphere -DMPAS_EXE_NAME=atmosphere_model -DMPAS_OPENMP -DSINGLE_PRECISION -DMPAS_NATIVE_TIMERS -DMPAS_GIT_VERSION=unknown -DMPAS_BUILD_TARGET= -DMPAS_SMIOL_SUPPORT  -O3 -convert big_endian -FR -march=core-avx2 -mtune=core-avx2 -qopenmp -c module_sprayHFs.F -I/opt/cray/pe/netcdf/4.9.0.15/INTEL/2023.2/include -I/opt/cray/pe/parallel-netcdf/1.12.3.15/INTEL/2023.2/include -I/p/projetos/monan_atm/eduardo.eras/SandBox/scripts_CD-CT/sources/MONAN-Model_1.4.3-rc/src/external/SMIOL -I/opt/cray/pe/netcdf/4.9.0.15/INTEL/2023.2/include -I/opt/cray/pe/parallel-netcdf/1.12.3.15/INTEL/2023.2/include -I.. -I../../../framework -I../../../external/esmf_time_f90
ifx: command line warning #10121: overriding '-march=core-avx2' with '-march=core-avx2'
ftn -D_MPI -DUNDERSCORE -DCORE_ATMOSPHERE -DMPAS_NAMELIST_SUFFIX=atmosphere -DMPAS_EXE_NAME=atmosphere_model -DMPAS_OPENMP -DSINGLE_PRECISION -DMPAS_NATIVE_TIMERS -DMPAS_GIT_VERSION=unknown -DMPAS_BUILD_TARGET= -DMPAS_SMIOL_SUPPORT  -O3 -convert big_endian -FR -march=core-avx2 -mtune=core-avx2 -qopenmp -c sf_sfclayrev.F -I/opt/cray/pe/netcdf/4.9.0.15/INTEL/2023.2/include -I/opt/cray/pe/parallel-netcdf/1.12.3.15/INTEL/2023.2/include -I/p/projetos/monan_atm/eduardo.eras/SandBox/scripts_CD-CT/sources/MONAN-Model_1.4.3-rc/src/external/SMIOL -I/opt/cray/pe/netcdf/4.9.0.15/INTEL/2023.2/include -I/opt/cray/pe/parallel-netcdf/1.12.3.15/INTEL/2023.2/include -I.. -I../../../framework -I../../../external/esmf_time_f90
ftn -D_MPI -DUNDERSCORE -DCORE_ATMOSPHERE -DMPAS_NAMELIST_SUFFIX=atmosphere -DMPAS_EXE_NAME=atmosphere_model -DMPAS_OPENMP -DSINGLE_PRECISION -DMPAS_NATIVE_TIMERS -DMPAS_GIT_VERSION=unknown -DMPAS_BUILD_TARGET= -DMPAS_SMIOL_SUPPORT -Dmpas -O3 -convert big_endian -FR -march=core-avx2 -mtune=core-avx2 -qopenmp -c module_cu_gf.monan.F -I/opt/cray/pe/netcdf/4.9.0.15/INTEL/2023.2/include -I/opt/cray/pe/parallel-netcdf/1.12.3.15/INTEL/2023.2/include -I/p/projetos/monan_atm/eduardo.eras/SandBox/scripts_CD-CT/sources/MONAN-Model_1.4.3-rc/src/external/SMIOL -I/opt/cray/pe/netcdf/4.9.0.15/INTEL/2023.2/include -I/opt/cray/pe/parallel-netcdf/1.12.3.15/INTEL/2023.2/include -I.. -I../physics_mmm -I../../../framework -I../../../external/esmf_time_f90
ifx: command line warning #10121: overriding '-march=core-avx2' with '-march=core-avx2'
ifx: command line warning #10121: overriding '-march=core-avx2' with '-march=core-avx2'
ftn -D_MPI -DUNDERSCORE -DCORE_ATMOSPHERE -DMPAS_NAMELIST_SUFFIX=atmosphere -DMPAS_EXE_NAME=atmosphere_model -DMPAS_OPENMP -DSINGLE_PRECISION -DMPAS_NATIVE_TIMERS -DMPAS_GIT_VERSION=unknown -DMPAS_BUILD_TARGET= -DMPAS_SMIOL_SUPPORT  -O3 -convert big_endian -FR -march=core-avx2 -mtune=core-avx2 -qopenmp -c bl_mynn_subroutines.F -I/opt/cray/pe/netcdf/4.9.0.15/INTEL/2023.2/include -I/opt/cray/pe/parallel-netcdf/1.12.3.15/INTEL/2023.2/include -I/p/projetos/monan_atm/eduardo.eras/SandBox/scripts_CD-CT/sources/MONAN-Model_1.4.3-rc/src/external/SMIOL -I/opt/cray/pe/netcdf/4.9.0.15/INTEL/2023.2/include -I/opt/cray/pe/parallel-netcdf/1.12.3.15/INTEL/2023.2/include -I.. -I../../../framework -I../../../external/esmf_time_f90
ifx: command line warning #10121: overriding '-march=core-avx2' with '-march=core-avx2'
ftn -D_MPI -DUNDERSCORE -DCORE_ATMOSPHERE -DMPAS_NAMELIST_SUFFIX=atmosphere -DMPAS_EXE_NAME=atmosphere_model -DMPAS_OPENMP -DSINGLE_PRECISION -DMPAS_NATIVE_TIMERS -DMPAS_GIT_VERSION=unknown -DMPAS_BUILD_TARGET= -DMPAS_SMIOL_SUPPORT  -O3 -convert big_endian -FR -march=core-avx2 -mtune=core-avx2 -qopenmp -c mp_wsm6.F -I/opt/cray/pe/netcdf/4.9.0.15/INTEL/2023.2/include -I/opt/cray/pe/parallel-netcdf/1.12.3.15/INTEL/2023.2/include -I/p/projetos/monan_atm/eduardo.eras/SandBox/scripts_CD-CT/sources/MONAN-Model_1.4.3-rc/src/external/SMIOL -I/opt/cray/pe/netcdf/4.9.0.15/INTEL/2023.2/include -I/opt/cray/pe/parallel-netcdf/1.12.3.15/INTEL/2023.2/include -I.. -I../../../framework -I../../../external/esmf_time_f90
ifx: command line warning #10121: overriding '-march=core-avx2' with '-march=core-avx2'
module_cu_gf.monan.F(10064): warning #6843: A dummy argument with an explicit INTENT(OUT) declaration is not given an explicit value.   [CAP_MAXS]
                           ,cap_max_increment,cap_max,cap_maxs,MOIST_TRIGGER)
------------------------------------------------------^
module_cu_gf.monan.F(7964): warning #6843: A dummy argument with an explicit INTENT(OUT) declaration is not given an explicit value.   [SUBTEN_T]
                        ,subten_H, subten_Q, subten_T, subten_U, subten_V         )
---------------------------------------------^
module_cu_gf.monan.F(4542): warning #6843: A dummy argument with an explicit INTENT(OUT) declaration is not given an explicit value.   [SUBTEN_U]
                            ,subten_T,subten_Q,subten_U,subten_V,piexner,precip_rescaled     )
-----------------------------------------------^
module_cu_gf.monan.F(4542): warning #6843: A dummy argument with an explicit INTENT(OUT) declaration is not given an explicit value.   [SUBTEN_V]
                            ,subten_T,subten_Q,subten_U,subten_V,piexner,precip_rescaled     )
--------------------------------------------------------^
ftn -D_MPI -DUNDERSCORE -DCORE_ATMOSPHERE -DMPAS_NAMELIST_SUFFIX=atmosphere -DMPAS_EXE_NAME=atmosphere_model -DMPAS_OPENMP -DSINGLE_PRECISION -DMPAS_NATIVE_TIMERS -DMPAS_GIT_VERSION=unknown -DMPAS_BUILD_TARGET= -DMPAS_SMIOL_SUPPORT  -O3 -convert big_endian -FR -march=core-avx2 -mtune=core-avx2 -qopenmp -c sf_mynn.F -I/opt/cray/pe/netcdf/4.9.0.15/INTEL/2023.2/include -I/opt/cray/pe/parallel-netcdf/1.12.3.15/INTEL/2023.2/include -I/p/projetos/monan_atm/eduardo.eras/SandBox/scripts_CD-CT/sources/MONAN-Model_1.4.3-rc/src/external/SMIOL -I/opt/cray/pe/netcdf/4.9.0.15/INTEL/2023.2/include -I/opt/cray/pe/parallel-netcdf/1.12.3.15/INTEL/2023.2/include -I.. -I../../../framework -I../../../external/esmf_time_f90
ifx: command line warning #10121: overriding '-march=core-avx2' with '-march=core-avx2'
Note: switching to 'v8.0'.

You are in 'detached HEAD' state. You can look around, make experimental
changes and commit them, and you can discard any commits you make in this
state without impacting any branches by switching back to a branch.

If you want to create a new branch to retain commits you create, you may
do so (now or later) by using -c with the switch command. Example:

  git switch -c <new-branch-name>

Or undo this operation with:

  git switch -

Turn off this advice by setting config variable advice.detachedHead to false

HEAD is now at 5748548 Merge branch 'noah-v4.5' into develop (PR #4)
*** Found v8.0 tag ***
*** Successfully obtained compatible versions of WRF physics tables ***
ftn -D_MPI -DUNDERSCORE -DCORE_ATMOSPHERE -DMPAS_NAMELIST_SUFFIX=atmosphere -DMPAS_EXE_NAME=atmosphere_model -DMPAS_OPENMP -DSINGLE_PRECISION -DMPAS_NATIVE_TIMERS -DMPAS_GIT_VERSION=unknown -DMPAS_BUILD_TARGET= -DMPAS_SMIOL_SUPPORT  -O3 -convert big_endian -FR -march=core-avx2 -mtune=core-avx2 -qopenmp -c mp_wsm6_effectRad.F -I/opt/cray/pe/netcdf/4.9.0.15/INTEL/2023.2/include -I/opt/cray/pe/parallel-netcdf/1.12.3.15/INTEL/2023.2/include -I/p/projetos/monan_atm/eduardo.eras/SandBox/scripts_CD-CT/sources/MONAN-Model_1.4.3-rc/src/external/SMIOL -I/opt/cray/pe/netcdf/4.9.0.15/INTEL/2023.2/include -I/opt/cray/pe/parallel-netcdf/1.12.3.15/INTEL/2023.2/include -I.. -I../../../framework -I../../../external/esmf_time_f90
ifx: command line warning #10121: overriding '-march=core-avx2' with '-march=core-avx2'
ftn -D_MPI -DUNDERSCORE -DCORE_ATMOSPHERE -DMPAS_NAMELIST_SUFFIX=atmosphere -DMPAS_EXE_NAME=atmosphere_model -DMPAS_OPENMP -DSINGLE_PRECISION -DMPAS_NATIVE_TIMERS -DMPAS_GIT_VERSION=unknown -DMPAS_BUILD_TARGET= -DMPAS_SMIOL_SUPPORT  -O3 -convert big_endian -FR -march=core-avx2 -mtune=core-avx2 -qopenmp -c bl_mynn.F -I/opt/cray/pe/netcdf/4.9.0.15/INTEL/2023.2/include -I/opt/cray/pe/parallel-netcdf/1.12.3.15/INTEL/2023.2/include -I/p/projetos/monan_atm/eduardo.eras/SandBox/scripts_CD-CT/sources/MONAN-Model_1.4.3-rc/src/external/SMIOL -I/opt/cray/pe/netcdf/4.9.0.15/INTEL/2023.2/include -I/opt/cray/pe/parallel-netcdf/1.12.3.15/INTEL/2023.2/include -I.. -I../../../framework -I../../../external/esmf_time_f90
ifx: command line warning #10121: overriding '-march=core-avx2' with '-march=core-avx2'
ar -ru ./../libphys.a bl_gwdo.o bl_mynn.o bl_mynn_subroutines.o bl_ysu.o bl_taylor.o cu_ntiedtke.o mp_radar.o mp_wsm6_effectRad.o mp_wsm6.o mynn_shared.o sf_mynn.o sf_sfclayrev.o module_libmassv.o module_sprayHFs.o
make[5]: Leaving directory '/p/projetos/monan_atm/eduardo.eras/SandBox/scripts_CD-CT/sources/MONAN-Model_1.4.3-rc/src/core_atmosphere/physics/physics_mmm'
(cd physics_wrf; make all COREDEF="-Dmpas")
make[5]: Entering directory '/p/projetos/monan_atm/eduardo.eras/SandBox/scripts_CD-CT/sources/MONAN-Model_1.4.3-rc/src/core_atmosphere/physics/physics_wrf'
echo "****** compiling physics_wrf ******"
ftn -D_MPI -DUNDERSCORE -DCORE_ATMOSPHERE -DMPAS_NAMELIST_SUFFIX=atmosphere -DMPAS_EXE_NAME=atmosphere_model -DMPAS_OPENMP -DSINGLE_PRECISION -DMPAS_NATIVE_TIMERS -DMPAS_GIT_VERSION=unknown -DMPAS_BUILD_TARGET= -DMPAS_SMIOL_SUPPORT -Dmpas -O3 -convert big_endian -FR -march=core-avx2 -mtune=core-avx2 -qopenmp -c libmassv.F -I/opt/cray/pe/netcdf/4.9.0.15/INTEL/2023.2/include -I/opt/cray/pe/parallel-netcdf/1.12.3.15/INTEL/2023.2/include -I/p/projetos/monan_atm/eduardo.eras/SandBox/scripts_CD-CT/sources/MONAN-Model_1.4.3-rc/src/external/SMIOL -I/opt/cray/pe/netcdf/4.9.0.15/INTEL/2023.2/include -I/opt/cray/pe/parallel-netcdf/1.12.3.15/INTEL/2023.2/include -I.. -I../physics_mmm -I../../../framework -I../../../external/esmf_time_f90
ftn -D_MPI -DUNDERSCORE -DCORE_ATMOSPHERE -DMPAS_NAMELIST_SUFFIX=atmosphere -DMPAS_EXE_NAME=atmosphere_model -DMPAS_OPENMP -DSINGLE_PRECISION -DMPAS_NATIVE_TIMERS -DMPAS_GIT_VERSION=unknown -DMPAS_BUILD_TARGET= -DMPAS_SMIOL_SUPPORT -Dmpas -O3 -convert big_endian -FR -march=core-avx2 -mtune=core-avx2 -qopenmp -c module_bep_bem_helper.F -I/opt/cray/pe/netcdf/4.9.0.15/INTEL/2023.2/include -I/opt/cray/pe/parallel-netcdf/1.12.3.15/INTEL/2023.2/include -I/p/projetos/monan_atm/eduardo.eras/SandBox/scripts_CD-CT/sources/MONAN-Model_1.4.3-rc/src/external/SMIOL -I/opt/cray/pe/netcdf/4.9.0.15/INTEL/2023.2/include -I/opt/cray/pe/parallel-netcdf/1.12.3.15/INTEL/2023.2/include -I.. -I../physics_mmm -I../../../framework -I../../../external/esmf_time_f90
****** compiling physics_wrf ******
ftn -D_MPI -DUNDERSCORE -DCORE_ATMOSPHERE -DMPAS_NAMELIST_SUFFIX=atmosphere -DMPAS_EXE_NAME=atmosphere_model -DMPAS_OPENMP -DSINGLE_PRECISION -DMPAS_NATIVE_TIMERS -DMPAS_GIT_VERSION=unknown -DMPAS_BUILD_TARGET= -DMPAS_SMIOL_SUPPORT -Dmpas -O3 -convert big_endian -FR -march=core-avx2 -mtune=core-avx2 -qopenmp -c module_bl_gwdo.F -I/opt/cray/pe/netcdf/4.9.0.15/INTEL/2023.2/include -I/opt/cray/pe/parallel-netcdf/1.12.3.15/INTEL/2023.2/include -I/p/projetos/monan_atm/eduardo.eras/SandBox/scripts_CD-CT/sources/MONAN-Model_1.4.3-rc/src/external/SMIOL -I/opt/cray/pe/netcdf/4.9.0.15/INTEL/2023.2/include -I/opt/cray/pe/parallel-netcdf/1.12.3.15/INTEL/2023.2/include -I.. -I../physics_mmm -I../../../framework -I../../../external/esmf_time_f90
ftn -D_MPI -DUNDERSCORE -DCORE_ATMOSPHERE -DMPAS_NAMELIST_SUFFIX=atmosphere -DMPAS_EXE_NAME=atmosphere_model -DMPAS_OPENMP -DSINGLE_PRECISION -DMPAS_NATIVE_TIMERS -DMPAS_GIT_VERSION=unknown -DMPAS_BUILD_TARGET= -DMPAS_SMIOL_SUPPORT -Dmpas -O3 -convert big_endian -FR -march=core-avx2 -mtune=core-avx2 -qopenmp -c bl_mynn_post.F -I/opt/cray/pe/netcdf/4.9.0.15/INTEL/2023.2/include -I/opt/cray/pe/parallel-netcdf/1.12.3.15/INTEL/2023.2/include -I/p/projetos/monan_atm/eduardo.eras/SandBox/scripts_CD-CT/sources/MONAN-Model_1.4.3-rc/src/external/SMIOL -I/opt/cray/pe/netcdf/4.9.0.15/INTEL/2023.2/include -I/opt/cray/pe/parallel-netcdf/1.12.3.15/INTEL/2023.2/include -I.. -I../physics_mmm -I../../../framework -I../../../external/esmf_time_f90
ftn -D_MPI -DUNDERSCORE -DCORE_ATMOSPHERE -DMPAS_NAMELIST_SUFFIX=atmosphere -DMPAS_EXE_NAME=atmosphere_model -DMPAS_OPENMP -DSINGLE_PRECISION -DMPAS_NATIVE_TIMERS -DMPAS_GIT_VERSION=unknown -DMPAS_BUILD_TARGET= -DMPAS_SMIOL_SUPPORT -Dmpas -O3 -convert big_endian -FR -march=core-avx2 -mtune=core-avx2 -qopenmp -c bl_mynn_pre.F -I/opt/cray/pe/netcdf/4.9.0.15/INTEL/2023.2/include -I/opt/cray/pe/parallel-netcdf/1.12.3.15/INTEL/2023.2/include -I/p/projetos/monan_atm/eduardo.eras/SandBox/scripts_CD-CT/sources/MONAN-Model_1.4.3-rc/src/external/SMIOL -I/opt/cray/pe/netcdf/4.9.0.15/INTEL/2023.2/include -I/opt/cray/pe/parallel-netcdf/1.12.3.15/INTEL/2023.2/include -I.. -I../physics_mmm -I../../../framework -I../../../external/esmf_time_f90
ftn -D_MPI -DUNDERSCORE -DCORE_ATMOSPHERE -DMPAS_NAMELIST_SUFFIX=atmosphere -DMPAS_EXE_NAME=atmosphere_model -DMPAS_OPENMP -DSINGLE_PRECISION -DMPAS_NATIVE_TIMERS -DMPAS_GIT_VERSION=unknown -DMPAS_BUILD_TARGET= -DMPAS_SMIOL_SUPPORT -Dmpas -O3 -convert big_endian -FR -march=core-avx2 -mtune=core-avx2 -qopenmp -c module_bl_ysu.F -I/opt/cray/pe/netcdf/4.9.0.15/INTEL/2023.2/include -I/opt/cray/pe/parallel-netcdf/1.12.3.15/INTEL/2023.2/include -I/p/projetos/monan_atm/eduardo.eras/SandBox/scripts_CD-CT/sources/MONAN-Model_1.4.3-rc/src/external/SMIOL -I/opt/cray/pe/netcdf/4.9.0.15/INTEL/2023.2/include -I/opt/cray/pe/parallel-netcdf/1.12.3.15/INTEL/2023.2/include -I.. -I../physics_mmm -I../../../framework -I../../../external/esmf_time_f90
ftn -D_MPI -DUNDERSCORE -DCORE_ATMOSPHERE -DMPAS_NAMELIST_SUFFIX=atmosphere -DMPAS_EXE_NAME=atmosphere_model -DMPAS_OPENMP -DSINGLE_PRECISION -DMPAS_NATIVE_TIMERS -DMPAS_GIT_VERSION=unknown -DMPAS_BUILD_TARGET= -DMPAS_SMIOL_SUPPORT -Dmpas -O3 -convert big_endian -FR -march=core-avx2 -mtune=core-avx2 -qopenmp -c module_cam_error_function.F -I/opt/cray/pe/netcdf/4.9.0.15/INTEL/2023.2/include -I/opt/cray/pe/parallel-netcdf/1.12.3.15/INTEL/2023.2/include -I/p/projetos/monan_atm/eduardo.eras/SandBox/scripts_CD-CT/sources/MONAN-Model_1.4.3-rc/src/external/SMIOL -I/opt/cray/pe/netcdf/4.9.0.15/INTEL/2023.2/include -I/opt/cray/pe/parallel-netcdf/1.12.3.15/INTEL/2023.2/include -I.. -I../physics_mmm -I../../../framework -I../../../external/esmf_time_f90
ifx: command line warning #10121: overriding '-march=core-avx2' with '-march=core-avx2'
ifx: command line warning #10121: overriding '-march=core-avx2' with '-march=core-avx2'
ifx: command line warning #10121: overriding '-march=core-avx2' with '-march=core-avx2'
ifx: command line warning #10121: overriding '-march=core-avx2' with '-march=core-avx2'
ifx: command line warning #10121: overriding '-march=core-avx2' with '-march=core-avx2'
ifx: command line warning #10121: overriding '-march=core-avx2' with '-march=core-avx2'
ifx: command line warning #10121: overriding '-march=core-avx2' with '-march=core-avx2'
ftn -D_MPI -DUNDERSCORE -DCORE_ATMOSPHERE -DMPAS_NAMELIST_SUFFIX=atmosphere -DMPAS_EXE_NAME=atmosphere_model -DMPAS_OPENMP -DSINGLE_PRECISION -DMPAS_NATIVE_TIMERS -DMPAS_GIT_VERSION=unknown -DMPAS_BUILD_TARGET= -DMPAS_SMIOL_SUPPORT -Dmpas -O3 -convert big_endian -FR -march=core-avx2 -mtune=core-avx2 -qopenmp -c module_cam_shr_kind_mod.F -I/opt/cray/pe/netcdf/4.9.0.15/INTEL/2023.2/include -I/opt/cray/pe/parallel-netcdf/1.12.3.15/INTEL/2023.2/include -I/p/projetos/monan_atm/eduardo.eras/SandBox/scripts_CD-CT/sources/MONAN-Model_1.4.3-rc/src/external/SMIOL -I/opt/cray/pe/netcdf/4.9.0.15/INTEL/2023.2/include -I/opt/cray/pe/parallel-netcdf/1.12.3.15/INTEL/2023.2/include -I.. -I../physics_mmm -I../../../framework -I../../../external/esmf_time_f90
ifx: command line warning #10121: overriding '-march=core-avx2' with '-march=core-avx2'
ftn -D_MPI -DUNDERSCORE -DCORE_ATMOSPHERE -DMPAS_NAMELIST_SUFFIX=atmosphere -DMPAS_EXE_NAME=atmosphere_model -DMPAS_OPENMP -DSINGLE_PRECISION -DMPAS_NATIVE_TIMERS -DMPAS_GIT_VERSION=unknown -DMPAS_BUILD_TARGET= -DMPAS_SMIOL_SUPPORT -Dmpas -O3 -convert big_endian -FR -march=core-avx2 -mtune=core-avx2 -qopenmp -c module_cu_gf.mpas.F -I/opt/cray/pe/netcdf/4.9.0.15/INTEL/2023.2/include -I/opt/cray/pe/parallel-netcdf/1.12.3.15/INTEL/2023.2/include -I/p/projetos/monan_atm/eduardo.eras/SandBox/scripts_CD-CT/sources/MONAN-Model_1.4.3-rc/src/external/SMIOL -I/opt/cray/pe/netcdf/4.9.0.15/INTEL/2023.2/include -I/opt/cray/pe/parallel-netcdf/1.12.3.15/INTEL/2023.2/include -I.. -I../physics_mmm -I../../../framework -I../../../external/esmf_time_f90
ifx: command line warning #10121: overriding '-march=core-avx2' with '-march=core-avx2'
ftn -D_MPI -DUNDERSCORE -DCORE_ATMOSPHERE -DMPAS_NAMELIST_SUFFIX=atmosphere -DMPAS_EXE_NAME=atmosphere_model -DMPAS_OPENMP -DSINGLE_PRECISION -DMPAS_NATIVE_TIMERS -DMPAS_GIT_VERSION=unknown -DMPAS_BUILD_TARGET= -DMPAS_SMIOL_SUPPORT -Dmpas -O3 -convert big_endian -FR -march=core-avx2 -mtune=core-avx2 -qopenmp -c module_cu_tiedtke.F -I/opt/cray/pe/netcdf/4.9.0.15/INTEL/2023.2/include -I/opt/cray/pe/parallel-netcdf/1.12.3.15/INTEL/2023.2/include -I/p/projetos/monan_atm/eduardo.eras/SandBox/scripts_CD-CT/sources/MONAN-Model_1.4.3-rc/src/external/SMIOL -I/opt/cray/pe/netcdf/4.9.0.15/INTEL/2023.2/include -I/opt/cray/pe/parallel-netcdf/1.12.3.15/INTEL/2023.2/include -I.. -I../physics_mmm -I../../../framework -I../../../external/esmf_time_f90
ftn -D_MPI -DUNDERSCORE -DCORE_ATMOSPHERE -DMPAS_NAMELIST_SUFFIX=atmosphere -DMPAS_EXE_NAME=atmosphere_model -DMPAS_OPENMP -DSINGLE_PRECISION -DMPAS_NATIVE_TIMERS -DMPAS_GIT_VERSION=unknown -DMPAS_BUILD_TARGET= -DMPAS_SMIOL_SUPPORT -Dmpas -O3 -convert big_endian -FR -march=core-avx2 -mtune=core-avx2 -qopenmp -c module_cu_ntiedtke.F -I/opt/cray/pe/netcdf/4.9.0.15/INTEL/2023.2/include -I/opt/cray/pe/parallel-netcdf/1.12.3.15/INTEL/2023.2/include -I/p/projetos/monan_atm/eduardo.eras/SandBox/scripts_CD-CT/sources/MONAN-Model_1.4.3-rc/src/external/SMIOL -I/opt/cray/pe/netcdf/4.9.0.15/INTEL/2023.2/include -I/opt/cray/pe/parallel-netcdf/1.12.3.15/INTEL/2023.2/include -I.. -I../physics_mmm -I../../../framework -I../../../external/esmf_time_f90
ftn -D_MPI -DUNDERSCORE -DCORE_ATMOSPHERE -DMPAS_NAMELIST_SUFFIX=atmosphere -DMPAS_EXE_NAME=atmosphere_model -DMPAS_OPENMP -DSINGLE_PRECISION -DMPAS_NATIVE_TIMERS -DMPAS_GIT_VERSION=unknown -DMPAS_BUILD_TARGET= -DMPAS_SMIOL_SUPPORT -Dmpas -O3 -convert big_endian -FR -march=core-avx2 -mtune=core-avx2 -qopenmp -c module_cu_kfeta.F -I/opt/cray/pe/netcdf/4.9.0.15/INTEL/2023.2/include -I/opt/cray/pe/parallel-netcdf/1.12.3.15/INTEL/2023.2/include -I/p/projetos/monan_atm/eduardo.eras/SandBox/scripts_CD-CT/sources/MONAN-Model_1.4.3-rc/src/external/SMIOL -I/opt/cray/pe/netcdf/4.9.0.15/INTEL/2023.2/include -I/opt/cray/pe/parallel-netcdf/1.12.3.15/INTEL/2023.2/include -I.. -I../physics_mmm -I../../../framework -I../../../external/esmf_time_f90
ifx: command line warning #10121: overriding '-march=core-avx2' with '-march=core-avx2'
ifx: command line warning #10121: overriding '-march=core-avx2' with '-march=core-avx2'
ifx: command line warning #10121: overriding '-march=core-avx2' with '-march=core-avx2'
module_cu_gf.mpas.F(4151): warning #6843: A dummy argument with an explicit INTENT(OUT) declaration is not given an explicit value.   [PRE]
              TN,QO,PO,PRE,P,OUTT,OUTQ,DTIME,ktau,PSUR,US,VS,    &
-----------------------^
ftn -D_MPI -DUNDERSCORE -DCORE_ATMOSPHERE -DMPAS_NAMELIST_SUFFIX=atmosphere -DMPAS_EXE_NAME=atmosphere_model -DMPAS_OPENMP -DSINGLE_PRECISION -DMPAS_NATIVE_TIMERS -DMPAS_GIT_VERSION=unknown -DMPAS_BUILD_TARGET= -DMPAS_SMIOL_SUPPORT -Dmpas -O3 -convert big_endian -FR -march=core-avx2 -mtune=core-avx2 -qopenmp -c module_mp_kessler.F -I/opt/cray/pe/netcdf/4.9.0.15/INTEL/2023.2/include -I/opt/cray/pe/parallel-netcdf/1.12.3.15/INTEL/2023.2/include -I/p/projetos/monan_atm/eduardo.eras/SandBox/scripts_CD-CT/sources/MONAN-Model_1.4.3-rc/src/external/SMIOL -I/opt/cray/pe/netcdf/4.9.0.15/INTEL/2023.2/include -I/opt/cray/pe/parallel-netcdf/1.12.3.15/INTEL/2023.2/include -I.. -I../physics_mmm -I../../../framework -I../../../external/esmf_time_f90
ifx: command line warning #10121: overriding '-march=core-avx2' with '-march=core-avx2'
ftn -D_MPI -DUNDERSCORE -DCORE_ATMOSPHERE -DMPAS_NAMELIST_SUFFIX=atmosphere -DMPAS_EXE_NAME=atmosphere_model -DMPAS_OPENMP -DSINGLE_PRECISION -DMPAS_NATIVE_TIMERS -DMPAS_GIT_VERSION=unknown -DMPAS_BUILD_TARGET= -DMPAS_SMIOL_SUPPORT -Dmpas -O3 -convert big_endian -FR -march=core-avx2 -mtune=core-avx2 -qopenmp -c module_mp_thompson.F -I/opt/cray/pe/netcdf/4.9.0.15/INTEL/2023.2/include -I/opt/cray/pe/parallel-netcdf/1.12.3.15/INTEL/2023.2/include -I/p/projetos/monan_atm/eduardo.eras/SandBox/scripts_CD-CT/sources/MONAN-Model_1.4.3-rc/src/external/SMIOL -I/opt/cray/pe/netcdf/4.9.0.15/INTEL/2023.2/include -I/opt/cray/pe/parallel-netcdf/1.12.3.15/INTEL/2023.2/include -I.. -I../physics_mmm -I../../../framework -I../../../external/esmf_time_f90
ifx: command line warning #10121: overriding '-march=core-avx2' with '-march=core-avx2'
ftn -D_MPI -DUNDERSCORE -DCORE_ATMOSPHERE -DMPAS_NAMELIST_SUFFIX=atmosphere -DMPAS_EXE_NAME=atmosphere_model -DMPAS_OPENMP -DSINGLE_PRECISION -DMPAS_NATIVE_TIMERS -DMPAS_GIT_VERSION=unknown -DMPAS_BUILD_TARGET= -DMPAS_SMIOL_SUPPORT -Dmpas -O3 -convert big_endian -FR -march=core-avx2 -mtune=core-avx2 -qopenmp -c module_mp_thompson_cldfra3.F -I/opt/cray/pe/netcdf/4.9.0.15/INTEL/2023.2/include -I/opt/cray/pe/parallel-netcdf/1.12.3.15/INTEL/2023.2/include -I/p/projetos/monan_atm/eduardo.eras/SandBox/scripts_CD-CT/sources/MONAN-Model_1.4.3-rc/src/external/SMIOL -I/opt/cray/pe/netcdf/4.9.0.15/INTEL/2023.2/include -I/opt/cray/pe/parallel-netcdf/1.12.3.15/INTEL/2023.2/include -I.. -I../physics_mmm -I../../../framework -I../../../external/esmf_time_f90
ifx: command line warning #10121: overriding '-march=core-avx2' with '-march=core-avx2'
ftn -D_MPI -DUNDERSCORE -DCORE_ATMOSPHERE -DMPAS_NAMELIST_SUFFIX=atmosphere -DMPAS_EXE_NAME=atmosphere_model -DMPAS_OPENMP -DSINGLE_PRECISION -DMPAS_NATIVE_TIMERS -DMPAS_GIT_VERSION=unknown -DMPAS_BUILD_TARGET= -DMPAS_SMIOL_SUPPORT -Dmpas -O3 -convert big_endian -FR -march=core-avx2 -mtune=core-avx2 -qopenmp -c module_mp_wsm6.F -I/opt/cray/pe/netcdf/4.9.0.15/INTEL/2023.2/include -I/opt/cray/pe/parallel-netcdf/1.12.3.15/INTEL/2023.2/include -I/p/projetos/monan_atm/eduardo.eras/SandBox/scripts_CD-CT/sources/MONAN-Model_1.4.3-rc/src/external/SMIOL -I/opt/cray/pe/netcdf/4.9.0.15/INTEL/2023.2/include -I/opt/cray/pe/parallel-netcdf/1.12.3.15/INTEL/2023.2/include -I.. -I../physics_mmm -I../../../framework -I../../../external/esmf_time_f90
ftn -D_MPI -DUNDERSCORE -DCORE_ATMOSPHERE -DMPAS_NAMELIST_SUFFIX=atmosphere -DMPAS_EXE_NAME=atmosphere_model -DMPAS_OPENMP -DSINGLE_PRECISION -DMPAS_NATIVE_TIMERS -DMPAS_GIT_VERSION=unknown -DMPAS_BUILD_TARGET= -DMPAS_SMIOL_SUPPORT -Dmpas -O3 -convert big_endian -FR -march=core-avx2 -mtune=core-avx2 -qopenmp -c module_ra_cam_support.F -I/opt/cray/pe/netcdf/4.9.0.15/INTEL/2023.2/include -I/opt/cray/pe/parallel-netcdf/1.12.3.15/INTEL/2023.2/include -I/p/projetos/monan_atm/eduardo.eras/SandBox/scripts_CD-CT/sources/MONAN-Model_1.4.3-rc/src/external/SMIOL -I/opt/cray/pe/netcdf/4.9.0.15/INTEL/2023.2/include -I/opt/cray/pe/parallel-netcdf/1.12.3.15/INTEL/2023.2/include -I.. -I../physics_mmm -I../../../framework -I../../../external/esmf_time_f90
ifx: command line warning #10121: overriding '-march=core-avx2' with '-march=core-avx2'
ifx: command line warning #10121: overriding '-march=core-avx2' with '-march=core-avx2'
ftn -D_MPI -DUNDERSCORE -DCORE_ATMOSPHERE -DMPAS_NAMELIST_SUFFIX=atmosphere -DMPAS_EXE_NAME=atmosphere_model -DMPAS_OPENMP -DSINGLE_PRECISION -DMPAS_NATIVE_TIMERS -DMPAS_GIT_VERSION=unknown -DMPAS_BUILD_TARGET= -DMPAS_SMIOL_SUPPORT -Dmpas -O3 -convert big_endian -FR -march=core-avx2 -mtune=core-avx2 -qopenmp -c module_ra_rrtmg_vinterp.F -I/opt/cray/pe/netcdf/4.9.0.15/INTEL/2023.2/include -I/opt/cray/pe/parallel-netcdf/1.12.3.15/INTEL/2023.2/include -I/p/projetos/monan_atm/eduardo.eras/SandBox/scripts_CD-CT/sources/MONAN-Model_1.4.3-rc/src/external/SMIOL -I/opt/cray/pe/netcdf/4.9.0.15/INTEL/2023.2/include -I/opt/cray/pe/parallel-netcdf/1.12.3.15/INTEL/2023.2/include -I.. -I../physics_mmm -I../../../framework -I../../../external/esmf_time_f90
ftn -D_MPI -DUNDERSCORE -DCORE_ATMOSPHERE -DMPAS_NAMELIST_SUFFIX=atmosphere -DMPAS_EXE_NAME=atmosphere_model -DMPAS_OPENMP -DSINGLE_PRECISION -DMPAS_NATIVE_TIMERS -DMPAS_GIT_VERSION=unknown -DMPAS_BUILD_TARGET= -DMPAS_SMIOL_SUPPORT -Dmpas -O3 -convert big_endian -FR -march=core-avx2 -mtune=core-avx2 -qopenmp -c module_sf_bem.F -I/opt/cray/pe/netcdf/4.9.0.15/INTEL/2023.2/include -I/opt/cray/pe/parallel-netcdf/1.12.3.15/INTEL/2023.2/include -I/p/projetos/monan_atm/eduardo.eras/SandBox/scripts_CD-CT/sources/MONAN-Model_1.4.3-rc/src/external/SMIOL -I/opt/cray/pe/netcdf/4.9.0.15/INTEL/2023.2/include -I/opt/cray/pe/parallel-netcdf/1.12.3.15/INTEL/2023.2/include -I.. -I../physics_mmm -I../../../framework -I../../../external/esmf_time_f90
ifx: command line warning #10121: overriding '-march=core-avx2' with '-march=core-avx2'
ifx: command line warning #10121: overriding '-march=core-avx2' with '-march=core-avx2'
ftn -D_MPI -DUNDERSCORE -DCORE_ATMOSPHERE -DMPAS_NAMELIST_SUFFIX=atmosphere -DMPAS_EXE_NAME=atmosphere_model -DMPAS_OPENMP -DSINGLE_PRECISION -DMPAS_NATIVE_TIMERS -DMPAS_GIT_VERSION=unknown -DMPAS_BUILD_TARGET= -DMPAS_SMIOL_SUPPORT -Dmpas -O3 -convert big_endian -FR -march=core-avx2 -mtune=core-avx2 -qopenmp -c module_sf_urban.F -I/opt/cray/pe/netcdf/4.9.0.15/INTEL/2023.2/include -I/opt/cray/pe/parallel-netcdf/1.12.3.15/INTEL/2023.2/include -I/p/projetos/monan_atm/eduardo.eras/SandBox/scripts_CD-CT/sources/MONAN-Model_1.4.3-rc/src/external/SMIOL -I/opt/cray/pe/netcdf/4.9.0.15/INTEL/2023.2/include -I/opt/cray/pe/parallel-netcdf/1.12.3.15/INTEL/2023.2/include -I.. -I../physics_mmm -I../../../framework -I../../../external/esmf_time_f90
ifx: command line warning #10121: overriding '-march=core-avx2' with '-march=core-avx2'
ftn -D_MPI -DUNDERSCORE -DCORE_ATMOSPHERE -DMPAS_NAMELIST_SUFFIX=atmosphere -DMPAS_EXE_NAME=atmosphere_model -DMPAS_OPENMP -DSINGLE_PRECISION -DMPAS_NATIVE_TIMERS -DMPAS_GIT_VERSION=unknown -DMPAS_BUILD_TARGET= -DMPAS_SMIOL_SUPPORT -Dmpas -O3 -convert big_endian -FR -march=core-avx2 -mtune=core-avx2 -qopenmp -c module_sf_sfcdiags.F -I/opt/cray/pe/netcdf/4.9.0.15/INTEL/2023.2/include -I/opt/cray/pe/parallel-netcdf/1.12.3.15/INTEL/2023.2/include -I/p/projetos/monan_atm/eduardo.eras/SandBox/scripts_CD-CT/sources/MONAN-Model_1.4.3-rc/src/external/SMIOL -I/opt/cray/pe/netcdf/4.9.0.15/INTEL/2023.2/include -I/opt/cray/pe/parallel-netcdf/1.12.3.15/INTEL/2023.2/include -I.. -I../physics_mmm -I../../../framework -I../../../external/esmf_time_f90
ifx: command line warning #10121: overriding '-march=core-avx2' with '-march=core-avx2'
ftn -D_MPI -DUNDERSCORE -DCORE_ATMOSPHERE -DMPAS_NAMELIST_SUFFIX=atmosphere -DMPAS_EXE_NAME=atmosphere_model -DMPAS_OPENMP -DSINGLE_PRECISION -DMPAS_NATIVE_TIMERS -DMPAS_GIT_VERSION=unknown -DMPAS_BUILD_TARGET= -DMPAS_SMIOL_SUPPORT -Dmpas -O3 -convert big_endian -FR -march=core-avx2 -mtune=core-avx2 -qopenmp -c sf_mynn_pre.F -I/opt/cray/pe/netcdf/4.9.0.15/INTEL/2023.2/include -I/opt/cray/pe/parallel-netcdf/1.12.3.15/INTEL/2023.2/include -I/p/projetos/monan_atm/eduardo.eras/SandBox/scripts_CD-CT/sources/MONAN-Model_1.4.3-rc/src/external/SMIOL -I/opt/cray/pe/netcdf/4.9.0.15/INTEL/2023.2/include -I/opt/cray/pe/parallel-netcdf/1.12.3.15/INTEL/2023.2/include -I.. -I../physics_mmm -I../../../framework -I../../../external/esmf_time_f90
ifx: command line warning #10121: overriding '-march=core-avx2' with '-march=core-avx2'
ftn -D_MPI -DUNDERSCORE -DCORE_ATMOSPHERE -DMPAS_NAMELIST_SUFFIX=atmosphere -DMPAS_EXE_NAME=atmosphere_model -DMPAS_OPENMP -DSINGLE_PRECISION -DMPAS_NATIVE_TIMERS -DMPAS_GIT_VERSION=unknown -DMPAS_BUILD_TARGET= -DMPAS_SMIOL_SUPPORT -Dmpas -O3 -convert big_endian -FR -march=core-avx2 -mtune=core-avx2 -qopenmp -c module_sf_noahlsm.F -I/opt/cray/pe/netcdf/4.9.0.15/INTEL/2023.2/include -I/opt/cray/pe/parallel-netcdf/1.12.3.15/INTEL/2023.2/include -I/p/projetos/monan_atm/eduardo.eras/SandBox/scripts_CD-CT/sources/MONAN-Model_1.4.3-rc/src/external/SMIOL -I/opt/cray/pe/netcdf/4.9.0.15/INTEL/2023.2/include -I/opt/cray/pe/parallel-netcdf/1.12.3.15/INTEL/2023.2/include -I.. -I../physics_mmm -I../../../framework -I../../../external/esmf_time_f90
ifx: command line warning #10121: overriding '-march=core-avx2' with '-march=core-avx2'
ftn -D_MPI -DUNDERSCORE -DCORE_ATMOSPHERE -DMPAS_NAMELIST_SUFFIX=atmosphere -DMPAS_EXE_NAME=atmosphere_model -DMPAS_OPENMP -DSINGLE_PRECISION -DMPAS_NATIVE_TIMERS -DMPAS_GIT_VERSION=unknown -DMPAS_BUILD_TARGET= -DMPAS_SMIOL_SUPPORT -Dmpas -O3 -convert big_endian -FR -march=core-avx2 -mtune=core-avx2 -qopenmp -c module_sf_oml.F -I/opt/cray/pe/netcdf/4.9.0.15/INTEL/2023.2/include -I/opt/cray/pe/parallel-netcdf/1.12.3.15/INTEL/2023.2/include -I/p/projetos/monan_atm/eduardo.eras/SandBox/scripts_CD-CT/sources/MONAN-Model_1.4.3-rc/src/external/SMIOL -I/opt/cray/pe/netcdf/4.9.0.15/INTEL/2023.2/include -I/opt/cray/pe/parallel-netcdf/1.12.3.15/INTEL/2023.2/include -I.. -I../physics_mmm -I../../../framework -I../../../external/esmf_time_f90
ifx: command line warning #10121: overriding '-march=core-avx2' with '-march=core-avx2'
ftn -D_MPI -DUNDERSCORE -DCORE_ATMOSPHERE -DMPAS_NAMELIST_SUFFIX=atmosphere -DMPAS_EXE_NAME=atmosphere_model -DMPAS_OPENMP -DSINGLE_PRECISION -DMPAS_NATIVE_TIMERS -DMPAS_GIT_VERSION=unknown -DMPAS_BUILD_TARGET= -DMPAS_SMIOL_SUPPORT -Dmpas -O3 -convert big_endian -FR -march=core-avx2 -mtune=core-avx2 -qopenmp -c module_sf_sfclay.F -I/opt/cray/pe/netcdf/4.9.0.15/INTEL/2023.2/include -I/opt/cray/pe/parallel-netcdf/1.12.3.15/INTEL/2023.2/include -I/p/projetos/monan_atm/eduardo.eras/SandBox/scripts_CD-CT/sources/MONAN-Model_1.4.3-rc/src/external/SMIOL -I/opt/cray/pe/netcdf/4.9.0.15/INTEL/2023.2/include -I/opt/cray/pe/parallel-netcdf/1.12.3.15/INTEL/2023.2/include -I.. -I../physics_mmm -I../../../framework -I../../../external/esmf_time_f90
ifx: command line warning #10121: overriding '-march=core-avx2' with '-march=core-avx2'
ftn -D_MPI -DUNDERSCORE -DCORE_ATMOSPHERE -DMPAS_NAMELIST_SUFFIX=atmosphere -DMPAS_EXE_NAME=atmosphere_model -DMPAS_OPENMP -DSINGLE_PRECISION -DMPAS_NATIVE_TIMERS -DMPAS_GIT_VERSION=unknown -DMPAS_BUILD_TARGET= -DMPAS_SMIOL_SUPPORT -Dmpas -O3 -convert big_endian -FR -march=core-avx2 -mtune=core-avx2 -qopenmp -c module_sf_sfclayrev.F -I/opt/cray/pe/netcdf/4.9.0.15/INTEL/2023.2/include -I/opt/cray/pe/parallel-netcdf/1.12.3.15/INTEL/2023.2/include -I/p/projetos/monan_atm/eduardo.eras/SandBox/scripts_CD-CT/sources/MONAN-Model_1.4.3-rc/src/external/SMIOL -I/opt/cray/pe/netcdf/4.9.0.15/INTEL/2023.2/include -I/opt/cray/pe/parallel-netcdf/1.12.3.15/INTEL/2023.2/include -I.. -I../physics_mmm -I../../../framework -I../../../external/esmf_time_f90
ifx: command line warning #10121: overriding '-march=core-avx2' with '-march=core-avx2'
ftn -D_MPI -DUNDERSCORE -DCORE_ATMOSPHERE -DMPAS_NAMELIST_SUFFIX=atmosphere -DMPAS_EXE_NAME=atmosphere_model -DMPAS_OPENMP -DSINGLE_PRECISION -DMPAS_NATIVE_TIMERS -DMPAS_GIT_VERSION=unknown -DMPAS_BUILD_TARGET= -DMPAS_SMIOL_SUPPORT -Dmpas -O3 -convert big_endian -FR -march=core-avx2 -mtune=core-avx2 -qopenmp -c module_bl_mynn.F -I/opt/cray/pe/netcdf/4.9.0.15/INTEL/2023.2/include -I/opt/cray/pe/parallel-netcdf/1.12.3.15/INTEL/2023.2/include -I/p/projetos/monan_atm/eduardo.eras/SandBox/scripts_CD-CT/sources/MONAN-Model_1.4.3-rc/src/external/SMIOL -I/opt/cray/pe/netcdf/4.9.0.15/INTEL/2023.2/include -I/opt/cray/pe/parallel-netcdf/1.12.3.15/INTEL/2023.2/include -I.. -I../physics_mmm -I../../../framework -I../../../external/esmf_time_f90
ifx: command line warning #10121: overriding '-march=core-avx2' with '-march=core-avx2'
ftn -D_MPI -DUNDERSCORE -DCORE_ATMOSPHERE -DMPAS_NAMELIST_SUFFIX=atmosphere -DMPAS_EXE_NAME=atmosphere_model -DMPAS_OPENMP -DSINGLE_PRECISION -DMPAS_NATIVE_TIMERS -DMPAS_GIT_VERSION=unknown -DMPAS_BUILD_TARGET= -DMPAS_SMIOL_SUPPORT -Dmpas -O3 -convert big_endian -FR -march=core-avx2 -mtune=core-avx2 -qopenmp -c module_cam_support.F -I/opt/cray/pe/netcdf/4.9.0.15/INTEL/2023.2/include -I/opt/cray/pe/parallel-netcdf/1.12.3.15/INTEL/2023.2/include -I/p/projetos/monan_atm/eduardo.eras/SandBox/scripts_CD-CT/sources/MONAN-Model_1.4.3-rc/src/external/SMIOL -I/opt/cray/pe/netcdf/4.9.0.15/INTEL/2023.2/include -I/opt/cray/pe/parallel-netcdf/1.12.3.15/INTEL/2023.2/include -I.. -I../physics_mmm -I../../../framework -I../../../external/esmf_time_f90
ifx: command line warning #10121: overriding '-march=core-avx2' with '-march=core-avx2'
ftn -D_MPI -DUNDERSCORE -DCORE_ATMOSPHERE -DMPAS_NAMELIST_SUFFIX=atmosphere -DMPAS_EXE_NAME=atmosphere_model -DMPAS_OPENMP -DSINGLE_PRECISION -DMPAS_NATIVE_TIMERS -DMPAS_GIT_VERSION=unknown -DMPAS_BUILD_TARGET= -DMPAS_SMIOL_SUPPORT -Dmpas -O3 -convert big_endian -FR -march=core-avx2 -mtune=core-avx2 -qopenmp -c module_ra_rrtmg_lw.F -I/opt/cray/pe/netcdf/4.9.0.15/INTEL/2023.2/include -I/opt/cray/pe/parallel-netcdf/1.12.3.15/INTEL/2023.2/include -I/p/projetos/monan_atm/eduardo.eras/SandBox/scripts_CD-CT/sources/MONAN-Model_1.4.3-rc/src/external/SMIOL -I/opt/cray/pe/netcdf/4.9.0.15/INTEL/2023.2/include -I/opt/cray/pe/parallel-netcdf/1.12.3.15/INTEL/2023.2/include -I.. -I../physics_mmm -I../../../framework -I../../../external/esmf_time_f90
ifx: command line warning #10121: overriding '-march=core-avx2' with '-march=core-avx2'
ftn -D_MPI -DUNDERSCORE -DCORE_ATMOSPHERE -DMPAS_NAMELIST_SUFFIX=atmosphere -DMPAS_EXE_NAME=atmosphere_model -DMPAS_OPENMP -DSINGLE_PRECISION -DMPAS_NATIVE_TIMERS -DMPAS_GIT_VERSION=unknown -DMPAS_BUILD_TARGET= -DMPAS_SMIOL_SUPPORT -Dmpas -O3 -convert big_endian -FR -march=core-avx2 -mtune=core-avx2 -qopenmp -c module_sf_mynn.F -I/opt/cray/pe/netcdf/4.9.0.15/INTEL/2023.2/include -I/opt/cray/pe/parallel-netcdf/1.12.3.15/INTEL/2023.2/include -I/p/projetos/monan_atm/eduardo.eras/SandBox/scripts_CD-CT/sources/MONAN-Model_1.4.3-rc/src/external/SMIOL -I/opt/cray/pe/netcdf/4.9.0.15/INTEL/2023.2/include -I/opt/cray/pe/parallel-netcdf/1.12.3.15/INTEL/2023.2/include -I.. -I../physics_mmm -I../../../framework -I../../../external/esmf_time_f90
ifx: command line warning #10121: overriding '-march=core-avx2' with '-march=core-avx2'
ftn -D_MPI -DUNDERSCORE -DCORE_ATMOSPHERE -DMPAS_NAMELIST_SUFFIX=atmosphere -DMPAS_EXE_NAME=atmosphere_model -DMPAS_OPENMP -DSINGLE_PRECISION -DMPAS_NATIVE_TIMERS -DMPAS_GIT_VERSION=unknown -DMPAS_BUILD_TARGET= -DMPAS_SMIOL_SUPPORT -Dmpas -O3 -convert big_endian -FR -march=core-avx2 -mtune=core-avx2 -qopenmp -c module_sf_noahlsm_glacial_only.F -I/opt/cray/pe/netcdf/4.9.0.15/INTEL/2023.2/include -I/opt/cray/pe/parallel-netcdf/1.12.3.15/INTEL/2023.2/include -I/p/projetos/monan_atm/eduardo.eras/SandBox/scripts_CD-CT/sources/MONAN-Model_1.4.3-rc/src/external/SMIOL -I/opt/cray/pe/netcdf/4.9.0.15/INTEL/2023.2/include -I/opt/cray/pe/parallel-netcdf/1.12.3.15/INTEL/2023.2/include -I.. -I../physics_mmm -I../../../framework -I../../../external/esmf_time_f90
ifx: command line warning #10121: overriding '-march=core-avx2' with '-march=core-avx2'
module_sf_noahlsm_glacial_only.F(38): warning #6843: A dummy argument with an explicit INTENT(OUT) declaration is not given an explicit value.   [EMBRD]
       &                   ALB, SNOALB,TBOT, Z0BRD, Z0, EMISSI, EMBRD,  &    !S
----------------------------------------------------------------^
ftn -D_MPI -DUNDERSCORE -DCORE_ATMOSPHERE -DMPAS_NAMELIST_SUFFIX=atmosphere -DMPAS_EXE_NAME=atmosphere_model -DMPAS_OPENMP -DSINGLE_PRECISION -DMPAS_NATIVE_TIMERS -DMPAS_GIT_VERSION=unknown -DMPAS_BUILD_TARGET= -DMPAS_SMIOL_SUPPORT -Dmpas -O3 -convert big_endian -FR -march=core-avx2 -mtune=core-avx2 -qopenmp -c module_sf_noah_seaice.F -I/opt/cray/pe/netcdf/4.9.0.15/INTEL/2023.2/include -I/opt/cray/pe/parallel-netcdf/1.12.3.15/INTEL/2023.2/include -I/p/projetos/monan_atm/eduardo.eras/SandBox/scripts_CD-CT/sources/MONAN-Model_1.4.3-rc/src/external/SMIOL -I/opt/cray/pe/netcdf/4.9.0.15/INTEL/2023.2/include -I/opt/cray/pe/parallel-netcdf/1.12.3.15/INTEL/2023.2/include -I.. -I../physics_mmm -I../../../framework -I../../../external/esmf_time_f90
ftn -D_MPI -DUNDERSCORE -DCORE_ATMOSPHERE -DMPAS_NAMELIST_SUFFIX=atmosphere -DMPAS_EXE_NAME=atmosphere_model -DMPAS_OPENMP -DSINGLE_PRECISION -DMPAS_NATIVE_TIMERS -DMPAS_GIT_VERSION=unknown -DMPAS_BUILD_TARGET= -DMPAS_SMIOL_SUPPORT -Dmpas -O3 -convert big_endian -FR -march=core-avx2 -mtune=core-avx2 -qopenmp -c module_ra_cam.F -I/opt/cray/pe/netcdf/4.9.0.15/INTEL/2023.2/include -I/opt/cray/pe/parallel-netcdf/1.12.3.15/INTEL/2023.2/include -I/p/projetos/monan_atm/eduardo.eras/SandBox/scripts_CD-CT/sources/MONAN-Model_1.4.3-rc/src/external/SMIOL -I/opt/cray/pe/netcdf/4.9.0.15/INTEL/2023.2/include -I/opt/cray/pe/parallel-netcdf/1.12.3.15/INTEL/2023.2/include -I.. -I../physics_mmm -I../../../framework -I../../../external/esmf_time_f90
ifx: command line warning #10121: overriding '-march=core-avx2' with '-march=core-avx2'
ifx: command line warning #10121: overriding '-march=core-avx2' with '-march=core-avx2'
module_ra_cam.F(7485): warning #7532: The number of arguments is incompatible with intrinsic procedure, assume 'external'.   [GAMMA]
   gamma(w,uu,g,e) = .50_r8*w*((3._r8*g*(1._r8-w)*uu*uu + 1._r8)/(1._r8-e*e*uu*uu))
---^
ftn -D_MPI -DUNDERSCORE -DCORE_ATMOSPHERE -DMPAS_NAMELIST_SUFFIX=atmosphere -DMPAS_EXE_NAME=atmosphere_model -DMPAS_OPENMP -DSINGLE_PRECISION -DMPAS_NATIVE_TIMERS -DMPAS_GIT_VERSION=unknown -DMPAS_BUILD_TARGET= -DMPAS_SMIOL_SUPPORT -Dmpas -O3 -convert big_endian -FR -march=core-avx2 -mtune=core-avx2 -qopenmp -c module_sf_bep.F -I/opt/cray/pe/netcdf/4.9.0.15/INTEL/2023.2/include -I/opt/cray/pe/parallel-netcdf/1.12.3.15/INTEL/2023.2/include -I/p/projetos/monan_atm/eduardo.eras/SandBox/scripts_CD-CT/sources/MONAN-Model_1.4.3-rc/src/external/SMIOL -I/opt/cray/pe/netcdf/4.9.0.15/INTEL/2023.2/include -I/opt/cray/pe/parallel-netcdf/1.12.3.15/INTEL/2023.2/include -I.. -I../physics_mmm -I../../../framework -I../../../external/esmf_time_f90
ifx: command line warning #10121: overriding '-march=core-avx2' with '-march=core-avx2'
ftn -D_MPI -DUNDERSCORE -DCORE_ATMOSPHERE -DMPAS_NAMELIST_SUFFIX=atmosphere -DMPAS_EXE_NAME=atmosphere_model -DMPAS_OPENMP -DSINGLE_PRECISION -DMPAS_NATIVE_TIMERS -DMPAS_GIT_VERSION=unknown -DMPAS_BUILD_TARGET= -DMPAS_SMIOL_SUPPORT -Dmpas -O3 -convert big_endian -FR -march=core-avx2 -mtune=core-avx2 -qopenmp -c module_sf_bep_bem.F -I/opt/cray/pe/netcdf/4.9.0.15/INTEL/2023.2/include -I/opt/cray/pe/parallel-netcdf/1.12.3.15/INTEL/2023.2/include -I/p/projetos/monan_atm/eduardo.eras/SandBox/scripts_CD-CT/sources/MONAN-Model_1.4.3-rc/src/external/SMIOL -I/opt/cray/pe/netcdf/4.9.0.15/INTEL/2023.2/include -I/opt/cray/pe/parallel-netcdf/1.12.3.15/INTEL/2023.2/include -I.. -I../physics_mmm -I../../../framework -I../../../external/esmf_time_f90
ifx: command line warning #10121: overriding '-march=core-avx2' with '-march=core-avx2'
ftn -D_MPI -DUNDERSCORE -DCORE_ATMOSPHERE -DMPAS_NAMELIST_SUFFIX=atmosphere -DMPAS_EXE_NAME=atmosphere_model -DMPAS_OPENMP -DSINGLE_PRECISION -DMPAS_NATIVE_TIMERS -DMPAS_GIT_VERSION=unknown -DMPAS_BUILD_TARGET= -DMPAS_SMIOL_SUPPORT -Dmpas -O3 -convert big_endian -FR -march=core-avx2 -mtune=core-avx2 -qopenmp -c module_sf_noah_seaice_drv.F -I/opt/cray/pe/netcdf/4.9.0.15/INTEL/2023.2/include -I/opt/cray/pe/parallel-netcdf/1.12.3.15/INTEL/2023.2/include -I/p/projetos/monan_atm/eduardo.eras/SandBox/scripts_CD-CT/sources/MONAN-Model_1.4.3-rc/src/external/SMIOL -I/opt/cray/pe/netcdf/4.9.0.15/INTEL/2023.2/include -I/opt/cray/pe/parallel-netcdf/1.12.3.15/INTEL/2023.2/include -I.. -I../physics_mmm -I../../../framework -I../../../external/esmf_time_f90
ifx: command line warning #10121: overriding '-march=core-avx2' with '-march=core-avx2'
ftn -D_MPI -DUNDERSCORE -DCORE_ATMOSPHERE -DMPAS_NAMELIST_SUFFIX=atmosphere -DMPAS_EXE_NAME=atmosphere_model -DMPAS_OPENMP -DSINGLE_PRECISION -DMPAS_NATIVE_TIMERS -DMPAS_GIT_VERSION=unknown -DMPAS_BUILD_TARGET= -DMPAS_SMIOL_SUPPORT -Dmpas -O3 -convert big_endian -FR -march=core-avx2 -mtune=core-avx2 -qopenmp -c module_ra_rrtmg_sw.F -I/opt/cray/pe/netcdf/4.9.0.15/INTEL/2023.2/include -I/opt/cray/pe/parallel-netcdf/1.12.3.15/INTEL/2023.2/include -I/p/projetos/monan_atm/eduardo.eras/SandBox/scripts_CD-CT/sources/MONAN-Model_1.4.3-rc/src/external/SMIOL -I/opt/cray/pe/netcdf/4.9.0.15/INTEL/2023.2/include -I/opt/cray/pe/parallel-netcdf/1.12.3.15/INTEL/2023.2/include -I.. -I../physics_mmm -I../../../framework -I../../../external/esmf_time_f90
ifx: command line warning #10121: overriding '-march=core-avx2' with '-march=core-avx2'
ar -ru ./../libphys.a modVector.o modConstants.o modGate.o modHenrysLawCts.o module_cu_gf.monan.o module_mp_cldfra_cb.o module_bl_mixingscalars.o 
make[5]: Leaving directory '/p/projetos/monan_atm/eduardo.eras/SandBox/scripts_CD-CT/sources/MONAN-Model_1.4.3-rc/src/core_atmosphere/physics/physics_monan'
ftn -D_MPI -DUNDERSCORE -DCORE_ATMOSPHERE -DMPAS_NAMELIST_SUFFIX=atmosphere -DMPAS_EXE_NAME=atmosphere_model -DMPAS_OPENMP -DSINGLE_PRECISION -DMPAS_NATIVE_TIMERS -DMPAS_GIT_VERSION=unknown -DMPAS_BUILD_TARGET= -DMPAS_SMIOL_SUPPORT -Dmpas -O3 -convert big_endian -FR -march=core-avx2 -mtune=core-avx2 -qopenmp -c module_sf_noahdrv.F -I/opt/cray/pe/netcdf/4.9.0.15/INTEL/2023.2/include -I/opt/cray/pe/parallel-netcdf/1.12.3.15/INTEL/2023.2/include -I/p/projetos/monan_atm/eduardo.eras/SandBox/scripts_CD-CT/sources/MONAN-Model_1.4.3-rc/src/external/SMIOL -I/opt/cray/pe/netcdf/4.9.0.15/INTEL/2023.2/include -I/opt/cray/pe/parallel-netcdf/1.12.3.15/INTEL/2023.2/include -I.. -I../physics_mmm -I../../../framework -I../../../external/esmf_time_f90
ifx: command line warning #10121: overriding '-march=core-avx2' with '-march=core-avx2'
ar -ru ./../libphys.a libmassv.o module_bep_bem_helper.o module_bl_gwdo.o module_bl_mynn.o module_bl_ysu.o module_cam_error_function.o module_cam_shr_kind_mod.o module_cam_support.o module_cu_gf.mpas.o module_cu_tiedtke.o module_cu_ntiedtke.o module_cu_kfeta.o module_mp_kessler.o module_mp_thompson.o module_mp_thompson_cldfra3.o module_mp_wsm6.o module_ra_cam.o module_ra_cam_support.o module_ra_rrtmg_lw.o module_ra_rrtmg_sw.o module_ra_rrtmg_vinterp.o module_sf_bem.o module_sf_bep.o module_sf_bep_bem.o module_sf_sfcdiags.o module_sf_mynn.o module_sf_noahdrv.o module_sf_noahlsm.o module_sf_noahlsm_glacial_only.o module_sf_noah_seaice.o module_sf_noah_seaice_drv.o module_sf_oml.o module_sf_sfclay.o module_sf_sfclayrev.o module_sf_urban.o bl_mynn_post.o bl_mynn_pre.o sf_mynn_pre.o
make[5]: Leaving directory '/p/projetos/monan_atm/eduardo.eras/SandBox/scripts_CD-CT/sources/MONAN-Model_1.4.3-rc/src/core_atmosphere/physics/physics_wrf'
(make phys_interface COREDEF="-Dmpas")
make[5]: Entering directory '/p/projetos/monan_atm/eduardo.eras/SandBox/scripts_CD-CT/sources/MONAN-Model_1.4.3-rc/src/core_atmosphere/physics'
rm -f mpas_atmphys_camrad_init.o mpas_atmphys_camrad_init.mod
rm -f mpas_atmphys_vars.o mpas_atmphys_vars.mod
ftn -D_MPI -DUNDERSCORE -DCORE_ATMOSPHERE -DMPAS_NAMELIST_SUFFIX=atmosphere -DMPAS_EXE_NAME=atmosphere_model -DMPAS_OPENMP -DSINGLE_PRECISION -DMPAS_NATIVE_TIMERS -DMPAS_GIT_VERSION=unknown -DMPAS_BUILD_TARGET= -DMPAS_SMIOL_SUPPORT -Dmpas  -O3 -convert big_endian -FR -march=core-avx2 -mtune=core-avx2 -qopenmp -c mpas_atmphys_camrad_init.F -I/opt/cray/pe/netcdf/4.9.0.15/INTEL/2023.2/include -I/opt/cray/pe/parallel-netcdf/1.12.3.15/INTEL/2023.2/include -I/p/projetos/monan_atm/eduardo.eras/SandBox/scripts_CD-CT/sources/MONAN-Model_1.4.3-rc/src/external/SMIOL -I/opt/cray/pe/netcdf/4.9.0.15/INTEL/2023.2/include -I/opt/cray/pe/parallel-netcdf/1.12.3.15/INTEL/2023.2/include -I./physics_mmm -I./physics_wrf -I./physics_monan -I.. -I../../framework -I../../external/esmf_time_f90
ftn -D_MPI -DUNDERSCORE -DCORE_ATMOSPHERE -DMPAS_NAMELIST_SUFFIX=atmosphere -DMPAS_EXE_NAME=atmosphere_model -DMPAS_OPENMP -DSINGLE_PRECISION -DMPAS_NATIVE_TIMERS -DMPAS_GIT_VERSION=unknown -DMPAS_BUILD_TARGET= -DMPAS_SMIOL_SUPPORT -Dmpas  -O3 -convert big_endian -FR -march=core-avx2 -mtune=core-avx2 -qopenmp -c mpas_atmphys_vars.F -I/opt/cray/pe/netcdf/4.9.0.15/INTEL/2023.2/include -I/opt/cray/pe/parallel-netcdf/1.12.3.15/INTEL/2023.2/include -I/p/projetos/monan_atm/eduardo.eras/SandBox/scripts_CD-CT/sources/MONAN-Model_1.4.3-rc/src/external/SMIOL -I/opt/cray/pe/netcdf/4.9.0.15/INTEL/2023.2/include -I/opt/cray/pe/parallel-netcdf/1.12.3.15/INTEL/2023.2/include -I./physics_mmm -I./physics_wrf -I./physics_monan -I.. -I../../framework -I../../external/esmf_time_f90
rm -f mpas_atmphys_lsm_noahinit.o mpas_atmphys_lsm_noahinit.mod
rm -f mpas_atmphys_o3climatology.o mpas_atmphys_o3climatology.mod
ftn -D_MPI -DUNDERSCORE -DCORE_ATMOSPHERE -DMPAS_NAMELIST_SUFFIX=atmosphere -DMPAS_EXE_NAME=atmosphere_model -DMPAS_OPENMP -DSINGLE_PRECISION -DMPAS_NATIVE_TIMERS -DMPAS_GIT_VERSION=unknown -DMPAS_BUILD_TARGET= -DMPAS_SMIOL_SUPPORT -Dmpas  -O3 -convert big_endian -FR -march=core-avx2 -mtune=core-avx2 -qopenmp -c mpas_atmphys_lsm_noahinit.F -I/opt/cray/pe/netcdf/4.9.0.15/INTEL/2023.2/include -I/opt/cray/pe/parallel-netcdf/1.12.3.15/INTEL/2023.2/include -I/p/projetos/monan_atm/eduardo.eras/SandBox/scripts_CD-CT/sources/MONAN-Model_1.4.3-rc/src/external/SMIOL -I/opt/cray/pe/netcdf/4.9.0.15/INTEL/2023.2/include -I/opt/cray/pe/parallel-netcdf/1.12.3.15/INTEL/2023.2/include -I./physics_mmm -I./physics_wrf -I./physics_monan -I.. -I../../framework -I../../external/esmf_time_f90
ftn -D_MPI -DUNDERSCORE -DCORE_ATMOSPHERE -DMPAS_NAMELIST_SUFFIX=atmosphere -DMPAS_EXE_NAME=atmosphere_model -DMPAS_OPENMP -DSINGLE_PRECISION -DMPAS_NATIVE_TIMERS -DMPAS_GIT_VERSION=unknown -DMPAS_BUILD_TARGET= -DMPAS_SMIOL_SUPPORT -Dmpas  -O3 -convert big_endian -FR -march=core-avx2 -mtune=core-avx2 -qopenmp -c mpas_atmphys_o3climatology.F -I/opt/cray/pe/netcdf/4.9.0.15/INTEL/2023.2/include -I/opt/cray/pe/parallel-netcdf/1.12.3.15/INTEL/2023.2/include -I/p/projetos/monan_atm/eduardo.eras/SandBox/scripts_CD-CT/sources/MONAN-Model_1.4.3-rc/src/external/SMIOL -I/opt/cray/pe/netcdf/4.9.0.15/INTEL/2023.2/include -I/opt/cray/pe/parallel-netcdf/1.12.3.15/INTEL/2023.2/include -I./physics_mmm -I./physics_wrf -I./physics_monan -I.. -I../../framework -I../../external/esmf_time_f90
rm -f mpas_atmphys_rrtmg_swinit.o mpas_atmphys_rrtmg_swinit.mod
rm -f mpas_atmphys_rrtmg_lwinit.o mpas_atmphys_rrtmg_lwinit.mod
ftn -D_MPI -DUNDERSCORE -DCORE_ATMOSPHERE -DMPAS_NAMELIST_SUFFIX=atmosphere -DMPAS_EXE_NAME=atmosphere_model -DMPAS_OPENMP -DSINGLE_PRECISION -DMPAS_NATIVE_TIMERS -DMPAS_GIT_VERSION=unknown -DMPAS_BUILD_TARGET= -DMPAS_SMIOL_SUPPORT -Dmpas  -O3 -convert big_endian -FR -march=core-avx2 -mtune=core-avx2 -qopenmp -c mpas_atmphys_rrtmg_swinit.F -I/opt/cray/pe/netcdf/4.9.0.15/INTEL/2023.2/include -I/opt/cray/pe/parallel-netcdf/1.12.3.15/INTEL/2023.2/include -I/p/projetos/monan_atm/eduardo.eras/SandBox/scripts_CD-CT/sources/MONAN-Model_1.4.3-rc/src/external/SMIOL -I/opt/cray/pe/netcdf/4.9.0.15/INTEL/2023.2/include -I/opt/cray/pe/parallel-netcdf/1.12.3.15/INTEL/2023.2/include -I./physics_mmm -I./physics_wrf -I./physics_monan -I.. -I../../framework -I../../external/esmf_time_f90
ftn -D_MPI -DUNDERSCORE -DCORE_ATMOSPHERE -DMPAS_NAMELIST_SUFFIX=atmosphere -DMPAS_EXE_NAME=atmosphere_model -DMPAS_OPENMP -DSINGLE_PRECISION -DMPAS_NATIVE_TIMERS -DMPAS_GIT_VERSION=unknown -DMPAS_BUILD_TARGET= -DMPAS_SMIOL_SUPPORT -Dmpas  -O3 -convert big_endian -FR -march=core-avx2 -mtune=core-avx2 -qopenmp -c mpas_atmphys_rrtmg_lwinit.F -I/opt/cray/pe/netcdf/4.9.0.15/INTEL/2023.2/include -I/opt/cray/pe/parallel-netcdf/1.12.3.15/INTEL/2023.2/include -I/p/projetos/monan_atm/eduardo.eras/SandBox/scripts_CD-CT/sources/MONAN-Model_1.4.3-rc/src/external/SMIOL -I/opt/cray/pe/netcdf/4.9.0.15/INTEL/2023.2/include -I/opt/cray/pe/parallel-netcdf/1.12.3.15/INTEL/2023.2/include -I./physics_mmm -I./physics_wrf -I./physics_monan -I.. -I../../framework -I../../external/esmf_time_f90
rm -f mpas_atmphys_lsm_shared.o mpas_atmphys_lsm_shared.mod
rm -f mpas_atmphys_init_microphysics.o mpas_atmphys_init_microphysics.mod
ftn -D_MPI -DUNDERSCORE -DCORE_ATMOSPHERE -DMPAS_NAMELIST_SUFFIX=atmosphere -DMPAS_EXE_NAME=atmosphere_model -DMPAS_OPENMP -DSINGLE_PRECISION -DMPAS_NATIVE_TIMERS -DMPAS_GIT_VERSION=unknown -DMPAS_BUILD_TARGET= -DMPAS_SMIOL_SUPPORT -Dmpas  -O3 -convert big_endian -FR -march=core-avx2 -mtune=core-avx2 -qopenmp -c mpas_atmphys_lsm_shared.F -I/opt/cray/pe/netcdf/4.9.0.15/INTEL/2023.2/include -I/opt/cray/pe/parallel-netcdf/1.12.3.15/INTEL/2023.2/include -I/p/projetos/monan_atm/eduardo.eras/SandBox/scripts_CD-CT/sources/MONAN-Model_1.4.3-rc/src/external/SMIOL -I/opt/cray/pe/netcdf/4.9.0.15/INTEL/2023.2/include -I/opt/cray/pe/parallel-netcdf/1.12.3.15/INTEL/2023.2/include -I./physics_mmm -I./physics_wrf -I./physics_monan -I.. -I../../framework -I../../external/esmf_time_f90
ftn -D_MPI -DUNDERSCORE -DCORE_ATMOSPHERE -DMPAS_NAMELIST_SUFFIX=atmosphere -DMPAS_EXE_NAME=atmosphere_model -DMPAS_OPENMP -DSINGLE_PRECISION -DMPAS_NATIVE_TIMERS -DMPAS_GIT_VERSION=unknown -DMPAS_BUILD_TARGET= -DMPAS_SMIOL_SUPPORT -Dmpas  -O3 -convert big_endian -FR -march=core-avx2 -mtune=core-avx2 -qopenmp -c mpas_atmphys_init_microphysics.F -I/opt/cray/pe/netcdf/4.9.0.15/INTEL/2023.2/include -I/opt/cray/pe/parallel-netcdf/1.12.3.15/INTEL/2023.2/include -I/p/projetos/monan_atm/eduardo.eras/SandBox/scripts_CD-CT/sources/MONAN-Model_1.4.3-rc/src/external/SMIOL -I/opt/cray/pe/netcdf/4.9.0.15/INTEL/2023.2/include -I/opt/cray/pe/parallel-netcdf/1.12.3.15/INTEL/2023.2/include -I./physics_mmm -I./physics_wrf -I./physics_monan -I.. -I../../framework -I../../external/esmf_time_f90
ifx: command line warning #10121: overriding '-march=core-avx2' with '-march=core-avx2'
ifx: command line warning #10121: overriding '-march=core-avx2' with '-march=core-avx2'
ifx: command line warning #10121: overriding '-march=core-avx2' with '-march=core-avx2'
ifx: command line warning #10121: overriding '-march=core-avx2' with '-march=core-avx2'
ifx: command line warning #10121: overriding '-march=core-avx2' with '-march=core-avx2'
ifx: command line warning #10121: overriding '-march=core-avx2' with '-march=core-avx2'
ifx: command line warning #10121: overriding '-march=core-avx2' with '-march=core-avx2'
ifx: command line warning #10121: overriding '-march=core-avx2' with '-march=core-avx2'
rm -f mpas_atmphys_finalize.o mpas_atmphys_finalize.mod
ftn -D_MPI -DUNDERSCORE -DCORE_ATMOSPHERE -DMPAS_NAMELIST_SUFFIX=atmosphere -DMPAS_EXE_NAME=atmosphere_model -DMPAS_OPENMP -DSINGLE_PRECISION -DMPAS_NATIVE_TIMERS -DMPAS_GIT_VERSION=unknown -DMPAS_BUILD_TARGET= -DMPAS_SMIOL_SUPPORT -Dmpas  -O3 -convert big_endian -FR -march=core-avx2 -mtune=core-avx2 -qopenmp -c mpas_atmphys_finalize.F -I/opt/cray/pe/netcdf/4.9.0.15/INTEL/2023.2/include -I/opt/cray/pe/parallel-netcdf/1.12.3.15/INTEL/2023.2/include -I/p/projetos/monan_atm/eduardo.eras/SandBox/scripts_CD-CT/sources/MONAN-Model_1.4.3-rc/src/external/SMIOL -I/opt/cray/pe/netcdf/4.9.0.15/INTEL/2023.2/include -I/opt/cray/pe/parallel-netcdf/1.12.3.15/INTEL/2023.2/include -I./physics_mmm -I./physics_wrf -I./physics_monan -I.. -I../../framework -I../../external/esmf_time_f90
ifx: command line warning #10121: overriding '-march=core-avx2' with '-march=core-avx2'
rm -f mpas_atmphys_packages.o mpas_atmphys_packages.mod
ftn -D_MPI -DUNDERSCORE -DCORE_ATMOSPHERE -DMPAS_NAMELIST_SUFFIX=atmosphere -DMPAS_EXE_NAME=atmosphere_model -DMPAS_OPENMP -DSINGLE_PRECISION -DMPAS_NATIVE_TIMERS -DMPAS_GIT_VERSION=unknown -DMPAS_BUILD_TARGET= -DMPAS_SMIOL_SUPPORT -Dmpas  -O3 -convert big_endian -FR -march=core-avx2 -mtune=core-avx2 -qopenmp -c mpas_atmphys_packages.F -I/opt/cray/pe/netcdf/4.9.0.15/INTEL/2023.2/include -I/opt/cray/pe/parallel-netcdf/1.12.3.15/INTEL/2023.2/include -I/p/projetos/monan_atm/eduardo.eras/SandBox/scripts_CD-CT/sources/MONAN-Model_1.4.3-rc/src/external/SMIOL -I/opt/cray/pe/netcdf/4.9.0.15/INTEL/2023.2/include -I/opt/cray/pe/parallel-netcdf/1.12.3.15/INTEL/2023.2/include -I./physics_mmm -I./physics_wrf -I./physics_monan -I.. -I../../framework -I../../external/esmf_time_f90
rm -f mpas_atmphys_todynamics.o mpas_atmphys_todynamics.mod
ftn -D_MPI -DUNDERSCORE -DCORE_ATMOSPHERE -DMPAS_NAMELIST_SUFFIX=atmosphere -DMPAS_EXE_NAME=atmosphere_model -DMPAS_OPENMP -DSINGLE_PRECISION -DMPAS_NATIVE_TIMERS -DMPAS_GIT_VERSION=unknown -DMPAS_BUILD_TARGET= -DMPAS_SMIOL_SUPPORT -Dmpas  -O3 -convert big_endian -FR -march=core-avx2 -mtune=core-avx2 -qopenmp -c mpas_atmphys_todynamics.F -I/opt/cray/pe/netcdf/4.9.0.15/INTEL/2023.2/include -I/opt/cray/pe/parallel-netcdf/1.12.3.15/INTEL/2023.2/include -I/p/projetos/monan_atm/eduardo.eras/SandBox/scripts_CD-CT/sources/MONAN-Model_1.4.3-rc/src/external/SMIOL -I/opt/cray/pe/netcdf/4.9.0.15/INTEL/2023.2/include -I/opt/cray/pe/parallel-netcdf/1.12.3.15/INTEL/2023.2/include -I./physics_mmm -I./physics_wrf -I./physics_monan -I.. -I../../framework -I../../external/esmf_time_f90
ifx: command line warning #10121: overriding '-march=core-avx2' with '-march=core-avx2'
ifx: command line warning #10121: overriding '-march=core-avx2' with '-march=core-avx2'
rm -f mpas_atmphys_control.o mpas_atmphys_control.mod
ftn -D_MPI -DUNDERSCORE -DCORE_ATMOSPHERE -DMPAS_NAMELIST_SUFFIX=atmosphere -DMPAS_EXE_NAME=atmosphere_model -DMPAS_OPENMP -DSINGLE_PRECISION -DMPAS_NATIVE_TIMERS -DMPAS_GIT_VERSION=unknown -DMPAS_BUILD_TARGET= -DMPAS_SMIOL_SUPPORT -Dmpas  -O3 -convert big_endian -FR -march=core-avx2 -mtune=core-avx2 -qopenmp -c mpas_atmphys_control.F -I/opt/cray/pe/netcdf/4.9.0.15/INTEL/2023.2/include -I/opt/cray/pe/parallel-netcdf/1.12.3.15/INTEL/2023.2/include -I/p/projetos/monan_atm/eduardo.eras/SandBox/scripts_CD-CT/sources/MONAN-Model_1.4.3-rc/src/external/SMIOL -I/opt/cray/pe/netcdf/4.9.0.15/INTEL/2023.2/include -I/opt/cray/pe/parallel-netcdf/1.12.3.15/INTEL/2023.2/include -I./physics_mmm -I./physics_wrf -I./physics_monan -I.. -I../../framework -I../../external/esmf_time_f90
rm -f mpas_atmphys_driver_cloudiness.o mpas_atmphys_driver_cloudiness.mod
rm -f mpas_atmphys_driver_convection.o mpas_atmphys_driver_convection.mod
ftn -D_MPI -DUNDERSCORE -DCORE_ATMOSPHERE -DMPAS_NAMELIST_SUFFIX=atmosphere -DMPAS_EXE_NAME=atmosphere_model -DMPAS_OPENMP -DSINGLE_PRECISION -DMPAS_NATIVE_TIMERS -DMPAS_GIT_VERSION=unknown -DMPAS_BUILD_TARGET= -DMPAS_SMIOL_SUPPORT -Dmpas  -O3 -convert big_endian -FR -march=core-avx2 -mtune=core-avx2 -qopenmp -c mpas_atmphys_driver_cloudiness.F -I/opt/cray/pe/netcdf/4.9.0.15/INTEL/2023.2/include -I/opt/cray/pe/parallel-netcdf/1.12.3.15/INTEL/2023.2/include -I/p/projetos/monan_atm/eduardo.eras/SandBox/scripts_CD-CT/sources/MONAN-Model_1.4.3-rc/src/external/SMIOL -I/opt/cray/pe/netcdf/4.9.0.15/INTEL/2023.2/include -I/opt/cray/pe/parallel-netcdf/1.12.3.15/INTEL/2023.2/include -I./physics_mmm -I./physics_wrf -I./physics_monan -I.. -I../../framework -I../../external/esmf_time_f90
ftn -D_MPI -DUNDERSCORE -DCORE_ATMOSPHERE -DMPAS_NAMELIST_SUFFIX=atmosphere -DMPAS_EXE_NAME=atmosphere_model -DMPAS_OPENMP -DSINGLE_PRECISION -DMPAS_NATIVE_TIMERS -DMPAS_GIT_VERSION=unknown -DMPAS_BUILD_TARGET= -DMPAS_SMIOL_SUPPORT -Dmpas  -O3 -convert big_endian -FR -march=core-avx2 -mtune=core-avx2 -qopenmp -c mpas_atmphys_driver_convection.F -I/opt/cray/pe/netcdf/4.9.0.15/INTEL/2023.2/include -I/opt/cray/pe/parallel-netcdf/1.12.3.15/INTEL/2023.2/include -I/p/projetos/monan_atm/eduardo.eras/SandBox/scripts_CD-CT/sources/MONAN-Model_1.4.3-rc/src/external/SMIOL -I/opt/cray/pe/netcdf/4.9.0.15/INTEL/2023.2/include -I/opt/cray/pe/parallel-netcdf/1.12.3.15/INTEL/2023.2/include -I./physics_mmm -I./physics_wrf -I./physics_monan -I.. -I../../framework -I../../external/esmf_time_f90
rm -f mpas_atmphys_driver_gwdo.o mpas_atmphys_driver_gwdo.mod
ifx: command line warning #10121: overriding '-march=core-avx2' with '-march=core-avx2'
ftn -D_MPI -DUNDERSCORE -DCORE_ATMOSPHERE -DMPAS_NAMELIST_SUFFIX=atmosphere -DMPAS_EXE_NAME=atmosphere_model -DMPAS_OPENMP -DSINGLE_PRECISION -DMPAS_NATIVE_TIMERS -DMPAS_GIT_VERSION=unknown -DMPAS_BUILD_TARGET= -DMPAS_SMIOL_SUPPORT -Dmpas  -O3 -convert big_endian -FR -march=core-avx2 -mtune=core-avx2 -qopenmp -c mpas_atmphys_driver_gwdo.F -I/opt/cray/pe/netcdf/4.9.0.15/INTEL/2023.2/include -I/opt/cray/pe/parallel-netcdf/1.12.3.15/INTEL/2023.2/include -I/p/projetos/monan_atm/eduardo.eras/SandBox/scripts_CD-CT/sources/MONAN-Model_1.4.3-rc/src/external/SMIOL -I/opt/cray/pe/netcdf/4.9.0.15/INTEL/2023.2/include -I/opt/cray/pe/parallel-netcdf/1.12.3.15/INTEL/2023.2/include -I./physics_mmm -I./physics_wrf -I./physics_monan -I.. -I../../framework -I../../external/esmf_time_f90
ifx: command line warning #10121: overriding '-march=core-avx2' with '-march=core-avx2'
ifx: command line warning #10121: overriding '-march=core-avx2' with '-march=core-avx2'
rm -f mpas_atmphys_landuse.o mpas_atmphys_landuse.mod
rm -f mpas_atmphys_driver_pbl.o mpas_atmphys_driver_pbl.mod
ifx: command line warning #10121: overriding '-march=core-avx2' with '-march=core-avx2'
ftn -D_MPI -DUNDERSCORE -DCORE_ATMOSPHERE -DMPAS_NAMELIST_SUFFIX=atmosphere -DMPAS_EXE_NAME=atmosphere_model -DMPAS_OPENMP -DSINGLE_PRECISION -DMPAS_NATIVE_TIMERS -DMPAS_GIT_VERSION=unknown -DMPAS_BUILD_TARGET= -DMPAS_SMIOL_SUPPORT -Dmpas  -O3 -convert big_endian -FR -march=core-avx2 -mtune=core-avx2 -qopenmp -c mpas_atmphys_landuse.F -I/opt/cray/pe/netcdf/4.9.0.15/INTEL/2023.2/include -I/opt/cray/pe/parallel-netcdf/1.12.3.15/INTEL/2023.2/include -I/p/projetos/monan_atm/eduardo.eras/SandBox/scripts_CD-CT/sources/MONAN-Model_1.4.3-rc/src/external/SMIOL -I/opt/cray/pe/netcdf/4.9.0.15/INTEL/2023.2/include -I/opt/cray/pe/parallel-netcdf/1.12.3.15/INTEL/2023.2/include -I./physics_mmm -I./physics_wrf -I./physics_monan -I.. -I../../framework -I../../external/esmf_time_f90
ftn -D_MPI -DUNDERSCORE -DCORE_ATMOSPHERE -DMPAS_NAMELIST_SUFFIX=atmosphere -DMPAS_EXE_NAME=atmosphere_model -DMPAS_OPENMP -DSINGLE_PRECISION -DMPAS_NATIVE_TIMERS -DMPAS_GIT_VERSION=unknown -DMPAS_BUILD_TARGET= -DMPAS_SMIOL_SUPPORT -Dmpas  -O3 -convert big_endian -FR -march=core-avx2 -mtune=core-avx2 -qopenmp -c mpas_atmphys_driver_pbl.F -I/opt/cray/pe/netcdf/4.9.0.15/INTEL/2023.2/include -I/opt/cray/pe/parallel-netcdf/1.12.3.15/INTEL/2023.2/include -I/p/projetos/monan_atm/eduardo.eras/SandBox/scripts_CD-CT/sources/MONAN-Model_1.4.3-rc/src/external/SMIOL -I/opt/cray/pe/netcdf/4.9.0.15/INTEL/2023.2/include -I/opt/cray/pe/parallel-netcdf/1.12.3.15/INTEL/2023.2/include -I./physics_mmm -I./physics_wrf -I./physics_monan -I.. -I../../framework -I../../external/esmf_time_f90
ifx: command line warning #10121: overriding '-march=core-avx2' with '-march=core-avx2'
ifx: command line warning #10121: overriding '-march=core-avx2' with '-march=core-avx2'
mpas_atmphys_driver_pbl.F(141): error #6631: A non-optional actual argument must be present when invoking a procedure with an explicit interface.   [VARIABLE]
 call debug("mpas_pool_get_config: " // trim(pbl_scheme))
------^
mpas_atmphys_driver_pbl.F(743): error #6631: A non-optional actual argument must be present when invoking a procedure with an explicit interface.   [VARIABLE]
 call debug("init_pbl: " // trim(pbl_scheme))
------^
mpas_atmphys_driver_pbl.F(752): error #6631: A non-optional actual argument must be present when invoking a procedure with an explicit interface.   [VARIABLE]
        call debug("init_pbl select case Taylor PBL Scheme")
-------------^
mpas_atmphys_driver_pbl.F(827): error #6631: A non-optional actual argument must be present when invoking a procedure with an explicit interface.   [VARIABLE]
 call debug("driver_pbl: " // trim(pbl_scheme))
------^
compilation aborted for mpas_atmphys_driver_pbl.F (code 1)
make[5]: *** [Makefile:220: mpas_atmphys_driver_pbl.o] Error 1
make[5]: *** Waiting for unfinished jobs....
make[5]: Leaving directory '/p/projetos/monan_atm/eduardo.eras/SandBox/scripts_CD-CT/sources/MONAN-Model_1.4.3-rc/src/core_atmosphere/physics'
make[4]: *** [Makefile:66: core_physics] Error 2
make[4]: Leaving directory '/p/projetos/monan_atm/eduardo.eras/SandBox/scripts_CD-CT/sources/MONAN-Model_1.4.3-rc/src/core_atmosphere/physics'
make[3]: *** [Makefile:41: physcore] Error 2
make[3]: Leaving directory '/p/projetos/monan_atm/eduardo.eras/SandBox/scripts_CD-CT/sources/MONAN-Model_1.4.3-rc/src/core_atmosphere'
make[2]: *** [Makefile:41: dycore] Error 2
make[2]: Leaving directory '/p/projetos/monan_atm/eduardo.eras/SandBox/scripts_CD-CT/sources/MONAN-Model_1.4.3-rc/src'
make[1]: *** [Makefile:1388: mpas_main] Error 2
make[1]: Leaving directory '/p/projetos/monan_atm/eduardo.eras/SandBox/scripts_CD-CT/sources/MONAN-Model_1.4.3-rc'
make: *** [Makefile:685: intel-xd2000] Error 2
mv: cannot stat '/p/projetos/monan_atm/eduardo.eras/SandBox/scripts_CD-CT/sources/MONAN-Model_1.4.3-rc/atmosphere_model': No such file or directory
mv: cannot stat '/p/projetos/monan_atm/eduardo.eras/SandBox/scripts_CD-CT/sources/MONAN-Model_1.4.3-rc/build_tables': No such file or directory
cp: cannot stat '/p/projetos/monan_atm/eduardo.eras/SandBox/scripts_CD-CT/sources/MONAN-Model_1.4.3-rc/GF_ConvPar_nml': No such file or directory
cd src; make clean RM="rm -f" CORE="atmosphere"
make[1]: Entering directory '/p/projetos/monan_atm/eduardo.eras/SandBox/scripts_CD-CT/sources/MONAN-Model_1.4.3-rc/src'
rm -f libframework.a libops.a libdycore.a libatmosphere.a *.o
( cd tools; make clean )
make[2]: Entering directory '/p/projetos/monan_atm/eduardo.eras/SandBox/scripts_CD-CT/sources/MONAN-Model_1.4.3-rc/src/tools'
(cd input_gen; make clean)
make[3]: Entering directory '/p/projetos/monan_atm/eduardo.eras/SandBox/scripts_CD-CT/sources/MONAN-Model_1.4.3-rc/src/tools/input_gen'
rm -f *.o namelist_gen streams_gen
rm -f *.i
make[3]: Leaving directory '/p/projetos/monan_atm/eduardo.eras/SandBox/scripts_CD-CT/sources/MONAN-Model_1.4.3-rc/src/tools/input_gen'
(cd registry; make clean)
make[3]: Entering directory '/p/projetos/monan_atm/eduardo.eras/SandBox/scripts_CD-CT/sources/MONAN-Model_1.4.3-rc/src/tools/registry'
rm -f *.o parse
rm -f *.i
make[3]: Leaving directory '/p/projetos/monan_atm/eduardo.eras/SandBox/scripts_CD-CT/sources/MONAN-Model_1.4.3-rc/src/tools/registry'
make[2]: Leaving directory '/p/projetos/monan_atm/eduardo.eras/SandBox/scripts_CD-CT/sources/MONAN-Model_1.4.3-rc/src/tools'
( cd external; make clean )
make[2]: Entering directory '/p/projetos/monan_atm/eduardo.eras/SandBox/scripts_CD-CT/sources/MONAN-Model_1.4.3-rc/src/external'
( cd esmf_time_f90; make clean )
make[3]: Entering directory '/p/projetos/monan_atm/eduardo.eras/SandBox/scripts_CD-CT/sources/MONAN-Model_1.4.3-rc/src/external/esmf_time_f90'
rm -rf *.tmp.f90 *.o *.mod *.a
make[3]: Leaving directory '/p/projetos/monan_atm/eduardo.eras/SandBox/scripts_CD-CT/sources/MONAN-Model_1.4.3-rc/src/external/esmf_time_f90'
( cd ezxml; make clean )
make[3]: Entering directory '/p/projetos/monan_atm/eduardo.eras/SandBox/scripts_CD-CT/sources/MONAN-Model_1.4.3-rc/src/external/ezxml'
rm -f *.o *.i
make[3]: Leaving directory '/p/projetos/monan_atm/eduardo.eras/SandBox/scripts_CD-CT/sources/MONAN-Model_1.4.3-rc/src/external/ezxml'
make -C SMIOL clean
make[3]: Entering directory '/p/projetos/monan_atm/eduardo.eras/SandBox/scripts_CD-CT/sources/MONAN-Model_1.4.3-rc/src/external/SMIOL'
rm -f -f smiol.o smiol_utils.o libsmiol.a
rm -f -f smiolf.o smiolf.mod libsmiolf.a
make[3]: Leaving directory '/p/projetos/monan_atm/eduardo.eras/SandBox/scripts_CD-CT/sources/MONAN-Model_1.4.3-rc/src/external/SMIOL'
make[2]: Leaving directory '/p/projetos/monan_atm/eduardo.eras/SandBox/scripts_CD-CT/sources/MONAN-Model_1.4.3-rc/src/external'
( cd framework; make clean )
make[2]: Entering directory '/p/projetos/monan_atm/eduardo.eras/SandBox/scripts_CD-CT/sources/MONAN-Model_1.4.3-rc/src/framework'
rm -f *.o *.mod *.f90 libframework.a
rm -f *.i
make[2]: Leaving directory '/p/projetos/monan_atm/eduardo.eras/SandBox/scripts_CD-CT/sources/MONAN-Model_1.4.3-rc/src/framework'
( cd operators; make clean )
make[2]: Entering directory '/p/projetos/monan_atm/eduardo.eras/SandBox/scripts_CD-CT/sources/MONAN-Model_1.4.3-rc/src/operators'
rm -f *.o *.mod *.f90 libops.a
rm -f *.i
make[2]: Leaving directory '/p/projetos/monan_atm/eduardo.eras/SandBox/scripts_CD-CT/sources/MONAN-Model_1.4.3-rc/src/operators'
( cd driver; make clean )
make[2]: Entering directory '/p/projetos/monan_atm/eduardo.eras/SandBox/scripts_CD-CT/sources/MONAN-Model_1.4.3-rc/src/driver'
rm -f *.o *.mod *.f90
rm -f *.i
make[2]: Leaving directory '/p/projetos/monan_atm/eduardo.eras/SandBox/scripts_CD-CT/sources/MONAN-Model_1.4.3-rc/src/driver'
if [ -d core_atmosphere ] ; then \
   ( cd core_atmosphere; make clean ) \
fi;
make[2]: Entering directory '/p/projetos/monan_atm/eduardo.eras/SandBox/scripts_CD-CT/sources/MONAN-Model_1.4.3-rc/src/core_atmosphere'
( cd physics; make clean )
make[3]: Entering directory '/p/projetos/monan_atm/eduardo.eras/SandBox/scripts_CD-CT/sources/MONAN-Model_1.4.3-rc/src/core_atmosphere/physics'
rm -f *.o *.mod *.f90 libphys.a
( cd physics_wrf; make clean )
make[4]: Entering directory '/p/projetos/monan_atm/eduardo.eras/SandBox/scripts_CD-CT/sources/MONAN-Model_1.4.3-rc/src/core_atmosphere/physics/physics_wrf'
rm -f *.f90 *.o *.mod
rm -f *.i
make[4]: Leaving directory '/p/projetos/monan_atm/eduardo.eras/SandBox/scripts_CD-CT/sources/MONAN-Model_1.4.3-rc/src/core_atmosphere/physics/physics_wrf'
( cd physics_mmm; make clean )
make[4]: Entering directory '/p/projetos/monan_atm/eduardo.eras/SandBox/scripts_CD-CT/sources/MONAN-Model_1.4.3-rc/src/core_atmosphere/physics/physics_mmm'
rm -f *.f90 *.o *.mod
rm -f *.i
make[4]: Leaving directory '/p/projetos/monan_atm/eduardo.eras/SandBox/scripts_CD-CT/sources/MONAN-Model_1.4.3-rc/src/core_atmosphere/physics/physics_mmm'
( cd physics_monan; make clean )
make[4]: Entering directory '/p/projetos/monan_atm/eduardo.eras/SandBox/scripts_CD-CT/sources/MONAN-Model_1.4.3-rc/src/core_atmosphere/physics/physics_monan'
rm -f *.f90 *.o *.mod
rm -f *.i
make[4]: Leaving directory '/p/projetos/monan_atm/eduardo.eras/SandBox/scripts_CD-CT/sources/MONAN-Model_1.4.3-rc/src/core_atmosphere/physics/physics_monan'
rm -f *.i
make[3]: Leaving directory '/p/projetos/monan_atm/eduardo.eras/SandBox/scripts_CD-CT/sources/MONAN-Model_1.4.3-rc/src/core_atmosphere/physics'
( cd dynamics; make clean )
make[3]: Entering directory '/p/projetos/monan_atm/eduardo.eras/SandBox/scripts_CD-CT/sources/MONAN-Model_1.4.3-rc/src/core_atmosphere/dynamics'
rm -f *.o *.mod *.f90
rm -f *.i
make[3]: Leaving directory '/p/projetos/monan_atm/eduardo.eras/SandBox/scripts_CD-CT/sources/MONAN-Model_1.4.3-rc/src/core_atmosphere/dynamics'
( cd diagnostics; make clean )
make[3]: Entering directory '/p/projetos/monan_atm/eduardo.eras/SandBox/scripts_CD-CT/sources/MONAN-Model_1.4.3-rc/src/core_atmosphere/diagnostics'
rm -f *.o *.mod *.f90
rm -f *.i
make[3]: Leaving directory '/p/projetos/monan_atm/eduardo.eras/SandBox/scripts_CD-CT/sources/MONAN-Model_1.4.3-rc/src/core_atmosphere/diagnostics'
( cd utils; make clean )
make[3]: Entering directory '/p/projetos/monan_atm/eduardo.eras/SandBox/scripts_CD-CT/sources/MONAN-Model_1.4.3-rc/src/core_atmosphere/utils'
rm -f ../../../build_tables
rm -f *.o *.mod *.f90
rm -f *.i
make[3]: Leaving directory '/p/projetos/monan_atm/eduardo.eras/SandBox/scripts_CD-CT/sources/MONAN-Model_1.4.3-rc/src/core_atmosphere/utils'
( cd ../..; rm -f *TBL )
( cd ../..; rm -f *DATA* )
rm -f -r libphys
rm -f *.o *.mod *.f90 libdycore.a
rm -f Registry_processed.xml
rm -f *.i
rm -f -r default_inputs
make[2]: Leaving directory '/p/projetos/monan_atm/eduardo.eras/SandBox/scripts_CD-CT/sources/MONAN-Model_1.4.3-rc/src/core_atmosphere'
make[1]: Leaving directory '/p/projetos/monan_atm/eduardo.eras/SandBox/scripts_CD-CT/sources/MONAN-Model_1.4.3-rc/src'
rm -f .mpas_core_*
rm -f atmosphere_model
rm -f namelist.atmosphere.defaults
rm -f streams.atmosphere.defaults
cd src; make clean RM="rm -f" CORE="init_atmosphere"
make[1]: Entering directory '/p/projetos/monan_atm/eduardo.eras/SandBox/scripts_CD-CT/sources/MONAN-Model_1.4.3-rc/src'
rm -f libframework.a libops.a libdycore.a libinit_atmosphere.a *.o
( cd tools; make clean )
make[2]: Entering directory '/p/projetos/monan_atm/eduardo.eras/SandBox/scripts_CD-CT/sources/MONAN-Model_1.4.3-rc/src/tools'
(cd input_gen; make clean)
make[3]: Entering directory '/p/projetos/monan_atm/eduardo.eras/SandBox/scripts_CD-CT/sources/MONAN-Model_1.4.3-rc/src/tools/input_gen'
rm -f *.o namelist_gen streams_gen
rm -f *.i
make[3]: Leaving directory '/p/projetos/monan_atm/eduardo.eras/SandBox/scripts_CD-CT/sources/MONAN-Model_1.4.3-rc/src/tools/input_gen'
(cd registry; make clean)
make[3]: Entering directory '/p/projetos/monan_atm/eduardo.eras/SandBox/scripts_CD-CT/sources/MONAN-Model_1.4.3-rc/src/tools/registry'
rm -f *.o parse
rm -f *.i
make[3]: Leaving directory '/p/projetos/monan_atm/eduardo.eras/SandBox/scripts_CD-CT/sources/MONAN-Model_1.4.3-rc/src/tools/registry'
make[2]: Leaving directory '/p/projetos/monan_atm/eduardo.eras/SandBox/scripts_CD-CT/sources/MONAN-Model_1.4.3-rc/src/tools'
( cd external; make clean )
make[2]: Entering directory '/p/projetos/monan_atm/eduardo.eras/SandBox/scripts_CD-CT/sources/MONAN-Model_1.4.3-rc/src/external'
( cd esmf_time_f90; make clean )
make[3]: Entering directory '/p/projetos/monan_atm/eduardo.eras/SandBox/scripts_CD-CT/sources/MONAN-Model_1.4.3-rc/src/external/esmf_time_f90'
rm -rf *.tmp.f90 *.o *.mod *.a
make[3]: Leaving directory '/p/projetos/monan_atm/eduardo.eras/SandBox/scripts_CD-CT/sources/MONAN-Model_1.4.3-rc/src/external/esmf_time_f90'
( cd ezxml; make clean )
make[3]: Entering directory '/p/projetos/monan_atm/eduardo.eras/SandBox/scripts_CD-CT/sources/MONAN-Model_1.4.3-rc/src/external/ezxml'
rm -f *.o *.i
make[3]: Leaving directory '/p/projetos/monan_atm/eduardo.eras/SandBox/scripts_CD-CT/sources/MONAN-Model_1.4.3-rc/src/external/ezxml'
make -C SMIOL clean
make[3]: Entering directory '/p/projetos/monan_atm/eduardo.eras/SandBox/scripts_CD-CT/sources/MONAN-Model_1.4.3-rc/src/external/SMIOL'
rm -f -f smiol.o smiol_utils.o libsmiol.a
rm -f -f smiolf.o smiolf.mod libsmiolf.a
make[3]: Leaving directory '/p/projetos/monan_atm/eduardo.eras/SandBox/scripts_CD-CT/sources/MONAN-Model_1.4.3-rc/src/external/SMIOL'
make[2]: Leaving directory '/p/projetos/monan_atm/eduardo.eras/SandBox/scripts_CD-CT/sources/MONAN-Model_1.4.3-rc/src/external'
( cd framework; make clean )
make[2]: Entering directory '/p/projetos/monan_atm/eduardo.eras/SandBox/scripts_CD-CT/sources/MONAN-Model_1.4.3-rc/src/framework'
rm -f *.o *.mod *.f90 libframework.a
rm -f *.i
make[2]: Leaving directory '/p/projetos/monan_atm/eduardo.eras/SandBox/scripts_CD-CT/sources/MONAN-Model_1.4.3-rc/src/framework'
( cd operators; make clean )
make[2]: Entering directory '/p/projetos/monan_atm/eduardo.eras/SandBox/scripts_CD-CT/sources/MONAN-Model_1.4.3-rc/src/operators'
rm -f *.o *.mod *.f90 libops.a
rm -f *.i
make[2]: Leaving directory '/p/projetos/monan_atm/eduardo.eras/SandBox/scripts_CD-CT/sources/MONAN-Model_1.4.3-rc/src/operators'
( cd driver; make clean )
make[2]: Entering directory '/p/projetos/monan_atm/eduardo.eras/SandBox/scripts_CD-CT/sources/MONAN-Model_1.4.3-rc/src/driver'
rm -f *.o *.mod *.f90
rm -f *.i
make[2]: Leaving directory '/p/projetos/monan_atm/eduardo.eras/SandBox/scripts_CD-CT/sources/MONAN-Model_1.4.3-rc/src/driver'
if [ -d core_init_atmosphere ] ; then \
   ( cd core_init_atmosphere; make clean ) \
fi;
make[2]: Entering directory '/p/projetos/monan_atm/eduardo.eras/SandBox/scripts_CD-CT/sources/MONAN-Model_1.4.3-rc/src/core_init_atmosphere'
rm -f *.o *.mod *.f90 libdycore.a
rm -f Registry_processed.xml
rm -f *.i
rm -f -r default_inputs
make[2]: Leaving directory '/p/projetos/monan_atm/eduardo.eras/SandBox/scripts_CD-CT/sources/MONAN-Model_1.4.3-rc/src/core_init_atmosphere'
make[1]: Leaving directory '/p/projetos/monan_atm/eduardo.eras/SandBox/scripts_CD-CT/sources/MONAN-Model_1.4.3-rc/src'
rm -f .mpas_core_*
rm -f init_atmosphere_model
rm -f namelist.init_atmosphere.defaults
rm -f streams.init_atmosphere.defaults
NOTE: PRECISION=single is unnecessary, single is the default
( make all \
        "FC_PARALLEL = ftn" \
        "CC_PARALLEL = cc" \
        "CXX_PARALLEL = CC" \
        "FC_SERIAL = ftn" \
        "CC_SERIAL = cc" \
        "CXX_SERIAL = CC" \
        "FFLAGS_PROMOTION = -real-size 64" \
        "FFLAGS_OPT = -O2 -convert big_endian -FR -march=core-avx2 -mtune=core-avx2" \
        "CFLAGS_OPT = -O2 -std=gnu90" \
        "CXXFLAGS_OPT = -O2" \
        "LDFLAGS_OPT = -O2" \
        "FFLAGS_DEBUG = -g -convert big_endian -FR -CU -CB -check all -fpe0 -traceback" \
        "CFLAGS_DEBUG = -g -traceback" \
        "CXXFLAGS_DEBUG = -g -traceback" \
        "LDFLAGS_DEBUG = -g -fpe0 -traceback" \
        "FFLAGS_OMP = -qopenmp" \
        "CFLAGS_OMP = -qopenmp" \
        "CORE = init_atmosphere" \
        "DEBUG = " \
        "USE_PAPI = " \
        "OPENMP = true" \
        "CPPFLAGS =  -D_MPI -DUNDERSCORE" )
make[1]: Entering directory '/p/projetos/monan_atm/eduardo.eras/SandBox/scripts_CD-CT/sources/MONAN-Model_1.4.3-rc'
NOTE: PRECISION=single is unnecessary, single is the default
Checking for mpi_f08 support...
Testing compiler for OpenMP support
No working mpi_f08 module detected; using mpi module.
warning: invalid argument '-std=gnu90' not allowed with 'C++/ObjC++'
1 warning generated.
ifx: command line warning #10121: overriding '-march=core-avx2' with '-march=core-avx2'
ifx: command line warning #10121: overriding '-march=core-avx2' with '-march=core-avx2'
cd src; make FC="ftn" \
                 CC="cc" \
                 CXX="CC" \
                 SFC="ftn" \
                 SCC="cc" \
                 LINKER="ftn" \
                 CFLAGS="-O2 -std=gnu90 -qopenmp "-DSINGLE_PRECISION"" \
                 CXXFLAGS="-O2 -qopenmp "-DSINGLE_PRECISION"" \
                 FFLAGS="-O2 -convert big_endian -FR -march=core-avx2 -mtune=core-avx2 -qopenmp" \
                 LDFLAGS="-O2 -qopenmp" \
                 RM="rm -f" \
                 CPP="cpp -P -traditional" \
                 CPPFLAGS="-D_MPI -DUNDERSCORE -DCORE_INIT_ATMOSPHERE -DMPAS_NAMELIST_SUFFIX=init_atmosphere -DMPAS_EXE_NAME=init_atmosphere_model "-DMPAS_OPENMP" "-DSINGLE_PRECISION" -DMPAS_NATIVE_TIMERS -DMPAS_GIT_VERSION="unknown" -DMPAS_BUILD_TARGET= "-DMPAS_SMIOL_SUPPORT"" \
                 LIBS=" -L/p/projetos/monan_atm/eduardo.eras/SandBox/scripts_CD-CT/sources/MONAN-Model_1.4.3-rc/src/external/SMIOL -lsmiolf -lsmiol -L/opt/cray/pe/netcdf/4.9.0.15/INTEL/2023.2/lib -lnetcdff -lnetcdf -L/opt/cray/pe/parallel-netcdf/1.12.3.15/INTEL/2023.2/lib -lpnetcdf" \
                 CPPINCLUDES=" -I/opt/cray/pe/netcdf/4.9.0.15/INTEL/2023.2/include -I/opt/cray/pe/parallel-netcdf/1.12.3.15/INTEL/2023.2/include" \
                 FCINCLUDES=" -I/p/projetos/monan_atm/eduardo.eras/SandBox/scripts_CD-CT/sources/MONAN-Model_1.4.3-rc/src/external/SMIOL -I/opt/cray/pe/netcdf/4.9.0.15/INTEL/2023.2/include -I/opt/cray/pe/parallel-netcdf/1.12.3.15/INTEL/2023.2/include" \
                 CORE="init_atmosphere"\
                 AUTOCLEAN="false" \
                 GEN_F90="false" \
                 NAMELIST_SUFFIX="init_atmosphere" \
                 EXE_NAME="init_atmosphere_model"
make[2]: Entering directory '/p/projetos/monan_atm/eduardo.eras/SandBox/scripts_CD-CT/sources/MONAN-Model_1.4.3-rc/src'
( cd external; make FC="ftn" SFC="ftn" CC="cc" SCC="cc" FFLAGS="-O2 -convert big_endian -FR -march=core-avx2 -mtune=core-avx2 -qopenmp" CFLAGS="-O2 -std=gnu90 -qopenmp -DSINGLE_PRECISION" CPP="cpp -P -traditional" NETCDF="/opt/cray/pe/netcdf/4.9.0.15/INTEL/2023.2" CORE="init_atmosphere" all )
make[3]: Entering directory '/p/projetos/monan_atm/eduardo.eras/SandBox/scripts_CD-CT/sources/MONAN-Model_1.4.3-rc/src/external'
( cd esmf_time_f90; make FC="ftn" FFLAGS="-O2 -convert big_endian -FR -march=core-avx2 -mtune=core-avx2 -qopenmp" CPP="cpp -P -traditional" CPPFLAGS="-D_MPI -DUNDERSCORE -DCORE_INIT_ATMOSPHERE -DMPAS_NAMELIST_SUFFIX=init_atmosphere -DMPAS_EXE_NAME=init_atmosphere_model -DMPAS_OPENMP -DSINGLE_PRECISION -DMPAS_NATIVE_TIMERS -DMPAS_GIT_VERSION=unknown -DMPAS_BUILD_TARGET= -DMPAS_SMIOL_SUPPORT -DHIDE_MPI" GEN_F90=false )
( cd ezxml; make OBJFILE="ezxml.o" )
make -C SMIOL
make[4]: Entering directory '/p/projetos/monan_atm/eduardo.eras/SandBox/scripts_CD-CT/sources/MONAN-Model_1.4.3-rc/src/external/SMIOL'
cc -I/opt/cray/pe/netcdf/4.9.0.15/INTEL/2023.2/include -I/opt/cray/pe/parallel-netcdf/1.12.3.15/INTEL/2023.2/include -DSMIOL_PNETCDF -O2 -std=gnu90 -qopenmp -DSINGLE_PRECISION -c smiol.c
make[4]: Entering directory '/p/projetos/monan_atm/eduardo.eras/SandBox/scripts_CD-CT/sources/MONAN-Model_1.4.3-rc/src/external/esmf_time_f90'
rm -f ESMF_BaseMod.o ESMF_BaseMod.mod
make[4]: Entering directory '/p/projetos/monan_atm/eduardo.eras/SandBox/scripts_CD-CT/sources/MONAN-Model_1.4.3-rc/src/external/ezxml'
cc -O2 -std=gnu90 -qopenmp -DSINGLE_PRECISION -D_MPI -DUNDERSCORE -DCORE_INIT_ATMOSPHERE -DMPAS_NAMELIST_SUFFIX=init_atmosphere -DMPAS_EXE_NAME=init_atmosphere_model -DMPAS_OPENMP -DSINGLE_PRECISION -DMPAS_NATIVE_TIMERS -DMPAS_GIT_VERSION=unknown -DMPAS_BUILD_TARGET= -DMPAS_SMIOL_SUPPORT -c ezxml.c -o ezxml.o
cc -I/opt/cray/pe/netcdf/4.9.0.15/INTEL/2023.2/include -I/opt/cray/pe/parallel-netcdf/1.12.3.15/INTEL/2023.2/include -DSMIOL_PNETCDF -O2 -std=gnu90 -qopenmp -DSINGLE_PRECISION -c smiol_utils.c
ftn -I/opt/cray/pe/netcdf/4.9.0.15/INTEL/2023.2/include -I/opt/cray/pe/parallel-netcdf/1.12.3.15/INTEL/2023.2/include -DSMIOL_PNETCDF -O2 -convert big_endian -FR -march=core-avx2 -mtune=core-avx2 -qopenmp -c smiolf.F90
rm -f ESMF_FractionMod.o ESMF_FractionMod.mod
ftn -D_MPI -DUNDERSCORE -DCORE_INIT_ATMOSPHERE -DMPAS_NAMELIST_SUFFIX=init_atmosphere -DMPAS_EXE_NAME=init_atmosphere_model -DMPAS_OPENMP -DSINGLE_PRECISION -DMPAS_NATIVE_TIMERS -DMPAS_GIT_VERSION=unknown -DMPAS_BUILD_TARGET= -DMPAS_SMIOL_SUPPORT -DHIDE_MPI -O2 -convert big_endian -FR -march=core-avx2 -mtune=core-avx2 -qopenmp -c ESMF_BaseMod.F90 -I/opt/cray/pe/netcdf/4.9.0.15/INTEL/2023.2/include -I/opt/cray/pe/parallel-netcdf/1.12.3.15/INTEL/2023.2/include -I/p/projetos/monan_atm/eduardo.eras/SandBox/scripts_CD-CT/sources/MONAN-Model_1.4.3-rc/src/external/SMIOL -I/opt/cray/pe/netcdf/4.9.0.15/INTEL/2023.2/include -I/opt/cray/pe/parallel-netcdf/1.12.3.15/INTEL/2023.2/include -I.
ftn -D_MPI -DUNDERSCORE -DCORE_INIT_ATMOSPHERE -DMPAS_NAMELIST_SUFFIX=init_atmosphere -DMPAS_EXE_NAME=init_atmosphere_model -DMPAS_OPENMP -DSINGLE_PRECISION -DMPAS_NATIVE_TIMERS -DMPAS_GIT_VERSION=unknown -DMPAS_BUILD_TARGET= -DMPAS_SMIOL_SUPPORT -DHIDE_MPI -O2 -convert big_endian -FR -march=core-avx2 -mtune=core-avx2 -qopenmp -c ESMF_FractionMod.F90 -I/opt/cray/pe/netcdf/4.9.0.15/INTEL/2023.2/include -I/opt/cray/pe/parallel-netcdf/1.12.3.15/INTEL/2023.2/include -I/p/projetos/monan_atm/eduardo.eras/SandBox/scripts_CD-CT/sources/MONAN-Model_1.4.3-rc/src/external/SMIOL -I/opt/cray/pe/netcdf/4.9.0.15/INTEL/2023.2/include -I/opt/cray/pe/parallel-netcdf/1.12.3.15/INTEL/2023.2/include -I.
rm -f wrf_error_fatal.o wrf_error_fatal.mod
rm -f wrf_message.o wrf_message.mod
ftn -D_MPI -DUNDERSCORE -DCORE_INIT_ATMOSPHERE -DMPAS_NAMELIST_SUFFIX=init_atmosphere -DMPAS_EXE_NAME=init_atmosphere_model -DMPAS_OPENMP -DSINGLE_PRECISION -DMPAS_NATIVE_TIMERS -DMPAS_GIT_VERSION=unknown -DMPAS_BUILD_TARGET= -DMPAS_SMIOL_SUPPORT -DHIDE_MPI -O2 -convert big_endian -FR -march=core-avx2 -mtune=core-avx2 -qopenmp -c wrf_error_fatal.F90 -I/opt/cray/pe/netcdf/4.9.0.15/INTEL/2023.2/include -I/opt/cray/pe/parallel-netcdf/1.12.3.15/INTEL/2023.2/include -I/p/projetos/monan_atm/eduardo.eras/SandBox/scripts_CD-CT/sources/MONAN-Model_1.4.3-rc/src/external/SMIOL -I/opt/cray/pe/netcdf/4.9.0.15/INTEL/2023.2/include -I/opt/cray/pe/parallel-netcdf/1.12.3.15/INTEL/2023.2/include -I.
ftn -D_MPI -DUNDERSCORE -DCORE_INIT_ATMOSPHERE -DMPAS_NAMELIST_SUFFIX=init_atmosphere -DMPAS_EXE_NAME=init_atmosphere_model -DMPAS_OPENMP -DSINGLE_PRECISION -DMPAS_NATIVE_TIMERS -DMPAS_GIT_VERSION=unknown -DMPAS_BUILD_TARGET= -DMPAS_SMIOL_SUPPORT -DHIDE_MPI -O2 -convert big_endian -FR -march=core-avx2 -mtune=core-avx2 -qopenmp -c wrf_message.F90 -I/opt/cray/pe/netcdf/4.9.0.15/INTEL/2023.2/include -I/opt/cray/pe/parallel-netcdf/1.12.3.15/INTEL/2023.2/include -I/p/projetos/monan_atm/eduardo.eras/SandBox/scripts_CD-CT/sources/MONAN-Model_1.4.3-rc/src/external/SMIOL -I/opt/cray/pe/netcdf/4.9.0.15/INTEL/2023.2/include -I/opt/cray/pe/parallel-netcdf/1.12.3.15/INTEL/2023.2/include -I.
ifx: command line warning #10121: overriding '-march=core-avx2' with '-march=core-avx2'
ifx: command line warning #10121: overriding '-march=core-avx2' with '-march=core-avx2'
ifx: command line warning #10121: overriding '-march=core-avx2' with '-march=core-avx2'
ifx: command line warning #10121: overriding '-march=core-avx2' with '-march=core-avx2'
ifx: command line warning #10121: overriding '-march=core-avx2' with '-march=core-avx2'
ezxml.c:371:26: warning: unsequenced modification and access to 's' [-Wunsequenced]
  371 |             while (*(n = ++s + strspn(s, EZXML_WS)) && *n != '>') {
      |                          ^            ~
ESMF_BaseMod.F90(672): warning #6843: A dummy argument with an explicit INTENT(OUT) declaration is not given an explicit value.   [TYPE]
      subroutine ESMF_AttributeGetbyNumber(anytype, number, name, type, value, rc)
------------------------------------------------------------------^
ESMF_BaseMod.F90(623): warning #6843: A dummy argument with an explicit INTENT(OUT) declaration is not given an explicit value.   [TYPE]
      subroutine ESMF_AttributeGet(anytype, name, type, value, rc)
--------------------------------------------------^
ESMF_BaseMod.F90(699): warning #6843: A dummy argument with an explicit INTENT(OUT) declaration is not given an explicit value.   [NAMELIST]
      subroutine ESMF_AttributeGetNameList(anytype, count, namelist, rc)
-----------------------------------------------------------^
ESMF_BaseMod.F90(672): warning #6843: A dummy argument with an explicit INTENT(OUT) declaration is not given an explicit value.   [VALUE]
      subroutine ESMF_AttributeGetbyNumber(anytype, number, name, type, value, rc)
------------------------------------------------------------------------^
ESMF_BaseMod.F90(623): warning #6843: A dummy argument with an explicit INTENT(OUT) declaration is not given an explicit value.   [VALUE]
      subroutine ESMF_AttributeGet(anytype, name, type, value, rc)
--------------------------------------------------------^
ESMF_BaseMod.F90(699): warning #6843: A dummy argument with an explicit INTENT(OUT) declaration is not given an explicit value.   [COUNT]
      subroutine ESMF_AttributeGetNameList(anytype, count, namelist, rc)
----------------------------------------------------^
ESMF_BaseMod.F90(648): warning #6843: A dummy argument with an explicit INTENT(OUT) declaration is not given an explicit value.   [COUNT]
      subroutine ESMF_AttributeGetCount(anytype, count, rc)
-------------------------------------------------^
ESMF_BaseMod.F90(802): warning #6843: A dummy argument with an explicit INTENT(OUT) declaration is not given an explicit value.   [VALUELIST]
      subroutine ESMF_AttributeGetObjectList(anytypelist, name, typelist, valuelist, rc)
--------------------------------------------------------------------------^
ESMF_BaseMod.F90(750): warning #6843: A dummy argument with an explicit INTENT(OUT) declaration is not given an explicit value.   [VALUELIST]
      subroutine ESMF_AttributeGetList(anytype, namelist, typelist, valuelist, rc)
--------------------------------------------------------------------^
ESMF_BaseMod.F90(802): warning #6843: A dummy argument with an explicit INTENT(OUT) declaration is not given an explicit value.   [TYPELIST]
      subroutine ESMF_AttributeGetObjectList(anytypelist, name, typelist, valuelist, rc)
----------------------------------------------------------------^
ESMF_BaseMod.F90(750): warning #6843: A dummy argument with an explicit INTENT(OUT) declaration is not given an explicit value.   [TYPELIST]
      subroutine ESMF_AttributeGetList(anytype, namelist, typelist, valuelist, rc)
----------------------------------------------------------^
rm -f ESMF_BaseTimeMod.o ESMF_BaseTimeMod.mod
rm -f MeatMod.o MeatMod.mod
ftn -D_MPI -DUNDERSCORE -DCORE_INIT_ATMOSPHERE -DMPAS_NAMELIST_SUFFIX=init_atmosphere -DMPAS_EXE_NAME=init_atmosphere_model -DMPAS_OPENMP -DSINGLE_PRECISION -DMPAS_NATIVE_TIMERS -DMPAS_GIT_VERSION=unknown -DMPAS_BUILD_TARGET= -DMPAS_SMIOL_SUPPORT -DHIDE_MPI -O2 -convert big_endian -FR -march=core-avx2 -mtune=core-avx2 -qopenmp -c ESMF_BaseTimeMod.F90 -I/opt/cray/pe/netcdf/4.9.0.15/INTEL/2023.2/include -I/opt/cray/pe/parallel-netcdf/1.12.3.15/INTEL/2023.2/include -I/p/projetos/monan_atm/eduardo.eras/SandBox/scripts_CD-CT/sources/MONAN-Model_1.4.3-rc/src/external/SMIOL -I/opt/cray/pe/netcdf/4.9.0.15/INTEL/2023.2/include -I/opt/cray/pe/parallel-netcdf/1.12.3.15/INTEL/2023.2/include -I.
ftn -D_MPI -DUNDERSCORE -DCORE_INIT_ATMOSPHERE -DMPAS_NAMELIST_SUFFIX=init_atmosphere -DMPAS_EXE_NAME=init_atmosphere_model -DMPAS_OPENMP -DSINGLE_PRECISION -DMPAS_NATIVE_TIMERS -DMPAS_GIT_VERSION=unknown -DMPAS_BUILD_TARGET= -DMPAS_SMIOL_SUPPORT -DHIDE_MPI -O2 -convert big_endian -FR -march=core-avx2 -mtune=core-avx2 -qopenmp -c MeatMod.F90 -I/opt/cray/pe/netcdf/4.9.0.15/INTEL/2023.2/include -I/opt/cray/pe/parallel-netcdf/1.12.3.15/INTEL/2023.2/include -I/p/projetos/monan_atm/eduardo.eras/SandBox/scripts_CD-CT/sources/MONAN-Model_1.4.3-rc/src/external/SMIOL -I/opt/cray/pe/netcdf/4.9.0.15/INTEL/2023.2/include -I/opt/cray/pe/parallel-netcdf/1.12.3.15/INTEL/2023.2/include -I.
ifx: command line warning #10121: overriding '-march=core-avx2' with '-march=core-avx2'
ifx: command line warning #10121: overriding '-march=core-avx2' with '-march=core-avx2'
ar -cr libsmiol.a smiol.o smiol_utils.o
rm -f ESMF_CalendarMod.o ESMF_CalendarMod.mod
ftn -D_MPI -DUNDERSCORE -DCORE_INIT_ATMOSPHERE -DMPAS_NAMELIST_SUFFIX=init_atmosphere -DMPAS_EXE_NAME=init_atmosphere_model -DMPAS_OPENMP -DSINGLE_PRECISION -DMPAS_NATIVE_TIMERS -DMPAS_GIT_VERSION=unknown -DMPAS_BUILD_TARGET= -DMPAS_SMIOL_SUPPORT -DHIDE_MPI -O2 -convert big_endian -FR -march=core-avx2 -mtune=core-avx2 -qopenmp -c ESMF_CalendarMod.F90 -I/opt/cray/pe/netcdf/4.9.0.15/INTEL/2023.2/include -I/opt/cray/pe/parallel-netcdf/1.12.3.15/INTEL/2023.2/include -I/p/projetos/monan_atm/eduardo.eras/SandBox/scripts_CD-CT/sources/MONAN-Model_1.4.3-rc/src/external/SMIOL -I/opt/cray/pe/netcdf/4.9.0.15/INTEL/2023.2/include -I/opt/cray/pe/parallel-netcdf/1.12.3.15/INTEL/2023.2/include -I.
ifx: command line warning #10121: overriding '-march=core-avx2' with '-march=core-avx2'
1 warning generated.
make[4]: Leaving directory '/p/projetos/monan_atm/eduardo.eras/SandBox/scripts_CD-CT/sources/MONAN-Model_1.4.3-rc/src/external/ezxml'
rm -f ESMF_ShrTimeMod.o ESMF_ShrTimeMod.mod
rm -f ESMF_Stubs.o ESMF_Stubs.mod
ftn -D_MPI -DUNDERSCORE -DCORE_INIT_ATMOSPHERE -DMPAS_NAMELIST_SUFFIX=init_atmosphere -DMPAS_EXE_NAME=init_atmosphere_model -DMPAS_OPENMP -DSINGLE_PRECISION -DMPAS_NATIVE_TIMERS -DMPAS_GIT_VERSION=unknown -DMPAS_BUILD_TARGET= -DMPAS_SMIOL_SUPPORT -DHIDE_MPI -O2 -convert big_endian -FR -march=core-avx2 -mtune=core-avx2 -qopenmp -c ESMF_ShrTimeMod.F90 -I/opt/cray/pe/netcdf/4.9.0.15/INTEL/2023.2/include -I/opt/cray/pe/parallel-netcdf/1.12.3.15/INTEL/2023.2/include -I/p/projetos/monan_atm/eduardo.eras/SandBox/scripts_CD-CT/sources/MONAN-Model_1.4.3-rc/src/external/SMIOL -I/opt/cray/pe/netcdf/4.9.0.15/INTEL/2023.2/include -I/opt/cray/pe/parallel-netcdf/1.12.3.15/INTEL/2023.2/include -I.
ftn -D_MPI -DUNDERSCORE -DCORE_INIT_ATMOSPHERE -DMPAS_NAMELIST_SUFFIX=init_atmosphere -DMPAS_EXE_NAME=init_atmosphere_model -DMPAS_OPENMP -DSINGLE_PRECISION -DMPAS_NATIVE_TIMERS -DMPAS_GIT_VERSION=unknown -DMPAS_BUILD_TARGET= -DMPAS_SMIOL_SUPPORT -DHIDE_MPI -O2 -convert big_endian -FR -march=core-avx2 -mtune=core-avx2 -qopenmp -c ESMF_Stubs.F90 -I/opt/cray/pe/netcdf/4.9.0.15/INTEL/2023.2/include -I/opt/cray/pe/parallel-netcdf/1.12.3.15/INTEL/2023.2/include -I/p/projetos/monan_atm/eduardo.eras/SandBox/scripts_CD-CT/sources/MONAN-Model_1.4.3-rc/src/external/SMIOL -I/opt/cray/pe/netcdf/4.9.0.15/INTEL/2023.2/include -I/opt/cray/pe/parallel-netcdf/1.12.3.15/INTEL/2023.2/include -I.
ifx: command line warning #10121: overriding '-march=core-avx2' with '-march=core-avx2'
ifx: command line warning #10121: overriding '-march=core-avx2' with '-march=core-avx2'
rm -f ESMF_TimeIntervalMod.o ESMF_TimeIntervalMod.mod
ftn -D_MPI -DUNDERSCORE -DCORE_INIT_ATMOSPHERE -DMPAS_NAMELIST_SUFFIX=init_atmosphere -DMPAS_EXE_NAME=init_atmosphere_model -DMPAS_OPENMP -DSINGLE_PRECISION -DMPAS_NATIVE_TIMERS -DMPAS_GIT_VERSION=unknown -DMPAS_BUILD_TARGET= -DMPAS_SMIOL_SUPPORT -DHIDE_MPI -O2 -convert big_endian -FR -march=core-avx2 -mtune=core-avx2 -qopenmp -c ESMF_TimeIntervalMod.F90 -I/opt/cray/pe/netcdf/4.9.0.15/INTEL/2023.2/include -I/opt/cray/pe/parallel-netcdf/1.12.3.15/INTEL/2023.2/include -I/p/projetos/monan_atm/eduardo.eras/SandBox/scripts_CD-CT/sources/MONAN-Model_1.4.3-rc/src/external/SMIOL -I/opt/cray/pe/netcdf/4.9.0.15/INTEL/2023.2/include -I/opt/cray/pe/parallel-netcdf/1.12.3.15/INTEL/2023.2/include -I.
ifx: command line warning #10121: overriding '-march=core-avx2' with '-march=core-avx2'
rm -f ESMF_TimeMod.o ESMF_TimeMod.mod
ftn -D_MPI -DUNDERSCORE -DCORE_INIT_ATMOSPHERE -DMPAS_NAMELIST_SUFFIX=init_atmosphere -DMPAS_EXE_NAME=init_atmosphere_model -DMPAS_OPENMP -DSINGLE_PRECISION -DMPAS_NATIVE_TIMERS -DMPAS_GIT_VERSION=unknown -DMPAS_BUILD_TARGET= -DMPAS_SMIOL_SUPPORT -DHIDE_MPI -O2 -convert big_endian -FR -march=core-avx2 -mtune=core-avx2 -qopenmp -c ESMF_TimeMod.F90 -I/opt/cray/pe/netcdf/4.9.0.15/INTEL/2023.2/include -I/opt/cray/pe/parallel-netcdf/1.12.3.15/INTEL/2023.2/include -I/p/projetos/monan_atm/eduardo.eras/SandBox/scripts_CD-CT/sources/MONAN-Model_1.4.3-rc/src/external/SMIOL -I/opt/cray/pe/netcdf/4.9.0.15/INTEL/2023.2/include -I/opt/cray/pe/parallel-netcdf/1.12.3.15/INTEL/2023.2/include -I.
ifx: command line warning #10121: overriding '-march=core-avx2' with '-march=core-avx2'
rm -f ESMF_AlarmMod.o ESMF_AlarmMod.mod
ftn -D_MPI -DUNDERSCORE -DCORE_INIT_ATMOSPHERE -DMPAS_NAMELIST_SUFFIX=init_atmosphere -DMPAS_EXE_NAME=init_atmosphere_model -DMPAS_OPENMP -DSINGLE_PRECISION -DMPAS_NATIVE_TIMERS -DMPAS_GIT_VERSION=unknown -DMPAS_BUILD_TARGET= -DMPAS_SMIOL_SUPPORT -DHIDE_MPI -O2 -convert big_endian -FR -march=core-avx2 -mtune=core-avx2 -qopenmp -c ESMF_AlarmMod.F90 -I/opt/cray/pe/netcdf/4.9.0.15/INTEL/2023.2/include -I/opt/cray/pe/parallel-netcdf/1.12.3.15/INTEL/2023.2/include -I/p/projetos/monan_atm/eduardo.eras/SandBox/scripts_CD-CT/sources/MONAN-Model_1.4.3-rc/src/external/SMIOL -I/opt/cray/pe/netcdf/4.9.0.15/INTEL/2023.2/include -I/opt/cray/pe/parallel-netcdf/1.12.3.15/INTEL/2023.2/include -I.
ifx: command line warning #10121: overriding '-march=core-avx2' with '-march=core-avx2'
ESMF_AlarmMod.F90(906): warning #6843: A dummy argument with an explicit INTENT(OUT) declaration is not given an explicit value.   [ID]
                            Enabled, ID, rc)
-------------------------------------^
ESMF_AlarmMod.F90(905): warning #6843: A dummy argument with an explicit INTENT(OUT) declaration is not given an explicit value.   [RINGING]
                            PrevRingTime, StopTime, Ringing, &
----------------------------------------------------^
ESMF_AlarmMod.F90(906): warning #6843: A dummy argument with an explicit INTENT(OUT) declaration is not given an explicit value.   [ENABLED]
                            Enabled, ID, rc)
----------------------------^
rm -f ESMF_ClockMod.o ESMF_ClockMod.mod
ftn -D_MPI -DUNDERSCORE -DCORE_INIT_ATMOSPHERE -DMPAS_NAMELIST_SUFFIX=init_atmosphere -DMPAS_EXE_NAME=init_atmosphere_model -DMPAS_OPENMP -DSINGLE_PRECISION -DMPAS_NATIVE_TIMERS -DMPAS_GIT_VERSION=unknown -DMPAS_BUILD_TARGET= -DMPAS_SMIOL_SUPPORT -DHIDE_MPI -O2 -convert big_endian -FR -march=core-avx2 -mtune=core-avx2 -qopenmp -c ESMF_ClockMod.F90 -I/opt/cray/pe/netcdf/4.9.0.15/INTEL/2023.2/include -I/opt/cray/pe/parallel-netcdf/1.12.3.15/INTEL/2023.2/include -I/p/projetos/monan_atm/eduardo.eras/SandBox/scripts_CD-CT/sources/MONAN-Model_1.4.3-rc/src/external/SMIOL -I/opt/cray/pe/netcdf/4.9.0.15/INTEL/2023.2/include -I/opt/cray/pe/parallel-netcdf/1.12.3.15/INTEL/2023.2/include -I.
ifx: command line warning #10121: overriding '-march=core-avx2' with '-march=core-avx2'
ESMF_ClockMod.F90(1119): warning #6843: A dummy argument with an explicit INTENT(OUT) declaration is not given an explicit value.   [ADVANCECOUNT]
                            RefTime, CurrTime, PrevTime, AdvanceCount, &
---------------------------------------------------------^
rm -f ESMF_AlarmClockMod.o ESMF_AlarmClockMod.mod
ftn -D_MPI -DUNDERSCORE -DCORE_INIT_ATMOSPHERE -DMPAS_NAMELIST_SUFFIX=init_atmosphere -DMPAS_EXE_NAME=init_atmosphere_model -DMPAS_OPENMP -DSINGLE_PRECISION -DMPAS_NATIVE_TIMERS -DMPAS_GIT_VERSION=unknown -DMPAS_BUILD_TARGET= -DMPAS_SMIOL_SUPPORT -DHIDE_MPI -O2 -convert big_endian -FR -march=core-avx2 -mtune=core-avx2 -qopenmp -c ESMF_AlarmClockMod.F90 -I/opt/cray/pe/netcdf/4.9.0.15/INTEL/2023.2/include -I/opt/cray/pe/parallel-netcdf/1.12.3.15/INTEL/2023.2/include -I/p/projetos/monan_atm/eduardo.eras/SandBox/scripts_CD-CT/sources/MONAN-Model_1.4.3-rc/src/external/SMIOL -I/opt/cray/pe/netcdf/4.9.0.15/INTEL/2023.2/include -I/opt/cray/pe/parallel-netcdf/1.12.3.15/INTEL/2023.2/include -I.
ifx: command line warning #10121: overriding '-march=core-avx2' with '-march=core-avx2'
rm -f ESMF.o ESMF.mod
ftn -D_MPI -DUNDERSCORE -DCORE_INIT_ATMOSPHERE -DMPAS_NAMELIST_SUFFIX=init_atmosphere -DMPAS_EXE_NAME=init_atmosphere_model -DMPAS_OPENMP -DSINGLE_PRECISION -DMPAS_NATIVE_TIMERS -DMPAS_GIT_VERSION=unknown -DMPAS_BUILD_TARGET= -DMPAS_SMIOL_SUPPORT -DHIDE_MPI -O2 -convert big_endian -FR -march=core-avx2 -mtune=core-avx2 -qopenmp -c ESMF.F90 -I/opt/cray/pe/netcdf/4.9.0.15/INTEL/2023.2/include -I/opt/cray/pe/parallel-netcdf/1.12.3.15/INTEL/2023.2/include -I/p/projetos/monan_atm/eduardo.eras/SandBox/scripts_CD-CT/sources/MONAN-Model_1.4.3-rc/src/external/SMIOL -I/opt/cray/pe/netcdf/4.9.0.15/INTEL/2023.2/include -I/opt/cray/pe/parallel-netcdf/1.12.3.15/INTEL/2023.2/include -I.
ifx: command line warning #10121: overriding '-march=core-avx2' with '-march=core-avx2'
ar -ru libesmf_time.a *.o
ar: creating libesmf_time.a
make[4]: Leaving directory '/p/projetos/monan_atm/eduardo.eras/SandBox/scripts_CD-CT/sources/MONAN-Model_1.4.3-rc/src/external/esmf_time_f90'
ar -cr libsmiolf.a smiolf.o
make[4]: Leaving directory '/p/projetos/monan_atm/eduardo.eras/SandBox/scripts_CD-CT/sources/MONAN-Model_1.4.3-rc/src/external/SMIOL'
make[3]: Leaving directory '/p/projetos/monan_atm/eduardo.eras/SandBox/scripts_CD-CT/sources/MONAN-Model_1.4.3-rc/src/external'
( cd framework; make CPPFLAGS="-D_MPI -DUNDERSCORE -DCORE_INIT_ATMOSPHERE -DMPAS_NAMELIST_SUFFIX=init_atmosphere -DMPAS_EXE_NAME=init_atmosphere_model -DMPAS_OPENMP -DSINGLE_PRECISION -DMPAS_NATIVE_TIMERS -DMPAS_GIT_VERSION=unknown -DMPAS_BUILD_TARGET= -DMPAS_SMIOL_SUPPORT" CPPINCLUDES="-I/opt/cray/pe/netcdf/4.9.0.15/INTEL/2023.2/include -I/opt/cray/pe/parallel-netcdf/1.12.3.15/INTEL/2023.2/include" all ) 
(cd tools; make CPPFLAGS="-D_MPI -DUNDERSCORE -DCORE_INIT_ATMOSPHERE -DMPAS_NAMELIST_SUFFIX=init_atmosphere -DMPAS_EXE_NAME=init_atmosphere_model -DMPAS_OPENMP -DSINGLE_PRECISION -DMPAS_NATIVE_TIMERS -DMPAS_GIT_VERSION=unknown -DMPAS_BUILD_TARGET= -DMPAS_SMIOL_SUPPORT" CC="cc" CFLAGS="-O2 -std=gnu90 -qopenmp -DSINGLE_PRECISION")
make[3]: Entering directory '/p/projetos/monan_atm/eduardo.eras/SandBox/scripts_CD-CT/sources/MONAN-Model_1.4.3-rc/src/framework'
make[3]: Entering directory '/p/projetos/monan_atm/eduardo.eras/SandBox/scripts_CD-CT/sources/MONAN-Model_1.4.3-rc/src/tools'
( make build_registry CPPFLAGS="-D_MPI -DUNDERSCORE -DCORE_INIT_ATMOSPHERE -DMPAS_NAMELIST_SUFFIX=init_atmosphere -DMPAS_EXE_NAME=init_atmosphere_model -DMPAS_OPENMP -DSINGLE_PRECISION -DMPAS_NATIVE_TIMERS -DMPAS_GIT_VERSION=unknown -DMPAS_BUILD_TARGET= -DMPAS_SMIOL_SUPPORT" CC="cc" CFLAGS="-O2 -std=gnu90 -qopenmp -DSINGLE_PRECISION" )
make[4]: Entering directory '/p/projetos/monan_atm/eduardo.eras/SandBox/scripts_CD-CT/sources/MONAN-Model_1.4.3-rc/src/tools'
*** Building MPAS tools from source ***
(cd registry; make CPPFLAGS="-D_MPI -DUNDERSCORE -DCORE_INIT_ATMOSPHERE -DMPAS_NAMELIST_SUFFIX=init_atmosphere -DMPAS_EXE_NAME=init_atmosphere_model -DMPAS_OPENMP -DSINGLE_PRECISION -DMPAS_NATIVE_TIMERS -DMPAS_GIT_VERSION=unknown -DMPAS_BUILD_TARGET= -DMPAS_SMIOL_SUPPORT" CC="cc" CFLAGS="-O2 -std=gnu90 -qopenmp -DSINGLE_PRECISION")
rm -f mpas_kind_types.o mpas_kind_types.mod
make[5]: Entering directory '/p/projetos/monan_atm/eduardo.eras/SandBox/scripts_CD-CT/sources/MONAN-Model_1.4.3-rc/src/tools/registry'
(cd ../../external/ezxml; make CFLAGS="-O2 -std=gnu90 -qopenmp -DSINGLE_PRECISION " OBJFILE="ezxml_tools.o")
ftn -D_MPI -DUNDERSCORE -DCORE_INIT_ATMOSPHERE -DMPAS_NAMELIST_SUFFIX=init_atmosphere -DMPAS_EXE_NAME=init_atmosphere_model -DMPAS_OPENMP -DSINGLE_PRECISION -DMPAS_NATIVE_TIMERS -DMPAS_GIT_VERSION=unknown -DMPAS_BUILD_TARGET= -DMPAS_SMIOL_SUPPORT -O2 -convert big_endian -FR -march=core-avx2 -mtune=core-avx2 -qopenmp -c mpas_kind_types.F -I/opt/cray/pe/netcdf/4.9.0.15/INTEL/2023.2/include -I/opt/cray/pe/parallel-netcdf/1.12.3.15/INTEL/2023.2/include -I/p/projetos/monan_atm/eduardo.eras/SandBox/scripts_CD-CT/sources/MONAN-Model_1.4.3-rc/src/external/SMIOL -I/opt/cray/pe/netcdf/4.9.0.15/INTEL/2023.2/include -I/opt/cray/pe/parallel-netcdf/1.12.3.15/INTEL/2023.2/include -I../external/esmf_time_f90
rm -f mpas_c_interfacing.o mpas_c_interfacing.mod
make[6]: Entering directory '/p/projetos/monan_atm/eduardo.eras/SandBox/scripts_CD-CT/sources/MONAN-Model_1.4.3-rc/src/external/ezxml'
cc -O2 -std=gnu90 -qopenmp -DSINGLE_PRECISION  -D_MPI -DUNDERSCORE -DCORE_INIT_ATMOSPHERE -DMPAS_NAMELIST_SUFFIX=init_atmosphere -DMPAS_EXE_NAME=init_atmosphere_model -DMPAS_OPENMP -DSINGLE_PRECISION -DMPAS_NATIVE_TIMERS -DMPAS_GIT_VERSION=unknown -DMPAS_BUILD_TARGET= -DMPAS_SMIOL_SUPPORT -c ezxml.c -o ezxml_tools.o
rm -f mpas_string_utils.o mpas_string_utils.mod
ftn -D_MPI -DUNDERSCORE -DCORE_INIT_ATMOSPHERE -DMPAS_NAMELIST_SUFFIX=init_atmosphere -DMPAS_EXE_NAME=init_atmosphere_model -DMPAS_OPENMP -DSINGLE_PRECISION -DMPAS_NATIVE_TIMERS -DMPAS_GIT_VERSION=unknown -DMPAS_BUILD_TARGET= -DMPAS_SMIOL_SUPPORT -O2 -convert big_endian -FR -march=core-avx2 -mtune=core-avx2 -qopenmp -c mpas_c_interfacing.F -I/opt/cray/pe/netcdf/4.9.0.15/INTEL/2023.2/include -I/opt/cray/pe/parallel-netcdf/1.12.3.15/INTEL/2023.2/include -I/p/projetos/monan_atm/eduardo.eras/SandBox/scripts_CD-CT/sources/MONAN-Model_1.4.3-rc/src/external/SMIOL -I/opt/cray/pe/netcdf/4.9.0.15/INTEL/2023.2/include -I/opt/cray/pe/parallel-netcdf/1.12.3.15/INTEL/2023.2/include -I../external/esmf_time_f90
ftn -D_MPI -DUNDERSCORE -DCORE_INIT_ATMOSPHERE -DMPAS_NAMELIST_SUFFIX=init_atmosphere -DMPAS_EXE_NAME=init_atmosphere_model -DMPAS_OPENMP -DSINGLE_PRECISION -DMPAS_NATIVE_TIMERS -DMPAS_GIT_VERSION=unknown -DMPAS_BUILD_TARGET= -DMPAS_SMIOL_SUPPORT -O2 -convert big_endian -FR -march=core-avx2 -mtune=core-avx2 -qopenmp -c mpas_string_utils.F -I/opt/cray/pe/netcdf/4.9.0.15/INTEL/2023.2/include -I/opt/cray/pe/parallel-netcdf/1.12.3.15/INTEL/2023.2/include -I/p/projetos/monan_atm/eduardo.eras/SandBox/scripts_CD-CT/sources/MONAN-Model_1.4.3-rc/src/external/SMIOL -I/opt/cray/pe/netcdf/4.9.0.15/INTEL/2023.2/include -I/opt/cray/pe/parallel-netcdf/1.12.3.15/INTEL/2023.2/include -I../external/esmf_time_f90
cc -O2 -std=gnu90 -qopenmp -DSINGLE_PRECISION -D_MPI -DUNDERSCORE -DCORE_INIT_ATMOSPHERE -DMPAS_NAMELIST_SUFFIX=init_atmosphere -DMPAS_EXE_NAME=init_atmosphere_model -DMPAS_OPENMP -DSINGLE_PRECISION -DMPAS_NATIVE_TIMERS -DMPAS_GIT_VERSION=unknown -DMPAS_BUILD_TARGET= -DMPAS_SMIOL_SUPPORT -I/opt/cray/pe/netcdf/4.9.0.15/INTEL/2023.2/include -I/opt/cray/pe/parallel-netcdf/1.12.3.15/INTEL/2023.2/include -I../external/ezxml -c regex_matching.c
cc -O2 -std=gnu90 -qopenmp -DSINGLE_PRECISION -D_MPI -DUNDERSCORE -DCORE_INIT_ATMOSPHERE -DMPAS_NAMELIST_SUFFIX=init_atmosphere -DMPAS_EXE_NAME=init_atmosphere_model -DMPAS_OPENMP -DSINGLE_PRECISION -DMPAS_NATIVE_TIMERS -DMPAS_GIT_VERSION=unknown -DMPAS_BUILD_TARGET= -DMPAS_SMIOL_SUPPORT -I/opt/cray/pe/netcdf/4.9.0.15/INTEL/2023.2/include -I/opt/cray/pe/parallel-netcdf/1.12.3.15/INTEL/2023.2/include -I../external/ezxml -c random_id.c
cc -O2 -std=gnu90 -qopenmp -DSINGLE_PRECISION -D_MPI -DUNDERSCORE -DCORE_INIT_ATMOSPHERE -DMPAS_NAMELIST_SUFFIX=init_atmosphere -DMPAS_EXE_NAME=init_atmosphere_model -DMPAS_OPENMP -DSINGLE_PRECISION -DMPAS_NATIVE_TIMERS -DMPAS_GIT_VERSION=unknown -DMPAS_BUILD_TARGET= -DMPAS_SMIOL_SUPPORT -I/opt/cray/pe/netcdf/4.9.0.15/INTEL/2023.2/include -I/opt/cray/pe/parallel-netcdf/1.12.3.15/INTEL/2023.2/include -I../external/ezxml -c pool_hash.c
cc -O2 -std=gnu90 -qopenmp -DSINGLE_PRECISION -D_MPI -DUNDERSCORE -DCORE_INIT_ATMOSPHERE -DMPAS_NAMELIST_SUFFIX=init_atmosphere -DMPAS_EXE_NAME=init_atmosphere_model -DMPAS_OPENMP -DSINGLE_PRECISION -DMPAS_NATIVE_TIMERS -DMPAS_GIT_VERSION=unknown -DMPAS_BUILD_TARGET= -DMPAS_SMIOL_SUPPORT -I/opt/cray/pe/netcdf/4.9.0.15/INTEL/2023.2/include -I/opt/cray/pe/parallel-netcdf/1.12.3.15/INTEL/2023.2/include -I../external/ezxml -c xml_stream_parser.c
ifx: command line warning #10121: overriding '-march=core-avx2' with '-march=core-avx2'
ifx: command line warning #10121: overriding '-march=core-avx2' with '-march=core-avx2'
ifx: command line warning #10121: overriding '-march=core-avx2' with '-march=core-avx2'
cc -O2 -std=gnu90 -qopenmp -DSINGLE_PRECISION -D_MPI -DUNDERSCORE -DCORE_INIT_ATMOSPHERE -DMPAS_NAMELIST_SUFFIX=init_atmosphere -DMPAS_EXE_NAME=init_atmosphere_model -DMPAS_OPENMP -DSINGLE_PRECISION -DMPAS_NATIVE_TIMERS -DMPAS_GIT_VERSION=unknown -DMPAS_BUILD_TARGET= -DMPAS_SMIOL_SUPPORT -I/opt/cray/pe/netcdf/4.9.0.15/INTEL/2023.2/include -I/opt/cray/pe/parallel-netcdf/1.12.3.15/INTEL/2023.2/include -I../external/ezxml -c stream_inquiry.c
ezxml.c:371:26: warning: unsequenced modification and access to 's' [-Wunsequenced]
  371 |             while (*(n = ++s + strspn(s, EZXML_WS)) && *n != '>') {
      |                          ^            ~
rm -f mpas_constants.o mpas_constants.mod
ftn -D_MPI -DUNDERSCORE -DCORE_INIT_ATMOSPHERE -DMPAS_NAMELIST_SUFFIX=init_atmosphere -DMPAS_EXE_NAME=init_atmosphere_model -DMPAS_OPENMP -DSINGLE_PRECISION -DMPAS_NATIVE_TIMERS -DMPAS_GIT_VERSION=unknown -DMPAS_BUILD_TARGET= -DMPAS_SMIOL_SUPPORT -O2 -convert big_endian -FR -march=core-avx2 -mtune=core-avx2 -qopenmp -c mpas_constants.F -I/opt/cray/pe/netcdf/4.9.0.15/INTEL/2023.2/include -I/opt/cray/pe/parallel-netcdf/1.12.3.15/INTEL/2023.2/include -I/p/projetos/monan_atm/eduardo.eras/SandBox/scripts_CD-CT/sources/MONAN-Model_1.4.3-rc/src/external/SMIOL -I/opt/cray/pe/netcdf/4.9.0.15/INTEL/2023.2/include -I/opt/cray/pe/parallel-netcdf/1.12.3.15/INTEL/2023.2/include -I../external/esmf_time_f90
rm -f mpas_io_units.o mpas_io_units.mod
rm -f mpas_threading.o mpas_threading.mod
ftn -D_MPI -DUNDERSCORE -DCORE_INIT_ATMOSPHERE -DMPAS_NAMELIST_SUFFIX=init_atmosphere -DMPAS_EXE_NAME=init_atmosphere_model -DMPAS_OPENMP -DSINGLE_PRECISION -DMPAS_NATIVE_TIMERS -DMPAS_GIT_VERSION=unknown -DMPAS_BUILD_TARGET= -DMPAS_SMIOL_SUPPORT -O2 -convert big_endian -FR -march=core-avx2 -mtune=core-avx2 -qopenmp -c mpas_io_units.F -I/opt/cray/pe/netcdf/4.9.0.15/INTEL/2023.2/include -I/opt/cray/pe/parallel-netcdf/1.12.3.15/INTEL/2023.2/include -I/p/projetos/monan_atm/eduardo.eras/SandBox/scripts_CD-CT/sources/MONAN-Model_1.4.3-rc/src/external/SMIOL -I/opt/cray/pe/netcdf/4.9.0.15/INTEL/2023.2/include -I/opt/cray/pe/parallel-netcdf/1.12.3.15/INTEL/2023.2/include -I../external/esmf_time_f90
ftn -D_MPI -DUNDERSCORE -DCORE_INIT_ATMOSPHERE -DMPAS_NAMELIST_SUFFIX=init_atmosphere -DMPAS_EXE_NAME=init_atmosphere_model -DMPAS_OPENMP -DSINGLE_PRECISION -DMPAS_NATIVE_TIMERS -DMPAS_GIT_VERSION=unknown -DMPAS_BUILD_TARGET= -DMPAS_SMIOL_SUPPORT -O2 -convert big_endian -FR -march=core-avx2 -mtune=core-avx2 -qopenmp -c mpas_threading.F -I/opt/cray/pe/netcdf/4.9.0.15/INTEL/2023.2/include -I/opt/cray/pe/parallel-netcdf/1.12.3.15/INTEL/2023.2/include -I/p/projetos/monan_atm/eduardo.eras/SandBox/scripts_CD-CT/sources/MONAN-Model_1.4.3-rc/src/external/SMIOL -I/opt/cray/pe/netcdf/4.9.0.15/INTEL/2023.2/include -I/opt/cray/pe/parallel-netcdf/1.12.3.15/INTEL/2023.2/include -I../external/esmf_time_f90
ifx: command line warning #10121: overriding '-march=core-avx2' with '-march=core-avx2'
ifx: command line warning #10121: overriding '-march=core-avx2' with '-march=core-avx2'
ifx: command line warning #10121: overriding '-march=core-avx2' with '-march=core-avx2'
rm -f mpas_derived_types.o mpas_derived_types.mod
ftn -D_MPI -DUNDERSCORE -DCORE_INIT_ATMOSPHERE -DMPAS_NAMELIST_SUFFIX=init_atmosphere -DMPAS_EXE_NAME=init_atmosphere_model -DMPAS_OPENMP -DSINGLE_PRECISION -DMPAS_NATIVE_TIMERS -DMPAS_GIT_VERSION=unknown -DMPAS_BUILD_TARGET= -DMPAS_SMIOL_SUPPORT -O2 -convert big_endian -FR -march=core-avx2 -mtune=core-avx2 -qopenmp -c mpas_derived_types.F -I/opt/cray/pe/netcdf/4.9.0.15/INTEL/2023.2/include -I/opt/cray/pe/parallel-netcdf/1.12.3.15/INTEL/2023.2/include -I/p/projetos/monan_atm/eduardo.eras/SandBox/scripts_CD-CT/sources/MONAN-Model_1.4.3-rc/src/external/SMIOL -I/opt/cray/pe/netcdf/4.9.0.15/INTEL/2023.2/include -I/opt/cray/pe/parallel-netcdf/1.12.3.15/INTEL/2023.2/include -I../external/esmf_time_f90
ifx: command line warning #10121: overriding '-march=core-avx2' with '-march=core-avx2'
rm -f mpas_abort.o mpas_abort.mod
ftn -D_MPI -DUNDERSCORE -DCORE_INIT_ATMOSPHERE -DMPAS_NAMELIST_SUFFIX=init_atmosphere -DMPAS_EXE_NAME=init_atmosphere_model -DMPAS_OPENMP -DSINGLE_PRECISION -DMPAS_NATIVE_TIMERS -DMPAS_GIT_VERSION=unknown -DMPAS_BUILD_TARGET= -DMPAS_SMIOL_SUPPORT -O2 -convert big_endian -FR -march=core-avx2 -mtune=core-avx2 -qopenmp -c mpas_abort.F -I/opt/cray/pe/netcdf/4.9.0.15/INTEL/2023.2/include -I/opt/cray/pe/parallel-netcdf/1.12.3.15/INTEL/2023.2/include -I/p/projetos/monan_atm/eduardo.eras/SandBox/scripts_CD-CT/sources/MONAN-Model_1.4.3-rc/src/external/SMIOL -I/opt/cray/pe/netcdf/4.9.0.15/INTEL/2023.2/include -I/opt/cray/pe/parallel-netcdf/1.12.3.15/INTEL/2023.2/include -I../external/esmf_time_f90
ifx: command line warning #10121: overriding '-march=core-avx2' with '-march=core-avx2'
rm -f mpas_hash.o mpas_hash.mod
rm -f mpas_attlist.o mpas_attlist.mod
ftn -D_MPI -DUNDERSCORE -DCORE_INIT_ATMOSPHERE -DMPAS_NAMELIST_SUFFIX=init_atmosphere -DMPAS_EXE_NAME=init_atmosphere_model -DMPAS_OPENMP -DSINGLE_PRECISION -DMPAS_NATIVE_TIMERS -DMPAS_GIT_VERSION=unknown -DMPAS_BUILD_TARGET= -DMPAS_SMIOL_SUPPORT -O2 -convert big_endian -FR -march=core-avx2 -mtune=core-avx2 -qopenmp -c mpas_hash.F -I/opt/cray/pe/netcdf/4.9.0.15/INTEL/2023.2/include -I/opt/cray/pe/parallel-netcdf/1.12.3.15/INTEL/2023.2/include -I/p/projetos/monan_atm/eduardo.eras/SandBox/scripts_CD-CT/sources/MONAN-Model_1.4.3-rc/src/external/SMIOL -I/opt/cray/pe/netcdf/4.9.0.15/INTEL/2023.2/include -I/opt/cray/pe/parallel-netcdf/1.12.3.15/INTEL/2023.2/include -I../external/esmf_time_f90
ftn -D_MPI -DUNDERSCORE -DCORE_INIT_ATMOSPHERE -DMPAS_NAMELIST_SUFFIX=init_atmosphere -DMPAS_EXE_NAME=init_atmosphere_model -DMPAS_OPENMP -DSINGLE_PRECISION -DMPAS_NATIVE_TIMERS -DMPAS_GIT_VERSION=unknown -DMPAS_BUILD_TARGET= -DMPAS_SMIOL_SUPPORT -O2 -convert big_endian -FR -march=core-avx2 -mtune=core-avx2 -qopenmp -c mpas_attlist.F -I/opt/cray/pe/netcdf/4.9.0.15/INTEL/2023.2/include -I/opt/cray/pe/parallel-netcdf/1.12.3.15/INTEL/2023.2/include -I/p/projetos/monan_atm/eduardo.eras/SandBox/scripts_CD-CT/sources/MONAN-Model_1.4.3-rc/src/external/SMIOL -I/opt/cray/pe/netcdf/4.9.0.15/INTEL/2023.2/include -I/opt/cray/pe/parallel-netcdf/1.12.3.15/INTEL/2023.2/include -I../external/esmf_time_f90
rm -f mpas_log.o mpas_log.mod
ftn -D_MPI -DUNDERSCORE -DCORE_INIT_ATMOSPHERE -DMPAS_NAMELIST_SUFFIX=init_atmosphere -DMPAS_EXE_NAME=init_atmosphere_model -DMPAS_OPENMP -DSINGLE_PRECISION -DMPAS_NATIVE_TIMERS -DMPAS_GIT_VERSION=unknown -DMPAS_BUILD_TARGET= -DMPAS_SMIOL_SUPPORT -O2 -convert big_endian -FR -march=core-avx2 -mtune=core-avx2 -qopenmp -c mpas_log.F -I/opt/cray/pe/netcdf/4.9.0.15/INTEL/2023.2/include -I/opt/cray/pe/parallel-netcdf/1.12.3.15/INTEL/2023.2/include -I/p/projetos/monan_atm/eduardo.eras/SandBox/scripts_CD-CT/sources/MONAN-Model_1.4.3-rc/src/external/SMIOL -I/opt/cray/pe/netcdf/4.9.0.15/INTEL/2023.2/include -I/opt/cray/pe/parallel-netcdf/1.12.3.15/INTEL/2023.2/include -I../external/esmf_time_f90
ifx: command line warning #10121: overriding '-march=core-avx2' with '-march=core-avx2'
ifx: command line warning #10121: overriding '-march=core-avx2' with '-march=core-avx2'
ifx: command line warning #10121: overriding '-march=core-avx2' with '-march=core-avx2'
1 warning generated.
make[6]: Leaving directory '/p/projetos/monan_atm/eduardo.eras/SandBox/scripts_CD-CT/sources/MONAN-Model_1.4.3-rc/src/external/ezxml'
#(make ezxml CPPFLAGS="-D_MPI -DUNDERSCORE -DCORE_INIT_ATMOSPHERE -DMPAS_NAMELIST_SUFFIX=init_atmosphere -DMPAS_EXE_NAME=init_atmosphere_model -DMPAS_OPENMP -DSINGLE_PRECISION -DMPAS_NATIVE_TIMERS -DMPAS_GIT_VERSION=unknown -DMPAS_BUILD_TARGET= -DMPAS_SMIOL_SUPPORT" CPPINCLUDES="-I/opt/cray/pe/netcdf/4.9.0.15/INTEL/2023.2/include -I/opt/cray/pe/parallel-netcdf/1.12.3.15/INTEL/2023.2/include")
(make parse CPPFLAGS="-D_MPI -DUNDERSCORE -DCORE_INIT_ATMOSPHERE -DMPAS_NAMELIST_SUFFIX=init_atmosphere -DMPAS_EXE_NAME=init_atmosphere_model -DMPAS_OPENMP -DSINGLE_PRECISION -DMPAS_NATIVE_TIMERS -DMPAS_GIT_VERSION=unknown -DMPAS_BUILD_TARGET= -DMPAS_SMIOL_SUPPORT" CPPINCLUDES="-I/opt/cray/pe/netcdf/4.9.0.15/INTEL/2023.2/include -I/opt/cray/pe/parallel-netcdf/1.12.3.15/INTEL/2023.2/include")
make[6]: Entering directory '/p/projetos/monan_atm/eduardo.eras/SandBox/scripts_CD-CT/sources/MONAN-Model_1.4.3-rc/src/tools/registry'
cc  -O2 -std=gnu90 -qopenmp -DSINGLE_PRECISION -D_MPI -DUNDERSCORE -DCORE_INIT_ATMOSPHERE -DMPAS_NAMELIST_SUFFIX=init_atmosphere -DMPAS_EXE_NAME=init_atmosphere_model -DMPAS_OPENMP -DSINGLE_PRECISION -DMPAS_NATIVE_TIMERS -DMPAS_GIT_VERSION=unknown -DMPAS_BUILD_TARGET= -DMPAS_SMIOL_SUPPORT -I../../external/ezxml -c parse.c
cc  -O2 -std=gnu90 -qopenmp -DSINGLE_PRECISION -D_MPI -DUNDERSCORE -DCORE_INIT_ATMOSPHERE -DMPAS_NAMELIST_SUFFIX=init_atmosphere -DMPAS_EXE_NAME=init_atmosphere_model -DMPAS_OPENMP -DSINGLE_PRECISION -DMPAS_NATIVE_TIMERS -DMPAS_GIT_VERSION=unknown -DMPAS_BUILD_TARGET= -DMPAS_SMIOL_SUPPORT -I../../external/ezxml -c dictionary.c
cc  -O2 -std=gnu90 -qopenmp -DSINGLE_PRECISION -D_MPI -DUNDERSCORE -DCORE_INIT_ATMOSPHERE -DMPAS_NAMELIST_SUFFIX=init_atmosphere -DMPAS_EXE_NAME=init_atmosphere_model -DMPAS_OPENMP -DSINGLE_PRECISION -DMPAS_NATIVE_TIMERS -DMPAS_GIT_VERSION=unknown -DMPAS_BUILD_TARGET= -DMPAS_SMIOL_SUPPORT -I../../external/ezxml -c gen_inc.c
cc  -O2 -std=gnu90 -qopenmp -DSINGLE_PRECISION -D_MPI -DUNDERSCORE -DCORE_INIT_ATMOSPHERE -DMPAS_NAMELIST_SUFFIX=init_atmosphere -DMPAS_EXE_NAME=init_atmosphere_model -DMPAS_OPENMP -DSINGLE_PRECISION -DMPAS_NATIVE_TIMERS -DMPAS_GIT_VERSION=unknown -DMPAS_BUILD_TARGET= -DMPAS_SMIOL_SUPPORT -I../../external/ezxml -c fortprintf.c
cc  -O2 -std=gnu90 -qopenmp -DSINGLE_PRECISION -D_MPI -DUNDERSCORE -DCORE_INIT_ATMOSPHERE -DMPAS_NAMELIST_SUFFIX=init_atmosphere -DMPAS_EXE_NAME=init_atmosphere_model -DMPAS_OPENMP -DSINGLE_PRECISION -DMPAS_NATIVE_TIMERS -DMPAS_GIT_VERSION=unknown -DMPAS_BUILD_TARGET= -DMPAS_SMIOL_SUPPORT -I../../external/ezxml -c utility.c
gen_inc.c:2362:79: warning: expression result unused [-Wunused-value]
 2362 |                 for(childStream1 = ezxml_child(streamsBlock->next, "stream"); childStream1; childStream1){
      |                                                                                             ^~~~~~~~~~~~
gen_inc.c:2403:67: warning: expression result unused [-Wunused-value]
 2403 |                                         for(old_child = ezxml_child(childStream2, "var"); old_child; old_child){
      |                                                                                                      ^~~~~~~~~
gen_inc.c:2414:73: warning: expression result unused [-Wunused-value]
 2414 |                                         for(old_child = ezxml_child(childStream2, "var_array"); old_child; old_child){
      |                                                                                                            ^~~~~~~~~
gen_inc.c:2425:74: warning: expression result unused [-Wunused-value]
 2425 |                                         for(old_child = ezxml_child(childStream2, "var_struct"); old_child; old_child){
      |                                                                                                             ^~~~~~~~~
gen_inc.c:2436:70: warning: expression result unused [-Wunused-value]
 2436 |                                         for(old_child = ezxml_child(childStream2, "stream"); old_child; old_child){
      |                                                                                                         ^~~~~~~~~
rm -f mpas_field_routines.o mpas_field_routines.mod
ftn -D_MPI -DUNDERSCORE -DCORE_INIT_ATMOSPHERE -DMPAS_NAMELIST_SUFFIX=init_atmosphere -DMPAS_EXE_NAME=init_atmosphere_model -DMPAS_OPENMP -DSINGLE_PRECISION -DMPAS_NATIVE_TIMERS -DMPAS_GIT_VERSION=unknown -DMPAS_BUILD_TARGET= -DMPAS_SMIOL_SUPPORT -O2 -convert big_endian -FR -march=core-avx2 -mtune=core-avx2 -qopenmp -c mpas_field_routines.F -I/opt/cray/pe/netcdf/4.9.0.15/INTEL/2023.2/include -I/opt/cray/pe/parallel-netcdf/1.12.3.15/INTEL/2023.2/include -I/p/projetos/monan_atm/eduardo.eras/SandBox/scripts_CD-CT/sources/MONAN-Model_1.4.3-rc/src/external/SMIOL -I/opt/cray/pe/netcdf/4.9.0.15/INTEL/2023.2/include -I/opt/cray/pe/parallel-netcdf/1.12.3.15/INTEL/2023.2/include -I../external/esmf_time_f90
rm -f mpas_sort.o mpas_sort.mod
ifx: command line warning #10121: overriding '-march=core-avx2' with '-march=core-avx2'
rm -f mpas_stream_inquiry.o mpas_stream_inquiry.mod
ftn -D_MPI -DUNDERSCORE -DCORE_INIT_ATMOSPHERE -DMPAS_NAMELIST_SUFFIX=init_atmosphere -DMPAS_EXE_NAME=init_atmosphere_model -DMPAS_OPENMP -DSINGLE_PRECISION -DMPAS_NATIVE_TIMERS -DMPAS_GIT_VERSION=unknown -DMPAS_BUILD_TARGET= -DMPAS_SMIOL_SUPPORT -O2 -convert big_endian -FR -march=core-avx2 -mtune=core-avx2 -qopenmp -c mpas_sort.F -I/opt/cray/pe/netcdf/4.9.0.15/INTEL/2023.2/include -I/opt/cray/pe/parallel-netcdf/1.12.3.15/INTEL/2023.2/include -I/p/projetos/monan_atm/eduardo.eras/SandBox/scripts_CD-CT/sources/MONAN-Model_1.4.3-rc/src/external/SMIOL -I/opt/cray/pe/netcdf/4.9.0.15/INTEL/2023.2/include -I/opt/cray/pe/parallel-netcdf/1.12.3.15/INTEL/2023.2/include -I../external/esmf_time_f90
ftn -D_MPI -DUNDERSCORE -DCORE_INIT_ATMOSPHERE -DMPAS_NAMELIST_SUFFIX=init_atmosphere -DMPAS_EXE_NAME=init_atmosphere_model -DMPAS_OPENMP -DSINGLE_PRECISION -DMPAS_NATIVE_TIMERS -DMPAS_GIT_VERSION=unknown -DMPAS_BUILD_TARGET= -DMPAS_SMIOL_SUPPORT -O2 -convert big_endian -FR -march=core-avx2 -mtune=core-avx2 -qopenmp -c mpas_stream_inquiry.F -I/opt/cray/pe/netcdf/4.9.0.15/INTEL/2023.2/include -I/opt/cray/pe/parallel-netcdf/1.12.3.15/INTEL/2023.2/include -I/p/projetos/monan_atm/eduardo.eras/SandBox/scripts_CD-CT/sources/MONAN-Model_1.4.3-rc/src/external/SMIOL -I/opt/cray/pe/netcdf/4.9.0.15/INTEL/2023.2/include -I/opt/cray/pe/parallel-netcdf/1.12.3.15/INTEL/2023.2/include -I../external/esmf_time_f90
ifx: command line warning #10121: overriding '-march=core-avx2' with '-march=core-avx2'
ifx: command line warning #10121: overriding '-march=core-avx2' with '-march=core-avx2'
5 warnings generated.
cc -D_MPI -DUNDERSCORE -DCORE_INIT_ATMOSPHERE -DMPAS_NAMELIST_SUFFIX=init_atmosphere -DMPAS_EXE_NAME=init_atmosphere_model -DMPAS_OPENMP -DSINGLE_PRECISION -DMPAS_NATIVE_TIMERS -DMPAS_GIT_VERSION=unknown -DMPAS_BUILD_TARGET= -DMPAS_SMIOL_SUPPORT -O2 -std=gnu90 -qopenmp -DSINGLE_PRECISION ../../external/ezxml/ezxml_tools.o -I../../external/ezxml -o parse parse.o dictionary.o gen_inc.o fortprintf.o utility.o
make[6]: Leaving directory '/p/projetos/monan_atm/eduardo.eras/SandBox/scripts_CD-CT/sources/MONAN-Model_1.4.3-rc/src/tools/registry'
make[5]: Leaving directory '/p/projetos/monan_atm/eduardo.eras/SandBox/scripts_CD-CT/sources/MONAN-Model_1.4.3-rc/src/tools/registry'
make[4]: Leaving directory '/p/projetos/monan_atm/eduardo.eras/SandBox/scripts_CD-CT/sources/MONAN-Model_1.4.3-rc/src/tools'
( make build_input_gen CPPFLAGS="-D_MPI -DUNDERSCORE -DCORE_INIT_ATMOSPHERE -DMPAS_NAMELIST_SUFFIX=init_atmosphere -DMPAS_EXE_NAME=init_atmosphere_model -DMPAS_OPENMP -DSINGLE_PRECISION -DMPAS_NATIVE_TIMERS -DMPAS_GIT_VERSION=unknown -DMPAS_BUILD_TARGET= -DMPAS_SMIOL_SUPPORT" CC="cc" CFLAGS="-O2 -std=gnu90 -qopenmp -DSINGLE_PRECISION" )
make[4]: Entering directory '/p/projetos/monan_atm/eduardo.eras/SandBox/scripts_CD-CT/sources/MONAN-Model_1.4.3-rc/src/tools'
*** Building MPAS tools from source ***
(cd input_gen; make CPPFLAGS="-D_MPI -DUNDERSCORE -DCORE_INIT_ATMOSPHERE -DMPAS_NAMELIST_SUFFIX=init_atmosphere -DMPAS_EXE_NAME=init_atmosphere_model -DMPAS_OPENMP -DSINGLE_PRECISION -DMPAS_NATIVE_TIMERS -DMPAS_GIT_VERSION=unknown -DMPAS_BUILD_TARGET= -DMPAS_SMIOL_SUPPORT" CC="cc" CFLAGS="-O2 -std=gnu90 -qopenmp -DSINGLE_PRECISION")
make[5]: Entering directory '/p/projetos/monan_atm/eduardo.eras/SandBox/scripts_CD-CT/sources/MONAN-Model_1.4.3-rc/src/tools/input_gen'
(cd ../../external/ezxml; make CFLAGS="-O2 -std=gnu90 -qopenmp -DSINGLE_PRECISION " OBJFILE="ezxml_tools.o")
make[6]: Entering directory '/p/projetos/monan_atm/eduardo.eras/SandBox/scripts_CD-CT/sources/MONAN-Model_1.4.3-rc/src/external/ezxml'
make[6]: 'ezxml_tools.o' is up to date.
make[6]: Leaving directory '/p/projetos/monan_atm/eduardo.eras/SandBox/scripts_CD-CT/sources/MONAN-Model_1.4.3-rc/src/external/ezxml'
(make -j 1 namelist_gen CPPFLAGS="-D_MPI -DUNDERSCORE -DCORE_INIT_ATMOSPHERE -DMPAS_NAMELIST_SUFFIX=init_atmosphere -DMPAS_EXE_NAME=init_atmosphere_model -DMPAS_OPENMP -DSINGLE_PRECISION -DMPAS_NATIVE_TIMERS -DMPAS_GIT_VERSION=unknown -DMPAS_BUILD_TARGET= -DMPAS_SMIOL_SUPPORT" CPPINCLUDES="-I/opt/cray/pe/netcdf/4.9.0.15/INTEL/2023.2/include -I/opt/cray/pe/parallel-netcdf/1.12.3.15/INTEL/2023.2/include")
make[6]: Entering directory '/p/projetos/monan_atm/eduardo.eras/SandBox/scripts_CD-CT/sources/MONAN-Model_1.4.3-rc/src/tools/input_gen'
make[6]: warning: -jN forced in submake: disabling jobserver mode.
(cd ../../external/ezxml; make CFLAGS="-O2 -std=gnu90 -qopenmp -DSINGLE_PRECISION " OBJFILE="ezxml_tools.o")
make[7]: Entering directory '/p/projetos/monan_atm/eduardo.eras/SandBox/scripts_CD-CT/sources/MONAN-Model_1.4.3-rc/src/external/ezxml'
make[7]: 'ezxml_tools.o' is up to date.
make[7]: Leaving directory '/p/projetos/monan_atm/eduardo.eras/SandBox/scripts_CD-CT/sources/MONAN-Model_1.4.3-rc/src/external/ezxml'
cc  -O2 -std=gnu90 -qopenmp -DSINGLE_PRECISION -D_MPI -DUNDERSCORE -DCORE_INIT_ATMOSPHERE -DMPAS_NAMELIST_SUFFIX=init_atmosphere -DMPAS_EXE_NAME=init_atmosphere_model -DMPAS_OPENMP -DSINGLE_PRECISION -DMPAS_NATIVE_TIMERS -DMPAS_GIT_VERSION=unknown -DMPAS_BUILD_TARGET= -DMPAS_SMIOL_SUPPORT -I../../external/ezxml -c namelist_gen.c
cc  -O2 -std=gnu90 -qopenmp -DSINGLE_PRECISION -D_MPI -DUNDERSCORE -DCORE_INIT_ATMOSPHERE -DMPAS_NAMELIST_SUFFIX=init_atmosphere -DMPAS_EXE_NAME=init_atmosphere_model -DMPAS_OPENMP -DSINGLE_PRECISION -DMPAS_NATIVE_TIMERS -DMPAS_GIT_VERSION=unknown -DMPAS_BUILD_TARGET= -DMPAS_SMIOL_SUPPORT -I../../external/ezxml -c test_functions.c
cc -D_MPI -DUNDERSCORE -DCORE_INIT_ATMOSPHERE -DMPAS_NAMELIST_SUFFIX=init_atmosphere -DMPAS_EXE_NAME=init_atmosphere_model -DMPAS_OPENMP -DSINGLE_PRECISION -DMPAS_NATIVE_TIMERS -DMPAS_GIT_VERSION=unknown -DMPAS_BUILD_TARGET= -DMPAS_SMIOL_SUPPORT -O2 -std=gnu90 -qopenmp -DSINGLE_PRECISION -I../../external/ezxml -o namelist_gen namelist_gen.o test_functions.o ../../external/ezxml/ezxml_tools.o
make[6]: Leaving directory '/p/projetos/monan_atm/eduardo.eras/SandBox/scripts_CD-CT/sources/MONAN-Model_1.4.3-rc/src/tools/input_gen'
(make -j 1 streams_gen CPPFLAGS="-D_MPI -DUNDERSCORE -DCORE_INIT_ATMOSPHERE -DMPAS_NAMELIST_SUFFIX=init_atmosphere -DMPAS_EXE_NAME=init_atmosphere_model -DMPAS_OPENMP -DSINGLE_PRECISION -DMPAS_NATIVE_TIMERS -DMPAS_GIT_VERSION=unknown -DMPAS_BUILD_TARGET= -DMPAS_SMIOL_SUPPORT" CPPINCLUDES="-I/opt/cray/pe/netcdf/4.9.0.15/INTEL/2023.2/include -I/opt/cray/pe/parallel-netcdf/1.12.3.15/INTEL/2023.2/include")
make[6]: Entering directory '/p/projetos/monan_atm/eduardo.eras/SandBox/scripts_CD-CT/sources/MONAN-Model_1.4.3-rc/src/tools/input_gen'
make[6]: warning: -jN forced in submake: disabling jobserver mode.
(cd ../../external/ezxml; make CFLAGS="-O2 -std=gnu90 -qopenmp -DSINGLE_PRECISION " OBJFILE="ezxml_tools.o")
make[7]: Entering directory '/p/projetos/monan_atm/eduardo.eras/SandBox/scripts_CD-CT/sources/MONAN-Model_1.4.3-rc/src/external/ezxml'
make[7]: 'ezxml_tools.o' is up to date.
make[7]: Leaving directory '/p/projetos/monan_atm/eduardo.eras/SandBox/scripts_CD-CT/sources/MONAN-Model_1.4.3-rc/src/external/ezxml'
cc  -O2 -std=gnu90 -qopenmp -DSINGLE_PRECISION -D_MPI -DUNDERSCORE -DCORE_INIT_ATMOSPHERE -DMPAS_NAMELIST_SUFFIX=init_atmosphere -DMPAS_EXE_NAME=init_atmosphere_model -DMPAS_OPENMP -DSINGLE_PRECISION -DMPAS_NATIVE_TIMERS -DMPAS_GIT_VERSION=unknown -DMPAS_BUILD_TARGET= -DMPAS_SMIOL_SUPPORT -I../../external/ezxml -c streams_gen.c
cc -D_MPI -DUNDERSCORE -DCORE_INIT_ATMOSPHERE -DMPAS_NAMELIST_SUFFIX=init_atmosphere -DMPAS_EXE_NAME=init_atmosphere_model -DMPAS_OPENMP -DSINGLE_PRECISION -DMPAS_NATIVE_TIMERS -DMPAS_GIT_VERSION=unknown -DMPAS_BUILD_TARGET= -DMPAS_SMIOL_SUPPORT -O2 -std=gnu90 -qopenmp -DSINGLE_PRECISION -I../../external/ezxml -o streams_gen streams_gen.o test_functions.o ../../external/ezxml/ezxml_tools.o
make[6]: Leaving directory '/p/projetos/monan_atm/eduardo.eras/SandBox/scripts_CD-CT/sources/MONAN-Model_1.4.3-rc/src/tools/input_gen'
make[5]: Leaving directory '/p/projetos/monan_atm/eduardo.eras/SandBox/scripts_CD-CT/sources/MONAN-Model_1.4.3-rc/src/tools/input_gen'
make[4]: Leaving directory '/p/projetos/monan_atm/eduardo.eras/SandBox/scripts_CD-CT/sources/MONAN-Model_1.4.3-rc/src/tools'
make[3]: Leaving directory '/p/projetos/monan_atm/eduardo.eras/SandBox/scripts_CD-CT/sources/MONAN-Model_1.4.3-rc/src/tools'
rm -f mpas_pool_routines.o mpas_pool_routines.mod
ftn -D_MPI -DUNDERSCORE -DCORE_INIT_ATMOSPHERE -DMPAS_NAMELIST_SUFFIX=init_atmosphere -DMPAS_EXE_NAME=init_atmosphere_model -DMPAS_OPENMP -DSINGLE_PRECISION -DMPAS_NATIVE_TIMERS -DMPAS_GIT_VERSION=unknown -DMPAS_BUILD_TARGET= -DMPAS_SMIOL_SUPPORT -O2 -convert big_endian -FR -march=core-avx2 -mtune=core-avx2 -qopenmp -c mpas_pool_routines.F -I/opt/cray/pe/netcdf/4.9.0.15/INTEL/2023.2/include -I/opt/cray/pe/parallel-netcdf/1.12.3.15/INTEL/2023.2/include -I/p/projetos/monan_atm/eduardo.eras/SandBox/scripts_CD-CT/sources/MONAN-Model_1.4.3-rc/src/external/SMIOL -I/opt/cray/pe/netcdf/4.9.0.15/INTEL/2023.2/include -I/opt/cray/pe/parallel-netcdf/1.12.3.15/INTEL/2023.2/include -I../external/esmf_time_f90
ifx: command line warning #10121: overriding '-march=core-avx2' with '-march=core-avx2'
rm -f mpas_dmpar.o mpas_dmpar.mod
rm -f mpas_halo.o mpas_halo.mod
ftn -D_MPI -DUNDERSCORE -DCORE_INIT_ATMOSPHERE -DMPAS_NAMELIST_SUFFIX=init_atmosphere -DMPAS_EXE_NAME=init_atmosphere_model -DMPAS_OPENMP -DSINGLE_PRECISION -DMPAS_NATIVE_TIMERS -DMPAS_GIT_VERSION=unknown -DMPAS_BUILD_TARGET= -DMPAS_SMIOL_SUPPORT -O2 -convert big_endian -FR -march=core-avx2 -mtune=core-avx2 -qopenmp -c mpas_dmpar.F -I/opt/cray/pe/netcdf/4.9.0.15/INTEL/2023.2/include -I/opt/cray/pe/parallel-netcdf/1.12.3.15/INTEL/2023.2/include -I/p/projetos/monan_atm/eduardo.eras/SandBox/scripts_CD-CT/sources/MONAN-Model_1.4.3-rc/src/external/SMIOL -I/opt/cray/pe/netcdf/4.9.0.15/INTEL/2023.2/include -I/opt/cray/pe/parallel-netcdf/1.12.3.15/INTEL/2023.2/include -I../external/esmf_time_f90
ftn -D_MPI -DUNDERSCORE -DCORE_INIT_ATMOSPHERE -DMPAS_NAMELIST_SUFFIX=init_atmosphere -DMPAS_EXE_NAME=init_atmosphere_model -DMPAS_OPENMP -DSINGLE_PRECISION -DMPAS_NATIVE_TIMERS -DMPAS_GIT_VERSION=unknown -DMPAS_BUILD_TARGET= -DMPAS_SMIOL_SUPPORT -O2 -convert big_endian -FR -march=core-avx2 -mtune=core-avx2 -qopenmp -c mpas_halo.F -I/opt/cray/pe/netcdf/4.9.0.15/INTEL/2023.2/include -I/opt/cray/pe/parallel-netcdf/1.12.3.15/INTEL/2023.2/include -I/p/projetos/monan_atm/eduardo.eras/SandBox/scripts_CD-CT/sources/MONAN-Model_1.4.3-rc/src/external/SMIOL -I/opt/cray/pe/netcdf/4.9.0.15/INTEL/2023.2/include -I/opt/cray/pe/parallel-netcdf/1.12.3.15/INTEL/2023.2/include -I../external/esmf_time_f90
ifx: command line warning #10121: overriding '-march=core-avx2' with '-march=core-avx2'
ifx: command line warning #10121: overriding '-march=core-avx2' with '-march=core-avx2'
rm -f mpas_io.o mpas_io.mod
rm -f mpas_domain_routines.o mpas_domain_routines.mod
ftn -D_MPI -DUNDERSCORE -DCORE_INIT_ATMOSPHERE -DMPAS_NAMELIST_SUFFIX=init_atmosphere -DMPAS_EXE_NAME=init_atmosphere_model -DMPAS_OPENMP -DSINGLE_PRECISION -DMPAS_NATIVE_TIMERS -DMPAS_GIT_VERSION=unknown -DMPAS_BUILD_TARGET= -DMPAS_SMIOL_SUPPORT -O2 -convert big_endian -FR -march=core-avx2 -mtune=core-avx2 -qopenmp -c mpas_io.F -I/opt/cray/pe/netcdf/4.9.0.15/INTEL/2023.2/include -I/opt/cray/pe/parallel-netcdf/1.12.3.15/INTEL/2023.2/include -I/p/projetos/monan_atm/eduardo.eras/SandBox/scripts_CD-CT/sources/MONAN-Model_1.4.3-rc/src/external/SMIOL -I/opt/cray/pe/netcdf/4.9.0.15/INTEL/2023.2/include -I/opt/cray/pe/parallel-netcdf/1.12.3.15/INTEL/2023.2/include -I../external/esmf_time_f90
ftn -D_MPI -DUNDERSCORE -DCORE_INIT_ATMOSPHERE -DMPAS_NAMELIST_SUFFIX=init_atmosphere -DMPAS_EXE_NAME=init_atmosphere_model -DMPAS_OPENMP -DSINGLE_PRECISION -DMPAS_NATIVE_TIMERS -DMPAS_GIT_VERSION=unknown -DMPAS_BUILD_TARGET= -DMPAS_SMIOL_SUPPORT -O2 -convert big_endian -FR -march=core-avx2 -mtune=core-avx2 -qopenmp -c mpas_domain_routines.F -I/opt/cray/pe/netcdf/4.9.0.15/INTEL/2023.2/include -I/opt/cray/pe/parallel-netcdf/1.12.3.15/INTEL/2023.2/include -I/p/projetos/monan_atm/eduardo.eras/SandBox/scripts_CD-CT/sources/MONAN-Model_1.4.3-rc/src/external/SMIOL -I/opt/cray/pe/netcdf/4.9.0.15/INTEL/2023.2/include -I/opt/cray/pe/parallel-netcdf/1.12.3.15/INTEL/2023.2/include -I../external/esmf_time_f90
rm -f mpas_timer.o mpas_timer.mod
rm -f mpas_block_decomp.o mpas_block_decomp.mod
ftn -D_MPI -DUNDERSCORE -DCORE_INIT_ATMOSPHERE -DMPAS_NAMELIST_SUFFIX=init_atmosphere -DMPAS_EXE_NAME=init_atmosphere_model -DMPAS_OPENMP -DSINGLE_PRECISION -DMPAS_NATIVE_TIMERS -DMPAS_GIT_VERSION=unknown -DMPAS_BUILD_TARGET= -DMPAS_SMIOL_SUPPORT -O2 -convert big_endian -FR -march=core-avx2 -mtune=core-avx2 -qopenmp -c mpas_timer.F -I/opt/cray/pe/netcdf/4.9.0.15/INTEL/2023.2/include -I/opt/cray/pe/parallel-netcdf/1.12.3.15/INTEL/2023.2/include -I/p/projetos/monan_atm/eduardo.eras/SandBox/scripts_CD-CT/sources/MONAN-Model_1.4.3-rc/src/external/SMIOL -I/opt/cray/pe/netcdf/4.9.0.15/INTEL/2023.2/include -I/opt/cray/pe/parallel-netcdf/1.12.3.15/INTEL/2023.2/include -I../external/esmf_time_f90
ftn -D_MPI -DUNDERSCORE -DCORE_INIT_ATMOSPHERE -DMPAS_NAMELIST_SUFFIX=init_atmosphere -DMPAS_EXE_NAME=init_atmosphere_model -DMPAS_OPENMP -DSINGLE_PRECISION -DMPAS_NATIVE_TIMERS -DMPAS_GIT_VERSION=unknown -DMPAS_BUILD_TARGET= -DMPAS_SMIOL_SUPPORT -O2 -convert big_endian -FR -march=core-avx2 -mtune=core-avx2 -qopenmp -c mpas_block_decomp.F -I/opt/cray/pe/netcdf/4.9.0.15/INTEL/2023.2/include -I/opt/cray/pe/parallel-netcdf/1.12.3.15/INTEL/2023.2/include -I/p/projetos/monan_atm/eduardo.eras/SandBox/scripts_CD-CT/sources/MONAN-Model_1.4.3-rc/src/external/SMIOL -I/opt/cray/pe/netcdf/4.9.0.15/INTEL/2023.2/include -I/opt/cray/pe/parallel-netcdf/1.12.3.15/INTEL/2023.2/include -I../external/esmf_time_f90
rm -f mpas_timekeeping.o mpas_timekeeping.mod
ftn -D_MPI -DUNDERSCORE -DCORE_INIT_ATMOSPHERE -DMPAS_NAMELIST_SUFFIX=init_atmosphere -DMPAS_EXE_NAME=init_atmosphere_model -DMPAS_OPENMP -DSINGLE_PRECISION -DMPAS_NATIVE_TIMERS -DMPAS_GIT_VERSION=unknown -DMPAS_BUILD_TARGET= -DMPAS_SMIOL_SUPPORT -O2 -convert big_endian -FR -march=core-avx2 -mtune=core-avx2 -qopenmp -c mpas_timekeeping.F -I/opt/cray/pe/netcdf/4.9.0.15/INTEL/2023.2/include -I/opt/cray/pe/parallel-netcdf/1.12.3.15/INTEL/2023.2/include -I/p/projetos/monan_atm/eduardo.eras/SandBox/scripts_CD-CT/sources/MONAN-Model_1.4.3-rc/src/external/SMIOL -I/opt/cray/pe/netcdf/4.9.0.15/INTEL/2023.2/include -I/opt/cray/pe/parallel-netcdf/1.12.3.15/INTEL/2023.2/include -I../external/esmf_time_f90
ifx: command line warning #10121: overriding '-march=core-avx2' with '-march=core-avx2'
ifx: command line warning #10121: overriding '-march=core-avx2' with '-march=core-avx2'
ifx: command line warning #10121: overriding '-march=core-avx2' with '-march=core-avx2'
ifx: command line warning #10121: overriding '-march=core-avx2' with '-march=core-avx2'
ifx: command line warning #10121: overriding '-march=core-avx2' with '-march=core-avx2'
rm -f mpas_io_streams.o mpas_io_streams.mod
ftn -D_MPI -DUNDERSCORE -DCORE_INIT_ATMOSPHERE -DMPAS_NAMELIST_SUFFIX=init_atmosphere -DMPAS_EXE_NAME=init_atmosphere_model -DMPAS_OPENMP -DSINGLE_PRECISION -DMPAS_NATIVE_TIMERS -DMPAS_GIT_VERSION=unknown -DMPAS_BUILD_TARGET= -DMPAS_SMIOL_SUPPORT -O2 -convert big_endian -FR -march=core-avx2 -mtune=core-avx2 -qopenmp -c mpas_io_streams.F -I/opt/cray/pe/netcdf/4.9.0.15/INTEL/2023.2/include -I/opt/cray/pe/parallel-netcdf/1.12.3.15/INTEL/2023.2/include -I/p/projetos/monan_atm/eduardo.eras/SandBox/scripts_CD-CT/sources/MONAN-Model_1.4.3-rc/src/external/SMIOL -I/opt/cray/pe/netcdf/4.9.0.15/INTEL/2023.2/include -I/opt/cray/pe/parallel-netcdf/1.12.3.15/INTEL/2023.2/include -I../external/esmf_time_f90
ifx: command line warning #10121: overriding '-march=core-avx2' with '-march=core-avx2'
rm -f mpas_stream_list.o mpas_stream_list.mod
ftn -D_MPI -DUNDERSCORE -DCORE_INIT_ATMOSPHERE -DMPAS_NAMELIST_SUFFIX=init_atmosphere -DMPAS_EXE_NAME=init_atmosphere_model -DMPAS_OPENMP -DSINGLE_PRECISION -DMPAS_NATIVE_TIMERS -DMPAS_GIT_VERSION=unknown -DMPAS_BUILD_TARGET= -DMPAS_SMIOL_SUPPORT -O2 -convert big_endian -FR -march=core-avx2 -mtune=core-avx2 -qopenmp -c mpas_stream_list.F -I/opt/cray/pe/netcdf/4.9.0.15/INTEL/2023.2/include -I/opt/cray/pe/parallel-netcdf/1.12.3.15/INTEL/2023.2/include -I/p/projetos/monan_atm/eduardo.eras/SandBox/scripts_CD-CT/sources/MONAN-Model_1.4.3-rc/src/external/SMIOL -I/opt/cray/pe/netcdf/4.9.0.15/INTEL/2023.2/include -I/opt/cray/pe/parallel-netcdf/1.12.3.15/INTEL/2023.2/include -I../external/esmf_time_f90
ifx: command line warning #10121: overriding '-march=core-avx2' with '-march=core-avx2'
rm -f mpas_stream_manager.o mpas_stream_manager.mod
ftn -D_MPI -DUNDERSCORE -DCORE_INIT_ATMOSPHERE -DMPAS_NAMELIST_SUFFIX=init_atmosphere -DMPAS_EXE_NAME=init_atmosphere_model -DMPAS_OPENMP -DSINGLE_PRECISION -DMPAS_NATIVE_TIMERS -DMPAS_GIT_VERSION=unknown -DMPAS_BUILD_TARGET= -DMPAS_SMIOL_SUPPORT -O2 -convert big_endian -FR -march=core-avx2 -mtune=core-avx2 -qopenmp -c mpas_stream_manager.F -I/opt/cray/pe/netcdf/4.9.0.15/INTEL/2023.2/include -I/opt/cray/pe/parallel-netcdf/1.12.3.15/INTEL/2023.2/include -I/p/projetos/monan_atm/eduardo.eras/SandBox/scripts_CD-CT/sources/MONAN-Model_1.4.3-rc/src/external/SMIOL -I/opt/cray/pe/netcdf/4.9.0.15/INTEL/2023.2/include -I/opt/cray/pe/parallel-netcdf/1.12.3.15/INTEL/2023.2/include -I../external/esmf_time_f90
ifx: command line warning #10121: overriding '-march=core-avx2' with '-march=core-avx2'
rm -f mpas_framework.o mpas_framework.mod
rm -f mpas_decomp.o mpas_decomp.mod
ftn -D_MPI -DUNDERSCORE -DCORE_INIT_ATMOSPHERE -DMPAS_NAMELIST_SUFFIX=init_atmosphere -DMPAS_EXE_NAME=init_atmosphere_model -DMPAS_OPENMP -DSINGLE_PRECISION -DMPAS_NATIVE_TIMERS -DMPAS_GIT_VERSION=unknown -DMPAS_BUILD_TARGET= -DMPAS_SMIOL_SUPPORT -O2 -convert big_endian -FR -march=core-avx2 -mtune=core-avx2 -qopenmp -c mpas_framework.F -I/opt/cray/pe/netcdf/4.9.0.15/INTEL/2023.2/include -I/opt/cray/pe/parallel-netcdf/1.12.3.15/INTEL/2023.2/include -I/p/projetos/monan_atm/eduardo.eras/SandBox/scripts_CD-CT/sources/MONAN-Model_1.4.3-rc/src/external/SMIOL -I/opt/cray/pe/netcdf/4.9.0.15/INTEL/2023.2/include -I/opt/cray/pe/parallel-netcdf/1.12.3.15/INTEL/2023.2/include -I../external/esmf_time_f90
ftn -D_MPI -DUNDERSCORE -DCORE_INIT_ATMOSPHERE -DMPAS_NAMELIST_SUFFIX=init_atmosphere -DMPAS_EXE_NAME=init_atmosphere_model -DMPAS_OPENMP -DSINGLE_PRECISION -DMPAS_NATIVE_TIMERS -DMPAS_GIT_VERSION=unknown -DMPAS_BUILD_TARGET= -DMPAS_SMIOL_SUPPORT -O2 -convert big_endian -FR -march=core-avx2 -mtune=core-avx2 -qopenmp -c mpas_decomp.F -I/opt/cray/pe/netcdf/4.9.0.15/INTEL/2023.2/include -I/opt/cray/pe/parallel-netcdf/1.12.3.15/INTEL/2023.2/include -I/p/projetos/monan_atm/eduardo.eras/SandBox/scripts_CD-CT/sources/MONAN-Model_1.4.3-rc/src/external/SMIOL -I/opt/cray/pe/netcdf/4.9.0.15/INTEL/2023.2/include -I/opt/cray/pe/parallel-netcdf/1.12.3.15/INTEL/2023.2/include -I../external/esmf_time_f90
rm -f mpas_forcing.o mpas_forcing.mod
ftn -D_MPI -DUNDERSCORE -DCORE_INIT_ATMOSPHERE -DMPAS_NAMELIST_SUFFIX=init_atmosphere -DMPAS_EXE_NAME=init_atmosphere_model -DMPAS_OPENMP -DSINGLE_PRECISION -DMPAS_NATIVE_TIMERS -DMPAS_GIT_VERSION=unknown -DMPAS_BUILD_TARGET= -DMPAS_SMIOL_SUPPORT -O2 -convert big_endian -FR -march=core-avx2 -mtune=core-avx2 -qopenmp -c mpas_forcing.F -I/opt/cray/pe/netcdf/4.9.0.15/INTEL/2023.2/include -I/opt/cray/pe/parallel-netcdf/1.12.3.15/INTEL/2023.2/include -I/p/projetos/monan_atm/eduardo.eras/SandBox/scripts_CD-CT/sources/MONAN-Model_1.4.3-rc/src/external/SMIOL -I/opt/cray/pe/netcdf/4.9.0.15/INTEL/2023.2/include -I/opt/cray/pe/parallel-netcdf/1.12.3.15/INTEL/2023.2/include -I../external/esmf_time_f90
ifx: command line warning #10121: overriding '-march=core-avx2' with '-march=core-avx2'
ifx: command line warning #10121: overriding '-march=core-avx2' with '-march=core-avx2'
ifx: command line warning #10121: overriding '-march=core-avx2' with '-march=core-avx2'
rm -f mpas_block_creator.o mpas_block_creator.mod
ftn -D_MPI -DUNDERSCORE -DCORE_INIT_ATMOSPHERE -DMPAS_NAMELIST_SUFFIX=init_atmosphere -DMPAS_EXE_NAME=init_atmosphere_model -DMPAS_OPENMP -DSINGLE_PRECISION -DMPAS_NATIVE_TIMERS -DMPAS_GIT_VERSION=unknown -DMPAS_BUILD_TARGET= -DMPAS_SMIOL_SUPPORT -O2 -convert big_endian -FR -march=core-avx2 -mtune=core-avx2 -qopenmp -c mpas_block_creator.F -I/opt/cray/pe/netcdf/4.9.0.15/INTEL/2023.2/include -I/opt/cray/pe/parallel-netcdf/1.12.3.15/INTEL/2023.2/include -I/p/projetos/monan_atm/eduardo.eras/SandBox/scripts_CD-CT/sources/MONAN-Model_1.4.3-rc/src/external/SMIOL -I/opt/cray/pe/netcdf/4.9.0.15/INTEL/2023.2/include -I/opt/cray/pe/parallel-netcdf/1.12.3.15/INTEL/2023.2/include -I../external/esmf_time_f90
ifx: command line warning #10121: overriding '-march=core-avx2' with '-march=core-avx2'
rm -f mpas_bootstrapping.o mpas_bootstrapping.mod
ftn -D_MPI -DUNDERSCORE -DCORE_INIT_ATMOSPHERE -DMPAS_NAMELIST_SUFFIX=init_atmosphere -DMPAS_EXE_NAME=init_atmosphere_model -DMPAS_OPENMP -DSINGLE_PRECISION -DMPAS_NATIVE_TIMERS -DMPAS_GIT_VERSION=unknown -DMPAS_BUILD_TARGET= -DMPAS_SMIOL_SUPPORT -O2 -convert big_endian -FR -march=core-avx2 -mtune=core-avx2 -qopenmp -c mpas_bootstrapping.F -I/opt/cray/pe/netcdf/4.9.0.15/INTEL/2023.2/include -I/opt/cray/pe/parallel-netcdf/1.12.3.15/INTEL/2023.2/include -I/p/projetos/monan_atm/eduardo.eras/SandBox/scripts_CD-CT/sources/MONAN-Model_1.4.3-rc/src/external/SMIOL -I/opt/cray/pe/netcdf/4.9.0.15/INTEL/2023.2/include -I/opt/cray/pe/parallel-netcdf/1.12.3.15/INTEL/2023.2/include -I../external/esmf_time_f90
ifx: command line warning #10121: overriding '-march=core-avx2' with '-march=core-avx2'
ar -ru libframework.a mpas_kind_types.o mpas_framework.o mpas_timer.o mpas_timekeeping.o mpas_constants.o mpas_attlist.o mpas_hash.o mpas_sort.o mpas_block_decomp.o mpas_block_creator.o mpas_dmpar.o mpas_abort.o mpas_decomp.o mpas_threading.o mpas_io.o mpas_io_streams.o mpas_bootstrapping.o mpas_io_units.o mpas_stream_manager.o mpas_stream_list.o mpas_forcing.o mpas_c_interfacing.o random_id.o pool_hash.o mpas_derived_types.o mpas_domain_routines.o mpas_field_routines.o mpas_pool_routines.o xml_stream_parser.o regex_matching.o mpas_log.o mpas_halo.o mpas_string_utils.o mpas_stream_inquiry.o stream_inquiry.o ../external/ezxml/ezxml.o
ar: creating libframework.a
make[3]: Leaving directory '/p/projetos/monan_atm/eduardo.eras/SandBox/scripts_CD-CT/sources/MONAN-Model_1.4.3-rc/src/framework'
ln -sf framework/libframework.a libframework.a
( cd operators; make CPPFLAGS="-D_MPI -DUNDERSCORE -DCORE_INIT_ATMOSPHERE -DMPAS_NAMELIST_SUFFIX=init_atmosphere -DMPAS_EXE_NAME=init_atmosphere_model -DMPAS_OPENMP -DSINGLE_PRECISION -DMPAS_NATIVE_TIMERS -DMPAS_GIT_VERSION=unknown -DMPAS_BUILD_TARGET= -DMPAS_SMIOL_SUPPORT" CPPINCLUDES="-I/opt/cray/pe/netcdf/4.9.0.15/INTEL/2023.2/include -I/opt/cray/pe/parallel-netcdf/1.12.3.15/INTEL/2023.2/include" all ) 
make[3]: Entering directory '/p/projetos/monan_atm/eduardo.eras/SandBox/scripts_CD-CT/sources/MONAN-Model_1.4.3-rc/src/operators'
rm -f mpas_vector_operations.o mpas_vector_operations.mod
rm -f mpas_matrix_operations.o mpas_matrix_operations.mod
ftn -D_MPI -DUNDERSCORE -DCORE_INIT_ATMOSPHERE -DMPAS_NAMELIST_SUFFIX=init_atmosphere -DMPAS_EXE_NAME=init_atmosphere_model -DMPAS_OPENMP -DSINGLE_PRECISION -DMPAS_NATIVE_TIMERS -DMPAS_GIT_VERSION=unknown -DMPAS_BUILD_TARGET= -DMPAS_SMIOL_SUPPORT -O2 -convert big_endian -FR -march=core-avx2 -mtune=core-avx2 -qopenmp -c mpas_vector_operations.F -I/opt/cray/pe/netcdf/4.9.0.15/INTEL/2023.2/include -I/opt/cray/pe/parallel-netcdf/1.12.3.15/INTEL/2023.2/include -I/p/projetos/monan_atm/eduardo.eras/SandBox/scripts_CD-CT/sources/MONAN-Model_1.4.3-rc/src/external/SMIOL -I/opt/cray/pe/netcdf/4.9.0.15/INTEL/2023.2/include -I/opt/cray/pe/parallel-netcdf/1.12.3.15/INTEL/2023.2/include -I../framework -I../external/esmf_time_f90
ftn -D_MPI -DUNDERSCORE -DCORE_INIT_ATMOSPHERE -DMPAS_NAMELIST_SUFFIX=init_atmosphere -DMPAS_EXE_NAME=init_atmosphere_model -DMPAS_OPENMP -DSINGLE_PRECISION -DMPAS_NATIVE_TIMERS -DMPAS_GIT_VERSION=unknown -DMPAS_BUILD_TARGET= -DMPAS_SMIOL_SUPPORT -O2 -convert big_endian -FR -march=core-avx2 -mtune=core-avx2 -qopenmp -c mpas_matrix_operations.F -I/opt/cray/pe/netcdf/4.9.0.15/INTEL/2023.2/include -I/opt/cray/pe/parallel-netcdf/1.12.3.15/INTEL/2023.2/include -I/p/projetos/monan_atm/eduardo.eras/SandBox/scripts_CD-CT/sources/MONAN-Model_1.4.3-rc/src/external/SMIOL -I/opt/cray/pe/netcdf/4.9.0.15/INTEL/2023.2/include -I/opt/cray/pe/parallel-netcdf/1.12.3.15/INTEL/2023.2/include -I../framework -I../external/esmf_time_f90
rm -f mpas_spline_interpolation.o mpas_spline_interpolation.mod
ftn -D_MPI -DUNDERSCORE -DCORE_INIT_ATMOSPHERE -DMPAS_NAMELIST_SUFFIX=init_atmosphere -DMPAS_EXE_NAME=init_atmosphere_model -DMPAS_OPENMP -DSINGLE_PRECISION -DMPAS_NATIVE_TIMERS -DMPAS_GIT_VERSION=unknown -DMPAS_BUILD_TARGET= -DMPAS_SMIOL_SUPPORT -O2 -convert big_endian -FR -march=core-avx2 -mtune=core-avx2 -qopenmp -c mpas_spline_interpolation.F -I/opt/cray/pe/netcdf/4.9.0.15/INTEL/2023.2/include -I/opt/cray/pe/parallel-netcdf/1.12.3.15/INTEL/2023.2/include -I/p/projetos/monan_atm/eduardo.eras/SandBox/scripts_CD-CT/sources/MONAN-Model_1.4.3-rc/src/external/SMIOL -I/opt/cray/pe/netcdf/4.9.0.15/INTEL/2023.2/include -I/opt/cray/pe/parallel-netcdf/1.12.3.15/INTEL/2023.2/include -I../framework -I../external/esmf_time_f90
ifx: command line warning #10121: overriding '-march=core-avx2' with '-march=core-avx2'
ifx: command line warning #10121: overriding '-march=core-avx2' with '-march=core-avx2'
ifx: command line warning #10121: overriding '-march=core-avx2' with '-march=core-avx2'
rm -f mpas_tensor_operations.o mpas_tensor_operations.mod
rm -f mpas_rbf_interpolation.o mpas_rbf_interpolation.mod
ftn -D_MPI -DUNDERSCORE -DCORE_INIT_ATMOSPHERE -DMPAS_NAMELIST_SUFFIX=init_atmosphere -DMPAS_EXE_NAME=init_atmosphere_model -DMPAS_OPENMP -DSINGLE_PRECISION -DMPAS_NATIVE_TIMERS -DMPAS_GIT_VERSION=unknown -DMPAS_BUILD_TARGET= -DMPAS_SMIOL_SUPPORT -O2 -convert big_endian -FR -march=core-avx2 -mtune=core-avx2 -qopenmp -c mpas_tensor_operations.F -I/opt/cray/pe/netcdf/4.9.0.15/INTEL/2023.2/include -I/opt/cray/pe/parallel-netcdf/1.12.3.15/INTEL/2023.2/include -I/p/projetos/monan_atm/eduardo.eras/SandBox/scripts_CD-CT/sources/MONAN-Model_1.4.3-rc/src/external/SMIOL -I/opt/cray/pe/netcdf/4.9.0.15/INTEL/2023.2/include -I/opt/cray/pe/parallel-netcdf/1.12.3.15/INTEL/2023.2/include -I../framework -I../external/esmf_time_f90
ftn -D_MPI -DUNDERSCORE -DCORE_INIT_ATMOSPHERE -DMPAS_NAMELIST_SUFFIX=init_atmosphere -DMPAS_EXE_NAME=init_atmosphere_model -DMPAS_OPENMP -DSINGLE_PRECISION -DMPAS_NATIVE_TIMERS -DMPAS_GIT_VERSION=unknown -DMPAS_BUILD_TARGET= -DMPAS_SMIOL_SUPPORT -O2 -convert big_endian -FR -march=core-avx2 -mtune=core-avx2 -qopenmp -c mpas_rbf_interpolation.F -I/opt/cray/pe/netcdf/4.9.0.15/INTEL/2023.2/include -I/opt/cray/pe/parallel-netcdf/1.12.3.15/INTEL/2023.2/include -I/p/projetos/monan_atm/eduardo.eras/SandBox/scripts_CD-CT/sources/MONAN-Model_1.4.3-rc/src/external/SMIOL -I/opt/cray/pe/netcdf/4.9.0.15/INTEL/2023.2/include -I/opt/cray/pe/parallel-netcdf/1.12.3.15/INTEL/2023.2/include -I../framework -I../external/esmf_time_f90
rm -f mpas_geometry_utils.o mpas_geometry_utils.mod
ftn -D_MPI -DUNDERSCORE -DCORE_INIT_ATMOSPHERE -DMPAS_NAMELIST_SUFFIX=init_atmosphere -DMPAS_EXE_NAME=init_atmosphere_model -DMPAS_OPENMP -DSINGLE_PRECISION -DMPAS_NATIVE_TIMERS -DMPAS_GIT_VERSION=unknown -DMPAS_BUILD_TARGET= -DMPAS_SMIOL_SUPPORT -O2 -convert big_endian -FR -march=core-avx2 -mtune=core-avx2 -qopenmp -c mpas_geometry_utils.F -I/opt/cray/pe/netcdf/4.9.0.15/INTEL/2023.2/include -I/opt/cray/pe/parallel-netcdf/1.12.3.15/INTEL/2023.2/include -I/p/projetos/monan_atm/eduardo.eras/SandBox/scripts_CD-CT/sources/MONAN-Model_1.4.3-rc/src/external/SMIOL -I/opt/cray/pe/netcdf/4.9.0.15/INTEL/2023.2/include -I/opt/cray/pe/parallel-netcdf/1.12.3.15/INTEL/2023.2/include -I../framework -I../external/esmf_time_f90
ifx: command line warning #10121: overriding '-march=core-avx2' with '-march=core-avx2'
ifx: command line warning #10121: overriding '-march=core-avx2' with '-march=core-avx2'
ifx: command line warning #10121: overriding '-march=core-avx2' with '-march=core-avx2'
rm -f mpas_tracer_advection_helpers.o mpas_tracer_advection_helpers.mod
ftn -D_MPI -DUNDERSCORE -DCORE_INIT_ATMOSPHERE -DMPAS_NAMELIST_SUFFIX=init_atmosphere -DMPAS_EXE_NAME=init_atmosphere_model -DMPAS_OPENMP -DSINGLE_PRECISION -DMPAS_NATIVE_TIMERS -DMPAS_GIT_VERSION=unknown -DMPAS_BUILD_TARGET= -DMPAS_SMIOL_SUPPORT -O2 -convert big_endian -FR -march=core-avx2 -mtune=core-avx2 -qopenmp -c mpas_tracer_advection_helpers.F -I/opt/cray/pe/netcdf/4.9.0.15/INTEL/2023.2/include -I/opt/cray/pe/parallel-netcdf/1.12.3.15/INTEL/2023.2/include -I/p/projetos/monan_atm/eduardo.eras/SandBox/scripts_CD-CT/sources/MONAN-Model_1.4.3-rc/src/external/SMIOL -I/opt/cray/pe/netcdf/4.9.0.15/INTEL/2023.2/include -I/opt/cray/pe/parallel-netcdf/1.12.3.15/INTEL/2023.2/include -I../framework -I../external/esmf_time_f90
ifx: command line warning #10121: overriding '-march=core-avx2' with '-march=core-avx2'
rm -f mpas_tracer_advection_mono.o mpas_tracer_advection_mono.mod
rm -f mpas_tracer_advection_std.o mpas_tracer_advection_std.mod
ftn -D_MPI -DUNDERSCORE -DCORE_INIT_ATMOSPHERE -DMPAS_NAMELIST_SUFFIX=init_atmosphere -DMPAS_EXE_NAME=init_atmosphere_model -DMPAS_OPENMP -DSINGLE_PRECISION -DMPAS_NATIVE_TIMERS -DMPAS_GIT_VERSION=unknown -DMPAS_BUILD_TARGET= -DMPAS_SMIOL_SUPPORT -O2 -convert big_endian -FR -march=core-avx2 -mtune=core-avx2 -qopenmp -c mpas_tracer_advection_mono.F -I/opt/cray/pe/netcdf/4.9.0.15/INTEL/2023.2/include -I/opt/cray/pe/parallel-netcdf/1.12.3.15/INTEL/2023.2/include -I/p/projetos/monan_atm/eduardo.eras/SandBox/scripts_CD-CT/sources/MONAN-Model_1.4.3-rc/src/external/SMIOL -I/opt/cray/pe/netcdf/4.9.0.15/INTEL/2023.2/include -I/opt/cray/pe/parallel-netcdf/1.12.3.15/INTEL/2023.2/include -I../framework -I../external/esmf_time_f90
ftn -D_MPI -DUNDERSCORE -DCORE_INIT_ATMOSPHERE -DMPAS_NAMELIST_SUFFIX=init_atmosphere -DMPAS_EXE_NAME=init_atmosphere_model -DMPAS_OPENMP -DSINGLE_PRECISION -DMPAS_NATIVE_TIMERS -DMPAS_GIT_VERSION=unknown -DMPAS_BUILD_TARGET= -DMPAS_SMIOL_SUPPORT -O2 -convert big_endian -FR -march=core-avx2 -mtune=core-avx2 -qopenmp -c mpas_tracer_advection_std.F -I/opt/cray/pe/netcdf/4.9.0.15/INTEL/2023.2/include -I/opt/cray/pe/parallel-netcdf/1.12.3.15/INTEL/2023.2/include -I/p/projetos/monan_atm/eduardo.eras/SandBox/scripts_CD-CT/sources/MONAN-Model_1.4.3-rc/src/external/SMIOL -I/opt/cray/pe/netcdf/4.9.0.15/INTEL/2023.2/include -I/opt/cray/pe/parallel-netcdf/1.12.3.15/INTEL/2023.2/include -I../framework -I../external/esmf_time_f90
ifx: command line warning #10121: overriding '-march=core-avx2' with '-march=core-avx2'
ifx: command line warning #10121: overriding '-march=core-avx2' with '-march=core-avx2'
rm -f mpas_vector_reconstruction.o mpas_vector_reconstruction.mod
ftn -D_MPI -DUNDERSCORE -DCORE_INIT_ATMOSPHERE -DMPAS_NAMELIST_SUFFIX=init_atmosphere -DMPAS_EXE_NAME=init_atmosphere_model -DMPAS_OPENMP -DSINGLE_PRECISION -DMPAS_NATIVE_TIMERS -DMPAS_GIT_VERSION=unknown -DMPAS_BUILD_TARGET= -DMPAS_SMIOL_SUPPORT -O2 -convert big_endian -FR -march=core-avx2 -mtune=core-avx2 -qopenmp -c mpas_vector_reconstruction.F -I/opt/cray/pe/netcdf/4.9.0.15/INTEL/2023.2/include -I/opt/cray/pe/parallel-netcdf/1.12.3.15/INTEL/2023.2/include -I/p/projetos/monan_atm/eduardo.eras/SandBox/scripts_CD-CT/sources/MONAN-Model_1.4.3-rc/src/external/SMIOL -I/opt/cray/pe/netcdf/4.9.0.15/INTEL/2023.2/include -I/opt/cray/pe/parallel-netcdf/1.12.3.15/INTEL/2023.2/include -I../framework -I../external/esmf_time_f90
ifx: command line warning #10121: overriding '-march=core-avx2' with '-march=core-avx2'
ar -ru libops.a mpas_vector_operations.o mpas_matrix_operations.o mpas_tensor_operations.o mpas_rbf_interpolation.o mpas_vector_reconstruction.o mpas_spline_interpolation.o mpas_tracer_advection_helpers.o mpas_tracer_advection_mono.o mpas_tracer_advection_std.o mpas_geometry_utils.o
ar: creating libops.a
make[3]: Leaving directory '/p/projetos/monan_atm/eduardo.eras/SandBox/scripts_CD-CT/sources/MONAN-Model_1.4.3-rc/src/operators'
ln -sf operators/libops.a libops.a
( cd core_init_atmosphere; make CPPFLAGS="-D_MPI -DUNDERSCORE -DCORE_INIT_ATMOSPHERE -DMPAS_NAMELIST_SUFFIX=init_atmosphere -DMPAS_EXE_NAME=init_atmosphere_model -DMPAS_OPENMP -DSINGLE_PRECISION -DMPAS_NATIVE_TIMERS -DMPAS_GIT_VERSION=unknown -DMPAS_BUILD_TARGET= -DMPAS_SMIOL_SUPPORT" CPPINCLUDES="-I/opt/cray/pe/netcdf/4.9.0.15/INTEL/2023.2/include -I/opt/cray/pe/parallel-netcdf/1.12.3.15/INTEL/2023.2/include" REG_PARSE="/p/projetos/monan_atm/eduardo.eras/SandBox/scripts_CD-CT/sources/MONAN-Model_1.4.3-rc/src/tools/registry/parse" gen_includes )
make[3]: Entering directory '/p/projetos/monan_atm/eduardo.eras/SandBox/scripts_CD-CT/sources/MONAN-Model_1.4.3-rc/src/core_init_atmosphere'
cpp -P -traditional -D_MPI -DUNDERSCORE -DCORE_INIT_ATMOSPHERE -DMPAS_NAMELIST_SUFFIX=init_atmosphere -DMPAS_EXE_NAME=init_atmosphere_model -DMPAS_OPENMP -DSINGLE_PRECISION -DMPAS_NATIVE_TIMERS -DMPAS_GIT_VERSION=unknown -DMPAS_BUILD_TARGET= -DMPAS_SMIOL_SUPPORT -I/opt/cray/pe/netcdf/4.9.0.15/INTEL/2023.2/include -I/opt/cray/pe/parallel-netcdf/1.12.3.15/INTEL/2023.2/include Registry.xml > Registry_processed.xml
(if [ ! -d inc ]; then mkdir -p inc; fi) # To generate *.inc files
(cd inc; /p/projetos/monan_atm/eduardo.eras/SandBox/scripts_CD-CT/sources/MONAN-Model_1.4.3-rc/src/tools/registry/parse < ../Registry_processed.xml )
Reading registry file from standard input
---- GENERATING IMMUTABLE STREAMS ----
make[3]: Leaving directory '/p/projetos/monan_atm/eduardo.eras/SandBox/scripts_CD-CT/sources/MONAN-Model_1.4.3-rc/src/core_init_atmosphere'
( cd core_init_atmosphere; make CPPFLAGS="-D_MPI -DUNDERSCORE -DCORE_INIT_ATMOSPHERE -DMPAS_NAMELIST_SUFFIX=init_atmosphere -DMPAS_EXE_NAME=init_atmosphere_model -DMPAS_OPENMP -DSINGLE_PRECISION -DMPAS_NATIVE_TIMERS -DMPAS_GIT_VERSION=unknown -DMPAS_BUILD_TARGET= -DMPAS_SMIOL_SUPPORT" CPPINCLUDES="-I/opt/cray/pe/netcdf/4.9.0.15/INTEL/2023.2/include -I/opt/cray/pe/parallel-netcdf/1.12.3.15/INTEL/2023.2/include" NL_GEN="/p/projetos/monan_atm/eduardo.eras/SandBox/scripts_CD-CT/sources/MONAN-Model_1.4.3-rc/src/tools/input_gen/namelist_gen" ST_GEN="/p/projetos/monan_atm/eduardo.eras/SandBox/scripts_CD-CT/sources/MONAN-Model_1.4.3-rc/src/tools/input_gen/streams_gen" core_input_gen )
make[3]: Entering directory '/p/projetos/monan_atm/eduardo.eras/SandBox/scripts_CD-CT/sources/MONAN-Model_1.4.3-rc/src/core_init_atmosphere'
if [ ! -e default_inputs ]; then  mkdir default_inputs; fi
( cd default_inputs; /p/projetos/monan_atm/eduardo.eras/SandBox/scripts_CD-CT/sources/MONAN-Model_1.4.3-rc/src/tools/input_gen/namelist_gen ../Registry_processed.xml namelist.init_atmosphere in_defaults=true )
( cd default_inputs; /p/projetos/monan_atm/eduardo.eras/SandBox/scripts_CD-CT/sources/MONAN-Model_1.4.3-rc/src/tools/input_gen/streams_gen ../Registry_processed.xml streams.init_atmosphere stream_list.init_atmosphere. listed )
make[3]: Leaving directory '/p/projetos/monan_atm/eduardo.eras/SandBox/scripts_CD-CT/sources/MONAN-Model_1.4.3-rc/src/core_init_atmosphere'
( cd core_init_atmosphere; make CPPFLAGS="-D_MPI -DUNDERSCORE -DCORE_INIT_ATMOSPHERE -DMPAS_NAMELIST_SUFFIX=init_atmosphere -DMPAS_EXE_NAME=init_atmosphere_model -DMPAS_OPENMP -DSINGLE_PRECISION -DMPAS_NATIVE_TIMERS -DMPAS_GIT_VERSION=unknown -DMPAS_BUILD_TARGET= -DMPAS_SMIOL_SUPPORT" CPPINCLUDES="-I/opt/cray/pe/netcdf/4.9.0.15/INTEL/2023.2/include -I/opt/cray/pe/parallel-netcdf/1.12.3.15/INTEL/2023.2/include" all ) 
make[3]: Entering directory '/p/projetos/monan_atm/eduardo.eras/SandBox/scripts_CD-CT/sources/MONAN-Model_1.4.3-rc/src/core_init_atmosphere'
cc -O2 -std=gnu90 -qopenmp -DSINGLE_PRECISION -D_MPI -DUNDERSCORE -DCORE_INIT_ATMOSPHERE -DMPAS_NAMELIST_SUFFIX=init_atmosphere -DMPAS_EXE_NAME=init_atmosphere_model -DMPAS_OPENMP -DSINGLE_PRECISION -DMPAS_NATIVE_TIMERS -DMPAS_GIT_VERSION=unknown -DMPAS_BUILD_TARGET= -DMPAS_SMIOL_SUPPORT -I/opt/cray/pe/netcdf/4.9.0.15/INTEL/2023.2/include -I/opt/cray/pe/parallel-netcdf/1.12.3.15/INTEL/2023.2/include -c read_geogrid.c
rm -f mpas_atm_advection.o mpas_atm_advection.mod
rm -f mpas_init_atm_read_met.o mpas_init_atm_read_met.mod
ftn -D_MPI -DUNDERSCORE -DCORE_INIT_ATMOSPHERE -DMPAS_NAMELIST_SUFFIX=init_atmosphere -DMPAS_EXE_NAME=init_atmosphere_model -DMPAS_OPENMP -DSINGLE_PRECISION -DMPAS_NATIVE_TIMERS -DMPAS_GIT_VERSION=unknown -DMPAS_BUILD_TARGET= -DMPAS_SMIOL_SUPPORT -O2 -convert big_endian -FR -march=core-avx2 -mtune=core-avx2 -qopenmp -c mpas_atm_advection.F -I/opt/cray/pe/netcdf/4.9.0.15/INTEL/2023.2/include -I/opt/cray/pe/parallel-netcdf/1.12.3.15/INTEL/2023.2/include -I/p/projetos/monan_atm/eduardo.eras/SandBox/scripts_CD-CT/sources/MONAN-Model_1.4.3-rc/src/external/SMIOL -I/opt/cray/pe/netcdf/4.9.0.15/INTEL/2023.2/include -I/opt/cray/pe/parallel-netcdf/1.12.3.15/INTEL/2023.2/include -I./inc -I../framework -I../operators  -I../external/esmf_time_f90
ftn -D_MPI -DUNDERSCORE -DCORE_INIT_ATMOSPHERE -DMPAS_NAMELIST_SUFFIX=init_atmosphere -DMPAS_EXE_NAME=init_atmosphere_model -DMPAS_OPENMP -DSINGLE_PRECISION -DMPAS_NATIVE_TIMERS -DMPAS_GIT_VERSION=unknown -DMPAS_BUILD_TARGET= -DMPAS_SMIOL_SUPPORT -O2 -convert big_endian -FR -march=core-avx2 -mtune=core-avx2 -qopenmp -c mpas_init_atm_read_met.F -I/opt/cray/pe/netcdf/4.9.0.15/INTEL/2023.2/include -I/opt/cray/pe/parallel-netcdf/1.12.3.15/INTEL/2023.2/include -I/p/projetos/monan_atm/eduardo.eras/SandBox/scripts_CD-CT/sources/MONAN-Model_1.4.3-rc/src/external/SMIOL -I/opt/cray/pe/netcdf/4.9.0.15/INTEL/2023.2/include -I/opt/cray/pe/parallel-netcdf/1.12.3.15/INTEL/2023.2/include -I./inc -I../framework -I../operators  -I../external/esmf_time_f90
rm -f mpas_init_atm_llxy.o mpas_init_atm_llxy.mod
rm -f mpas_init_atm_queue.o mpas_init_atm_queue.mod
ftn -D_MPI -DUNDERSCORE -DCORE_INIT_ATMOSPHERE -DMPAS_NAMELIST_SUFFIX=init_atmosphere -DMPAS_EXE_NAME=init_atmosphere_model -DMPAS_OPENMP -DSINGLE_PRECISION -DMPAS_NATIVE_TIMERS -DMPAS_GIT_VERSION=unknown -DMPAS_BUILD_TARGET= -DMPAS_SMIOL_SUPPORT -O2 -convert big_endian -FR -march=core-avx2 -mtune=core-avx2 -qopenmp -c mpas_init_atm_llxy.F -I/opt/cray/pe/netcdf/4.9.0.15/INTEL/2023.2/include -I/opt/cray/pe/parallel-netcdf/1.12.3.15/INTEL/2023.2/include -I/p/projetos/monan_atm/eduardo.eras/SandBox/scripts_CD-CT/sources/MONAN-Model_1.4.3-rc/src/external/SMIOL -I/opt/cray/pe/netcdf/4.9.0.15/INTEL/2023.2/include -I/opt/cray/pe/parallel-netcdf/1.12.3.15/INTEL/2023.2/include -I./inc -I../framework -I../operators  -I../external/esmf_time_f90
ftn -D_MPI -DUNDERSCORE -DCORE_INIT_ATMOSPHERE -DMPAS_NAMELIST_SUFFIX=init_atmosphere -DMPAS_EXE_NAME=init_atmosphere_model -DMPAS_OPENMP -DSINGLE_PRECISION -DMPAS_NATIVE_TIMERS -DMPAS_GIT_VERSION=unknown -DMPAS_BUILD_TARGET= -DMPAS_SMIOL_SUPPORT -O2 -convert big_endian -FR -march=core-avx2 -mtune=core-avx2 -qopenmp -c mpas_init_atm_queue.F -I/opt/cray/pe/netcdf/4.9.0.15/INTEL/2023.2/include -I/opt/cray/pe/parallel-netcdf/1.12.3.15/INTEL/2023.2/include -I/p/projetos/monan_atm/eduardo.eras/SandBox/scripts_CD-CT/sources/MONAN-Model_1.4.3-rc/src/external/SMIOL -I/opt/cray/pe/netcdf/4.9.0.15/INTEL/2023.2/include -I/opt/cray/pe/parallel-netcdf/1.12.3.15/INTEL/2023.2/include -I./inc -I../framework -I../operators  -I../external/esmf_time_f90
rm -f mpas_init_atm_bitarray.o mpas_init_atm_bitarray.mod
rm -f mpas_atmphys_utilities.o mpas_atmphys_utilities.mod
ftn -D_MPI -DUNDERSCORE -DCORE_INIT_ATMOSPHERE -DMPAS_NAMELIST_SUFFIX=init_atmosphere -DMPAS_EXE_NAME=init_atmosphere_model -DMPAS_OPENMP -DSINGLE_PRECISION -DMPAS_NATIVE_TIMERS -DMPAS_GIT_VERSION=unknown -DMPAS_BUILD_TARGET= -DMPAS_SMIOL_SUPPORT -O2 -convert big_endian -FR -march=core-avx2 -mtune=core-avx2 -qopenmp -c mpas_init_atm_bitarray.F -I/opt/cray/pe/netcdf/4.9.0.15/INTEL/2023.2/include -I/opt/cray/pe/parallel-netcdf/1.12.3.15/INTEL/2023.2/include -I/p/projetos/monan_atm/eduardo.eras/SandBox/scripts_CD-CT/sources/MONAN-Model_1.4.3-rc/src/external/SMIOL -I/opt/cray/pe/netcdf/4.9.0.15/INTEL/2023.2/include -I/opt/cray/pe/parallel-netcdf/1.12.3.15/INTEL/2023.2/include -I./inc -I../framework -I../operators  -I../external/esmf_time_f90
ftn -D_MPI -DUNDERSCORE -DCORE_INIT_ATMOSPHERE -DMPAS_NAMELIST_SUFFIX=init_atmosphere -DMPAS_EXE_NAME=init_atmosphere_model -DMPAS_OPENMP -DSINGLE_PRECISION -DMPAS_NATIVE_TIMERS -DMPAS_GIT_VERSION=unknown -DMPAS_BUILD_TARGET= -DMPAS_SMIOL_SUPPORT -O2 -convert big_endian -FR -march=core-avx2 -mtune=core-avx2 -qopenmp -c mpas_atmphys_utilities.F -I/opt/cray/pe/netcdf/4.9.0.15/INTEL/2023.2/include -I/opt/cray/pe/parallel-netcdf/1.12.3.15/INTEL/2023.2/include -I/p/projetos/monan_atm/eduardo.eras/SandBox/scripts_CD-CT/sources/MONAN-Model_1.4.3-rc/src/external/SMIOL -I/opt/cray/pe/netcdf/4.9.0.15/INTEL/2023.2/include -I/opt/cray/pe/parallel-netcdf/1.12.3.15/INTEL/2023.2/include -I./inc -I../framework -I../operators  -I../external/esmf_time_f90
rm -f mpas_stack.o mpas_stack.mod
ftn -D_MPI -DUNDERSCORE -DCORE_INIT_ATMOSPHERE -DMPAS_NAMELIST_SUFFIX=init_atmosphere -DMPAS_EXE_NAME=init_atmosphere_model -DMPAS_OPENMP -DSINGLE_PRECISION -DMPAS_NATIVE_TIMERS -DMPAS_GIT_VERSION=unknown -DMPAS_BUILD_TARGET= -DMPAS_SMIOL_SUPPORT -O2 -convert big_endian -FR -march=core-avx2 -mtune=core-avx2 -qopenmp -c mpas_stack.F -I/opt/cray/pe/netcdf/4.9.0.15/INTEL/2023.2/include -I/opt/cray/pe/parallel-netcdf/1.12.3.15/INTEL/2023.2/include -I/p/projetos/monan_atm/eduardo.eras/SandBox/scripts_CD-CT/sources/MONAN-Model_1.4.3-rc/src/external/SMIOL -I/opt/cray/pe/netcdf/4.9.0.15/INTEL/2023.2/include -I/opt/cray/pe/parallel-netcdf/1.12.3.15/INTEL/2023.2/include -I./inc -I../framework -I../operators  -I../external/esmf_time_f90
ifx: command line warning #10121: overriding '-march=core-avx2' with '-march=core-avx2'
ifx: command line warning #10121: overriding '-march=core-avx2' with '-march=core-avx2'
ifx: command line warning #10121: overriding '-march=core-avx2' with '-march=core-avx2'
ifx: command line warning #10121: overriding '-march=core-avx2' with '-march=core-avx2'
ifx: command line warning #10121: overriding '-march=core-avx2' with '-march=core-avx2'
ifx: command line warning #10121: overriding '-march=core-avx2' with '-march=core-avx2'
ifx: command line warning #10121: overriding '-march=core-avx2' with '-march=core-avx2'
rm -f mpas_kd_tree.o mpas_kd_tree.mod
ftn -D_MPI -DUNDERSCORE -DCORE_INIT_ATMOSPHERE -DMPAS_NAMELIST_SUFFIX=init_atmosphere -DMPAS_EXE_NAME=init_atmosphere_model -DMPAS_OPENMP -DSINGLE_PRECISION -DMPAS_NATIVE_TIMERS -DMPAS_GIT_VERSION=unknown -DMPAS_BUILD_TARGET= -DMPAS_SMIOL_SUPPORT -O2 -convert big_endian -FR -march=core-avx2 -mtune=core-avx2 -qopenmp -c mpas_kd_tree.F -I/opt/cray/pe/netcdf/4.9.0.15/INTEL/2023.2/include -I/opt/cray/pe/parallel-netcdf/1.12.3.15/INTEL/2023.2/include -I/p/projetos/monan_atm/eduardo.eras/SandBox/scripts_CD-CT/sources/MONAN-Model_1.4.3-rc/src/external/SMIOL -I/opt/cray/pe/netcdf/4.9.0.15/INTEL/2023.2/include -I/opt/cray/pe/parallel-netcdf/1.12.3.15/INTEL/2023.2/include -I./inc -I../framework -I../operators  -I../external/esmf_time_f90
ifx: command line warning #10121: overriding '-march=core-avx2' with '-march=core-avx2'
rm -f mpas_parse_geoindex.o mpas_parse_geoindex.mod
rm -f mpas_init_atm_gwd.o mpas_init_atm_gwd.mod
ftn -D_MPI -DUNDERSCORE -DCORE_INIT_ATMOSPHERE -DMPAS_NAMELIST_SUFFIX=init_atmosphere -DMPAS_EXE_NAME=init_atmosphere_model -DMPAS_OPENMP -DSINGLE_PRECISION -DMPAS_NATIVE_TIMERS -DMPAS_GIT_VERSION=unknown -DMPAS_BUILD_TARGET= -DMPAS_SMIOL_SUPPORT -O2 -convert big_endian -FR -march=core-avx2 -mtune=core-avx2 -qopenmp -c mpas_parse_geoindex.F -I/opt/cray/pe/netcdf/4.9.0.15/INTEL/2023.2/include -I/opt/cray/pe/parallel-netcdf/1.12.3.15/INTEL/2023.2/include -I/p/projetos/monan_atm/eduardo.eras/SandBox/scripts_CD-CT/sources/MONAN-Model_1.4.3-rc/src/external/SMIOL -I/opt/cray/pe/netcdf/4.9.0.15/INTEL/2023.2/include -I/opt/cray/pe/parallel-netcdf/1.12.3.15/INTEL/2023.2/include -I./inc -I../framework -I../operators  -I../external/esmf_time_f90
ftn -D_MPI -DUNDERSCORE -DCORE_INIT_ATMOSPHERE -DMPAS_NAMELIST_SUFFIX=init_atmosphere -DMPAS_EXE_NAME=init_atmosphere_model -DMPAS_OPENMP -DSINGLE_PRECISION -DMPAS_NATIVE_TIMERS -DMPAS_GIT_VERSION=unknown -DMPAS_BUILD_TARGET= -DMPAS_SMIOL_SUPPORT -O2 -convert big_endian -FR -march=core-avx2 -mtune=core-avx2 -qopenmp -c mpas_init_atm_gwd.F -I/opt/cray/pe/netcdf/4.9.0.15/INTEL/2023.2/include -I/opt/cray/pe/parallel-netcdf/1.12.3.15/INTEL/2023.2/include -I/p/projetos/monan_atm/eduardo.eras/SandBox/scripts_CD-CT/sources/MONAN-Model_1.4.3-rc/src/external/SMIOL -I/opt/cray/pe/netcdf/4.9.0.15/INTEL/2023.2/include -I/opt/cray/pe/parallel-netcdf/1.12.3.15/INTEL/2023.2/include -I./inc -I../framework -I../operators  -I../external/esmf_time_f90
ifx: command line warning #10121: overriding '-march=core-avx2' with '-march=core-avx2'
ifx: command line warning #10121: overriding '-march=core-avx2' with '-march=core-avx2'
rm -f mpas_init_atm_vinterp.o mpas_init_atm_vinterp.mod
ftn -D_MPI -DUNDERSCORE -DCORE_INIT_ATMOSPHERE -DMPAS_NAMELIST_SUFFIX=init_atmosphere -DMPAS_EXE_NAME=init_atmosphere_model -DMPAS_OPENMP -DSINGLE_PRECISION -DMPAS_NATIVE_TIMERS -DMPAS_GIT_VERSION=unknown -DMPAS_BUILD_TARGET= -DMPAS_SMIOL_SUPPORT -O2 -convert big_endian -FR -march=core-avx2 -mtune=core-avx2 -qopenmp -c mpas_init_atm_vinterp.F -I/opt/cray/pe/netcdf/4.9.0.15/INTEL/2023.2/include -I/opt/cray/pe/parallel-netcdf/1.12.3.15/INTEL/2023.2/include -I/p/projetos/monan_atm/eduardo.eras/SandBox/scripts_CD-CT/sources/MONAN-Model_1.4.3-rc/src/external/SMIOL -I/opt/cray/pe/netcdf/4.9.0.15/INTEL/2023.2/include -I/opt/cray/pe/parallel-netcdf/1.12.3.15/INTEL/2023.2/include -I./inc -I../framework -I../operators  -I../external/esmf_time_f90
ifx: command line warning #10121: overriding '-march=core-avx2' with '-march=core-avx2'
rm -f mpas_atmphys_constants.o mpas_atmphys_constants.mod
ftn -D_MPI -DUNDERSCORE -DCORE_INIT_ATMOSPHERE -DMPAS_NAMELIST_SUFFIX=init_atmosphere -DMPAS_EXE_NAME=init_atmosphere_model -DMPAS_OPENMP -DSINGLE_PRECISION -DMPAS_NATIVE_TIMERS -DMPAS_GIT_VERSION=unknown -DMPAS_BUILD_TARGET= -DMPAS_SMIOL_SUPPORT -O2 -convert big_endian -FR -march=core-avx2 -mtune=core-avx2 -qopenmp -c mpas_atmphys_constants.F -I/opt/cray/pe/netcdf/4.9.0.15/INTEL/2023.2/include -I/opt/cray/pe/parallel-netcdf/1.12.3.15/INTEL/2023.2/include -I/p/projetos/monan_atm/eduardo.eras/SandBox/scripts_CD-CT/sources/MONAN-Model_1.4.3-rc/src/external/SMIOL -I/opt/cray/pe/netcdf/4.9.0.15/INTEL/2023.2/include -I/opt/cray/pe/parallel-netcdf/1.12.3.15/INTEL/2023.2/include -I./inc -I../framework -I../operators  -I../external/esmf_time_f90
ifx: command line warning #10121: overriding '-march=core-avx2' with '-march=core-avx2'
rm -f mpas_atmphys_functions.o mpas_atmphys_functions.mod
ftn -D_MPI -DUNDERSCORE -DCORE_INIT_ATMOSPHERE -DMPAS_NAMELIST_SUFFIX=init_atmosphere -DMPAS_EXE_NAME=init_atmosphere_model -DMPAS_OPENMP -DSINGLE_PRECISION -DMPAS_NATIVE_TIMERS -DMPAS_GIT_VERSION=unknown -DMPAS_BUILD_TARGET= -DMPAS_SMIOL_SUPPORT -O2 -convert big_endian -FR -march=core-avx2 -mtune=core-avx2 -qopenmp -c mpas_atmphys_functions.F -I/opt/cray/pe/netcdf/4.9.0.15/INTEL/2023.2/include -I/opt/cray/pe/parallel-netcdf/1.12.3.15/INTEL/2023.2/include -I/p/projetos/monan_atm/eduardo.eras/SandBox/scripts_CD-CT/sources/MONAN-Model_1.4.3-rc/src/external/SMIOL -I/opt/cray/pe/netcdf/4.9.0.15/INTEL/2023.2/include -I/opt/cray/pe/parallel-netcdf/1.12.3.15/INTEL/2023.2/include -I./inc -I../framework -I../operators  -I../external/esmf_time_f90
rm -f mpas_atmphys_date_time.o mpas_atmphys_date_time.mod
ifx: command line warning #10121: overriding '-march=core-avx2' with '-march=core-avx2'
ftn -D_MPI -DUNDERSCORE -DCORE_INIT_ATMOSPHERE -DMPAS_NAMELIST_SUFFIX=init_atmosphere -DMPAS_EXE_NAME=init_atmosphere_model -DMPAS_OPENMP -DSINGLE_PRECISION -DMPAS_NATIVE_TIMERS -DMPAS_GIT_VERSION=unknown -DMPAS_BUILD_TARGET= -DMPAS_SMIOL_SUPPORT -O2 -convert big_endian -FR -march=core-avx2 -mtune=core-avx2 -qopenmp -c mpas_atmphys_date_time.F -I/opt/cray/pe/netcdf/4.9.0.15/INTEL/2023.2/include -I/opt/cray/pe/parallel-netcdf/1.12.3.15/INTEL/2023.2/include -I/p/projetos/monan_atm/eduardo.eras/SandBox/scripts_CD-CT/sources/MONAN-Model_1.4.3-rc/src/external/SMIOL -I/opt/cray/pe/netcdf/4.9.0.15/INTEL/2023.2/include -I/opt/cray/pe/parallel-netcdf/1.12.3.15/INTEL/2023.2/include -I./inc -I../framework -I../operators  -I../external/esmf_time_f90
rm -f mpas_init_atm_hinterp.o mpas_init_atm_hinterp.mod
ftn -D_MPI -DUNDERSCORE -DCORE_INIT_ATMOSPHERE -DMPAS_NAMELIST_SUFFIX=init_atmosphere -DMPAS_EXE_NAME=init_atmosphere_model -DMPAS_OPENMP -DSINGLE_PRECISION -DMPAS_NATIVE_TIMERS -DMPAS_GIT_VERSION=unknown -DMPAS_BUILD_TARGET= -DMPAS_SMIOL_SUPPORT -O2 -convert big_endian -FR -march=core-avx2 -mtune=core-avx2 -qopenmp -c mpas_init_atm_hinterp.F -I/opt/cray/pe/netcdf/4.9.0.15/INTEL/2023.2/include -I/opt/cray/pe/parallel-netcdf/1.12.3.15/INTEL/2023.2/include -I/p/projetos/monan_atm/eduardo.eras/SandBox/scripts_CD-CT/sources/MONAN-Model_1.4.3-rc/src/external/SMIOL -I/opt/cray/pe/netcdf/4.9.0.15/INTEL/2023.2/include -I/opt/cray/pe/parallel-netcdf/1.12.3.15/INTEL/2023.2/include -I./inc -I../framework -I../operators  -I../external/esmf_time_f90
ifx: command line warning #10121: overriding '-march=core-avx2' with '-march=core-avx2'
ifx: command line warning #10121: overriding '-march=core-avx2' with '-march=core-avx2'
rm -f mpas_geotile_manager.o mpas_geotile_manager.mod
ftn -D_MPI -DUNDERSCORE -DCORE_INIT_ATMOSPHERE -DMPAS_NAMELIST_SUFFIX=init_atmosphere -DMPAS_EXE_NAME=init_atmosphere_model -DMPAS_OPENMP -DSINGLE_PRECISION -DMPAS_NATIVE_TIMERS -DMPAS_GIT_VERSION=unknown -DMPAS_BUILD_TARGET= -DMPAS_SMIOL_SUPPORT -O2 -convert big_endian -FR -march=core-avx2 -mtune=core-avx2 -qopenmp -c mpas_geotile_manager.F -I/opt/cray/pe/netcdf/4.9.0.15/INTEL/2023.2/include -I/opt/cray/pe/parallel-netcdf/1.12.3.15/INTEL/2023.2/include -I/p/projetos/monan_atm/eduardo.eras/SandBox/scripts_CD-CT/sources/MONAN-Model_1.4.3-rc/src/external/SMIOL -I/opt/cray/pe/netcdf/4.9.0.15/INTEL/2023.2/include -I/opt/cray/pe/parallel-netcdf/1.12.3.15/INTEL/2023.2/include -I./inc -I../framework -I../operators  -I../external/esmf_time_f90
ifx: command line warning #10121: overriding '-march=core-avx2' with '-march=core-avx2'
rm -f mpas_init_atm_surface.o mpas_init_atm_surface.mod
ftn -D_MPI -DUNDERSCORE -DCORE_INIT_ATMOSPHERE -DMPAS_NAMELIST_SUFFIX=init_atmosphere -DMPAS_EXE_NAME=init_atmosphere_model -DMPAS_OPENMP -DSINGLE_PRECISION -DMPAS_NATIVE_TIMERS -DMPAS_GIT_VERSION=unknown -DMPAS_BUILD_TARGET= -DMPAS_SMIOL_SUPPORT -O2 -convert big_endian -FR -march=core-avx2 -mtune=core-avx2 -qopenmp -c mpas_init_atm_surface.F -I/opt/cray/pe/netcdf/4.9.0.15/INTEL/2023.2/include -I/opt/cray/pe/parallel-netcdf/1.12.3.15/INTEL/2023.2/include -I/p/projetos/monan_atm/eduardo.eras/SandBox/scripts_CD-CT/sources/MONAN-Model_1.4.3-rc/src/external/SMIOL -I/opt/cray/pe/netcdf/4.9.0.15/INTEL/2023.2/include -I/opt/cray/pe/parallel-netcdf/1.12.3.15/INTEL/2023.2/include -I./inc -I../framework -I../operators  -I../external/esmf_time_f90
ifx: command line warning #10121: overriding '-march=core-avx2' with '-march=core-avx2'
rm -f mpas_init_atm_static.o mpas_init_atm_static.mod
ftn -D_MPI -DUNDERSCORE -DCORE_INIT_ATMOSPHERE -DMPAS_NAMELIST_SUFFIX=init_atmosphere -DMPAS_EXE_NAME=init_atmosphere_model -DMPAS_OPENMP -DSINGLE_PRECISION -DMPAS_NATIVE_TIMERS -DMPAS_GIT_VERSION=unknown -DMPAS_BUILD_TARGET= -DMPAS_SMIOL_SUPPORT -O2 -convert big_endian -FR -march=core-avx2 -mtune=core-avx2 -qopenmp -c mpas_init_atm_static.F -I/opt/cray/pe/netcdf/4.9.0.15/INTEL/2023.2/include -I/opt/cray/pe/parallel-netcdf/1.12.3.15/INTEL/2023.2/include -I/p/projetos/monan_atm/eduardo.eras/SandBox/scripts_CD-CT/sources/MONAN-Model_1.4.3-rc/src/external/SMIOL -I/opt/cray/pe/netcdf/4.9.0.15/INTEL/2023.2/include -I/opt/cray/pe/parallel-netcdf/1.12.3.15/INTEL/2023.2/include -I./inc -I../framework -I../operators  -I../external/esmf_time_f90
ifx: command line warning #10121: overriding '-march=core-avx2' with '-march=core-avx2'
rm -f mpas_atmphys_initialize_real.o mpas_atmphys_initialize_real.mod
ftn -D_MPI -DUNDERSCORE -DCORE_INIT_ATMOSPHERE -DMPAS_NAMELIST_SUFFIX=init_atmosphere -DMPAS_EXE_NAME=init_atmosphere_model -DMPAS_OPENMP -DSINGLE_PRECISION -DMPAS_NATIVE_TIMERS -DMPAS_GIT_VERSION=unknown -DMPAS_BUILD_TARGET= -DMPAS_SMIOL_SUPPORT -O2 -convert big_endian -FR -march=core-avx2 -mtune=core-avx2 -qopenmp -c mpas_atmphys_initialize_real.F -I/opt/cray/pe/netcdf/4.9.0.15/INTEL/2023.2/include -I/opt/cray/pe/parallel-netcdf/1.12.3.15/INTEL/2023.2/include -I/p/projetos/monan_atm/eduardo.eras/SandBox/scripts_CD-CT/sources/MONAN-Model_1.4.3-rc/src/external/SMIOL -I/opt/cray/pe/netcdf/4.9.0.15/INTEL/2023.2/include -I/opt/cray/pe/parallel-netcdf/1.12.3.15/INTEL/2023.2/include -I./inc -I../framework -I../operators  -I../external/esmf_time_f90
ifx: command line warning #10121: overriding '-march=core-avx2' with '-march=core-avx2'
mpas_atmphys_initialize_real.F: warning #5462: Global name too long, shortened from: mpas_atmphys_initialize_real_mp_init_soil_layers_properties_$blk.mpi_constants_mp_mpi_unweighted_ to: pas_atmphys_initialize_real_mp_init_soil_layers_properties_$blk.mpi_constants_mp_mpi_unweighted_
# 1 "mpas_atmphys_initialize_real.F"
^
mpas_atmphys_initialize_real.F: warning #5462: Global name too long, shortened from: mpas_atmphys_initialize_real_mp_init_soil_layers_properties_$blk.mpi_constants_mp_mpi_weights_empty_ to: _atmphys_initialize_real_mp_init_soil_layers_properties_$blk.mpi_constants_mp_mpi_weights_empty_
# 1 "mpas_atmphys_initialize_real.F"
^
mpas_atmphys_initialize_real.F: warning #5462: Global name too long, shortened from: mpas_atmphys_initialize_real_mp_init_soil_layers_properties_$blk.mpi_constants_mp_mpi_status_ignore_ to: _atmphys_initialize_real_mp_init_soil_layers_properties_$blk.mpi_constants_mp_mpi_status_ignore_
# 1 "mpas_atmphys_initialize_real.F"
^
mpas_atmphys_initialize_real.F: warning #5462: Global name too long, shortened from: mpas_atmphys_initialize_real_mp_init_soil_layers_properties_$blk.mpi_constants_mp_mpi_statuses_ignore_ to: tmphys_initialize_real_mp_init_soil_layers_properties_$blk.mpi_constants_mp_mpi_statuses_ignore_
# 1 "mpas_atmphys_initialize_real.F"
^
mpas_atmphys_initialize_real.F: warning #5462: Global name too long, shortened from: mpas_atmphys_initialize_real_mp_init_soil_layers_properties_$blk.mpi_constants_mp_mpi_errcodes_ignore_ to: tmphys_initialize_real_mp_init_soil_layers_properties_$blk.mpi_constants_mp_mpi_errcodes_ignore_
# 1 "mpas_atmphys_initialize_real.F"
^
mpas_atmphys_initialize_real.F: warning #5462: Global name too long, shortened from: mpas_atmphys_initialize_real_mp_init_soil_layers_properties_$blk.mpi_constants_mp_mpi_argvs_null_ to: pas_atmphys_initialize_real_mp_init_soil_layers_properties_$blk.mpi_constants_mp_mpi_argvs_null_
# 1 "mpas_atmphys_initialize_real.F"
^
rm -f mpas_init_atm_cases.o mpas_init_atm_cases.mod
ftn -D_MPI -DUNDERSCORE -DCORE_INIT_ATMOSPHERE -DMPAS_NAMELIST_SUFFIX=init_atmosphere -DMPAS_EXE_NAME=init_atmosphere_model -DMPAS_OPENMP -DSINGLE_PRECISION -DMPAS_NATIVE_TIMERS -DMPAS_GIT_VERSION=unknown -DMPAS_BUILD_TARGET= -DMPAS_SMIOL_SUPPORT -O2 -convert big_endian -FR -march=core-avx2 -mtune=core-avx2 -qopenmp -c mpas_init_atm_cases.F -I/opt/cray/pe/netcdf/4.9.0.15/INTEL/2023.2/include -I/opt/cray/pe/parallel-netcdf/1.12.3.15/INTEL/2023.2/include -I/p/projetos/monan_atm/eduardo.eras/SandBox/scripts_CD-CT/sources/MONAN-Model_1.4.3-rc/src/external/SMIOL -I/opt/cray/pe/netcdf/4.9.0.15/INTEL/2023.2/include -I/opt/cray/pe/parallel-netcdf/1.12.3.15/INTEL/2023.2/include -I./inc -I../framework -I../operators  -I../external/esmf_time_f90
ifx: command line warning #10121: overriding '-march=core-avx2' with '-march=core-avx2'
rm -f mpas_init_atm_core.o mpas_init_atm_core.mod
ftn -D_MPI -DUNDERSCORE -DCORE_INIT_ATMOSPHERE -DMPAS_NAMELIST_SUFFIX=init_atmosphere -DMPAS_EXE_NAME=init_atmosphere_model -DMPAS_OPENMP -DSINGLE_PRECISION -DMPAS_NATIVE_TIMERS -DMPAS_GIT_VERSION=unknown -DMPAS_BUILD_TARGET= -DMPAS_SMIOL_SUPPORT -O2 -convert big_endian -FR -march=core-avx2 -mtune=core-avx2 -qopenmp -c mpas_init_atm_core.F -I/opt/cray/pe/netcdf/4.9.0.15/INTEL/2023.2/include -I/opt/cray/pe/parallel-netcdf/1.12.3.15/INTEL/2023.2/include -I/p/projetos/monan_atm/eduardo.eras/SandBox/scripts_CD-CT/sources/MONAN-Model_1.4.3-rc/src/external/SMIOL -I/opt/cray/pe/netcdf/4.9.0.15/INTEL/2023.2/include -I/opt/cray/pe/parallel-netcdf/1.12.3.15/INTEL/2023.2/include -I./inc -I../framework -I../operators  -I../external/esmf_time_f90
ifx: command line warning #10121: overriding '-march=core-avx2' with '-march=core-avx2'
rm -f mpas_init_atm_core_interface.o mpas_init_atm_core_interface.mod
ftn -D_MPI -DUNDERSCORE -DCORE_INIT_ATMOSPHERE -DMPAS_NAMELIST_SUFFIX=init_atmosphere -DMPAS_EXE_NAME=init_atmosphere_model -DMPAS_OPENMP -DSINGLE_PRECISION -DMPAS_NATIVE_TIMERS -DMPAS_GIT_VERSION=unknown -DMPAS_BUILD_TARGET= -DMPAS_SMIOL_SUPPORT -O2 -convert big_endian -FR -march=core-avx2 -mtune=core-avx2 -qopenmp -c mpas_init_atm_core_interface.F -I/opt/cray/pe/netcdf/4.9.0.15/INTEL/2023.2/include -I/opt/cray/pe/parallel-netcdf/1.12.3.15/INTEL/2023.2/include -I/p/projetos/monan_atm/eduardo.eras/SandBox/scripts_CD-CT/sources/MONAN-Model_1.4.3-rc/src/external/SMIOL -I/opt/cray/pe/netcdf/4.9.0.15/INTEL/2023.2/include -I/opt/cray/pe/parallel-netcdf/1.12.3.15/INTEL/2023.2/include -I./inc -I../framework -I../operators  -I../external/esmf_time_f90
ifx: command line warning #10121: overriding '-march=core-avx2' with '-march=core-avx2'
mpas_init_atm_core_interface.F: warning #5462: Global name too long, shortened from: init_atm_core_interface_mp_init_atm_setup_decomposed_dimensions_$blk.mpi_constants_mp_mpi_unweighted_ to: atm_core_interface_mp_init_atm_setup_decomposed_dimensions_$blk.mpi_constants_mp_mpi_unweighted_
# 1 "mpas_init_atm_core_interface.F"
^
mpas_init_atm_core_interface.F: warning #5462: Global name too long, shortened from: init_atm_core_interface_mp_init_atm_setup_decomposed_dimensions_$blk.mpi_constants_mp_mpi_weights_empty_ to: _core_interface_mp_init_atm_setup_decomposed_dimensions_$blk.mpi_constants_mp_mpi_weights_empty_
# 1 "mpas_init_atm_core_interface.F"
^
mpas_init_atm_core_interface.F: warning #5462: Global name too long, shortened from: init_atm_core_interface_mp_init_atm_setup_decomposed_dimensions_$blk.mpi_constants_mp_mpi_bottom_ to: nit_atm_core_interface_mp_init_atm_setup_decomposed_dimensions_$blk.mpi_constants_mp_mpi_bottom_
# 1 "mpas_init_atm_core_interface.F"
^
mpas_init_atm_core_interface.F: warning #5462: Global name too long, shortened from: init_atm_core_interface_mp_init_atm_setup_decomposed_dimensions_$blk.mpi_constants_mp_mpi_in_place_ to: t_atm_core_interface_mp_init_atm_setup_decomposed_dimensions_$blk.mpi_constants_mp_mpi_in_place_
# 1 "mpas_init_atm_core_interface.F"
^
mpas_init_atm_core_interface.F: warning #5462: Global name too long, shortened from: init_atm_core_interface_mp_init_atm_setup_decomposed_dimensions_$blk.mpi_constants_mp_mpi_status_ignore_ to: _core_interface_mp_init_atm_setup_decomposed_dimensions_$blk.mpi_constants_mp_mpi_status_ignore_
# 1 "mpas_init_atm_core_interface.F"
^
mpas_init_atm_core_interface.F: warning #5462: Global name too long, shortened from: init_atm_core_interface_mp_init_atm_setup_decomposed_dimensions_$blk.mpi_constants_mp_mpi_statuses_ignore_ to: ore_interface_mp_init_atm_setup_decomposed_dimensions_$blk.mpi_constants_mp_mpi_statuses_ignore_
# 1 "mpas_init_atm_core_interface.F"
^
mpas_init_atm_core_interface.F: warning #5462: Global name too long, shortened from: init_atm_core_interface_mp_init_atm_setup_decomposed_dimensions_$blk.mpi_constants_mp_mpi_errcodes_ignore_ to: ore_interface_mp_init_atm_setup_decomposed_dimensions_$blk.mpi_constants_mp_mpi_errcodes_ignore_
# 1 "mpas_init_atm_core_interface.F"
^
mpas_init_atm_core_interface.F: warning #5462: Global name too long, shortened from: init_atm_core_interface_mp_init_atm_setup_decomposed_dimensions_$blk.mpi_constants_mp_mpi_argvs_null_ to: atm_core_interface_mp_init_atm_setup_decomposed_dimensions_$blk.mpi_constants_mp_mpi_argvs_null_
# 1 "mpas_init_atm_core_interface.F"
^
mpas_init_atm_core_interface.F: warning #5462: Global name too long, shortened from: init_atm_core_interface_mp_init_atm_setup_decomposed_dimensions_$blk.mpi_constants_mp_mpi_argv_null_ to: _atm_core_interface_mp_init_atm_setup_decomposed_dimensions_$blk.mpi_constants_mp_mpi_argv_null_
# 1 "mpas_init_atm_core_interface.F"
^
ar -ru libdycore.a mpas_init_atm_core.o mpas_init_atm_core_interface.o mpas_init_atm_cases.o mpas_atm_advection.o mpas_init_atm_read_met.o mpas_init_atm_llxy.o mpas_init_atm_bitarray.o mpas_init_atm_queue.o mpas_init_atm_hinterp.o mpas_init_atm_static.o mpas_init_atm_gwd.o mpas_init_atm_surface.o mpas_init_atm_vinterp.o read_geogrid.o mpas_atmphys_constants.o mpas_atmphys_date_time.o mpas_atmphys_functions.o mpas_atmphys_initialize_real.o mpas_atmphys_utilities.o mpas_stack.o mpas_kd_tree.o mpas_parse_geoindex.o mpas_geotile_manager.o
ar: creating libdycore.a
make[3]: Leaving directory '/p/projetos/monan_atm/eduardo.eras/SandBox/scripts_CD-CT/sources/MONAN-Model_1.4.3-rc/src/core_init_atmosphere'
ln -sf core_init_atmosphere/libdycore.a libdycore.a
( cd driver; make CPPFLAGS="-D_MPI -DUNDERSCORE -DCORE_INIT_ATMOSPHERE -DMPAS_NAMELIST_SUFFIX=init_atmosphere -DMPAS_EXE_NAME=init_atmosphere_model -DMPAS_OPENMP -DSINGLE_PRECISION -DMPAS_NATIVE_TIMERS -DMPAS_GIT_VERSION=unknown -DMPAS_BUILD_TARGET= -DMPAS_SMIOL_SUPPORT" CPPINCLUDES="-I/opt/cray/pe/netcdf/4.9.0.15/INTEL/2023.2/include -I/opt/cray/pe/parallel-netcdf/1.12.3.15/INTEL/2023.2/include" all ) 
make[3]: Entering directory '/p/projetos/monan_atm/eduardo.eras/SandBox/scripts_CD-CT/sources/MONAN-Model_1.4.3-rc/src/driver'
(make clean)
make[4]: Entering directory '/p/projetos/monan_atm/eduardo.eras/SandBox/scripts_CD-CT/sources/MONAN-Model_1.4.3-rc/src/driver'
rm -f *.o *.mod *.f90
rm -f *.i
make[4]: Leaving directory '/p/projetos/monan_atm/eduardo.eras/SandBox/scripts_CD-CT/sources/MONAN-Model_1.4.3-rc/src/driver'
(make driver)
make[4]: Entering directory '/p/projetos/monan_atm/eduardo.eras/SandBox/scripts_CD-CT/sources/MONAN-Model_1.4.3-rc/src/driver'
rm -f mpas_subdriver.o mpas_subdriver.mod
ftn -D_MPI -DUNDERSCORE -DCORE_INIT_ATMOSPHERE -DMPAS_NAMELIST_SUFFIX=init_atmosphere -DMPAS_EXE_NAME=init_atmosphere_model -DMPAS_OPENMP -DSINGLE_PRECISION -DMPAS_NATIVE_TIMERS -DMPAS_GIT_VERSION=unknown -DMPAS_BUILD_TARGET= -DMPAS_SMIOL_SUPPORT -O2 -convert big_endian -FR -march=core-avx2 -mtune=core-avx2 -qopenmp -c mpas_subdriver.F -I/opt/cray/pe/netcdf/4.9.0.15/INTEL/2023.2/include -I/opt/cray/pe/parallel-netcdf/1.12.3.15/INTEL/2023.2/include -I/p/projetos/monan_atm/eduardo.eras/SandBox/scripts_CD-CT/sources/MONAN-Model_1.4.3-rc/src/external/SMIOL -I/opt/cray/pe/netcdf/4.9.0.15/INTEL/2023.2/include -I/opt/cray/pe/parallel-netcdf/1.12.3.15/INTEL/2023.2/include -I../framework -I../operators -I../core_init_atmosphere -I../external/esmf_time_f90
ifx: command line warning #10121: overriding '-march=core-avx2' with '-march=core-avx2'
rm -f mpas.o mpas.mod
ftn -D_MPI -DUNDERSCORE -DCORE_INIT_ATMOSPHERE -DMPAS_NAMELIST_SUFFIX=init_atmosphere -DMPAS_EXE_NAME=init_atmosphere_model -DMPAS_OPENMP -DSINGLE_PRECISION -DMPAS_NATIVE_TIMERS -DMPAS_GIT_VERSION=unknown -DMPAS_BUILD_TARGET= -DMPAS_SMIOL_SUPPORT -O2 -convert big_endian -FR -march=core-avx2 -mtune=core-avx2 -qopenmp -c mpas.F -I/opt/cray/pe/netcdf/4.9.0.15/INTEL/2023.2/include -I/opt/cray/pe/parallel-netcdf/1.12.3.15/INTEL/2023.2/include -I/p/projetos/monan_atm/eduardo.eras/SandBox/scripts_CD-CT/sources/MONAN-Model_1.4.3-rc/src/external/SMIOL -I/opt/cray/pe/netcdf/4.9.0.15/INTEL/2023.2/include -I/opt/cray/pe/parallel-netcdf/1.12.3.15/INTEL/2023.2/include -I../framework -I../operators -I../core_init_atmosphere -I../external/esmf_time_f90
ifx: command line warning #10121: overriding '-march=core-avx2' with '-march=core-avx2'
make[4]: Leaving directory '/p/projetos/monan_atm/eduardo.eras/SandBox/scripts_CD-CT/sources/MONAN-Model_1.4.3-rc/src/driver'
make[3]: Leaving directory '/p/projetos/monan_atm/eduardo.eras/SandBox/scripts_CD-CT/sources/MONAN-Model_1.4.3-rc/src/driver'
ftn -O2 -qopenmp -o init_atmosphere_model driver/*.o -L. -ldycore -lops -lframework -L/p/projetos/monan_atm/eduardo.eras/SandBox/scripts_CD-CT/sources/MONAN-Model_1.4.3-rc/src/external/SMIOL -lsmiolf -lsmiol -L/opt/cray/pe/netcdf/4.9.0.15/INTEL/2023.2/lib -lnetcdff -lnetcdf -L/opt/cray/pe/parallel-netcdf/1.12.3.15/INTEL/2023.2/lib -lpnetcdf -I./external/esmf_time_f90 -L./external/esmf_time_f90 -lesmf_time
make[2]: Leaving directory '/p/projetos/monan_atm/eduardo.eras/SandBox/scripts_CD-CT/sources/MONAN-Model_1.4.3-rc/src'
if [ -e src/init_atmosphere_model ]; then mv src/init_atmosphere_model .; fi
( cd src/core_init_atmosphere; make ROOT_DIR="/p/projetos/monan_atm/eduardo.eras/SandBox/scripts_CD-CT/sources/MONAN-Model_1.4.3-rc" post_build )
make[2]: Entering directory '/p/projetos/monan_atm/eduardo.eras/SandBox/scripts_CD-CT/sources/MONAN-Model_1.4.3-rc/src/core_init_atmosphere'
if [ ! -e /p/projetos/monan_atm/eduardo.eras/SandBox/scripts_CD-CT/sources/MONAN-Model_1.4.3-rc/default_inputs ]; then mkdir /p/projetos/monan_atm/eduardo.eras/SandBox/scripts_CD-CT/sources/MONAN-Model_1.4.3-rc/default_inputs; fi
cp default_inputs/* /p/projetos/monan_atm/eduardo.eras/SandBox/scripts_CD-CT/sources/MONAN-Model_1.4.3-rc/default_inputs/.
( cd /p/projetos/monan_atm/eduardo.eras/SandBox/scripts_CD-CT/sources/MONAN-Model_1.4.3-rc/default_inputs; for FILE in `ls -1`; do if [ ! -e ../$FILE ]; then cp $FILE ../.; fi; done )
make[2]: Leaving directory '/p/projetos/monan_atm/eduardo.eras/SandBox/scripts_CD-CT/sources/MONAN-Model_1.4.3-rc/src/core_init_atmosphere'
*******************************************************************************
MPAS was built with default single-precision reals.
Debugging is off.
Parallel version is on.
Using the mpi module.
Papi libraries are off.
TAU Hooks are off.
MPAS was built with OpenMP enabled.
MPAS was built without OpenMP-offload GPU support.
MPAS was built without OpenACC accelerator support.
Position-dependent code was generated.
MPAS was built with .F files.
The native timer interface is being used
Using the SMIOL library.
*******************************************************************************
make[1]: Leaving directory '/p/projetos/monan_atm/eduardo.eras/SandBox/scripts_CD-CT/sources/MONAN-Model_1.4.3-rc'
cd src; make clean RM="rm -f" CORE="init_atmosphere"
make[1]: Entering directory '/p/projetos/monan_atm/eduardo.eras/SandBox/scripts_CD-CT/sources/MONAN-Model_1.4.3-rc/src'
rm -f libframework.a libops.a libdycore.a libinit_atmosphere.a *.o
( cd tools; make clean )
make[2]: Entering directory '/p/projetos/monan_atm/eduardo.eras/SandBox/scripts_CD-CT/sources/MONAN-Model_1.4.3-rc/src/tools'
(cd input_gen; make clean)
make[3]: Entering directory '/p/projetos/monan_atm/eduardo.eras/SandBox/scripts_CD-CT/sources/MONAN-Model_1.4.3-rc/src/tools/input_gen'
rm -f *.o namelist_gen streams_gen
rm -f *.i
make[3]: Leaving directory '/p/projetos/monan_atm/eduardo.eras/SandBox/scripts_CD-CT/sources/MONAN-Model_1.4.3-rc/src/tools/input_gen'
(cd registry; make clean)
make[3]: Entering directory '/p/projetos/monan_atm/eduardo.eras/SandBox/scripts_CD-CT/sources/MONAN-Model_1.4.3-rc/src/tools/registry'
rm -f *.o parse
rm -f *.i
make[3]: Leaving directory '/p/projetos/monan_atm/eduardo.eras/SandBox/scripts_CD-CT/sources/MONAN-Model_1.4.3-rc/src/tools/registry'
make[2]: Leaving directory '/p/projetos/monan_atm/eduardo.eras/SandBox/scripts_CD-CT/sources/MONAN-Model_1.4.3-rc/src/tools'
( cd external; make clean )
make[2]: Entering directory '/p/projetos/monan_atm/eduardo.eras/SandBox/scripts_CD-CT/sources/MONAN-Model_1.4.3-rc/src/external'
( cd esmf_time_f90; make clean )
make[3]: Entering directory '/p/projetos/monan_atm/eduardo.eras/SandBox/scripts_CD-CT/sources/MONAN-Model_1.4.3-rc/src/external/esmf_time_f90'
rm -rf *.tmp.f90 *.o *.mod *.a
make[3]: Leaving directory '/p/projetos/monan_atm/eduardo.eras/SandBox/scripts_CD-CT/sources/MONAN-Model_1.4.3-rc/src/external/esmf_time_f90'
( cd ezxml; make clean )
make[3]: Entering directory '/p/projetos/monan_atm/eduardo.eras/SandBox/scripts_CD-CT/sources/MONAN-Model_1.4.3-rc/src/external/ezxml'
rm -f *.o *.i
make[3]: Leaving directory '/p/projetos/monan_atm/eduardo.eras/SandBox/scripts_CD-CT/sources/MONAN-Model_1.4.3-rc/src/external/ezxml'
make -C SMIOL clean
make[3]: Entering directory '/p/projetos/monan_atm/eduardo.eras/SandBox/scripts_CD-CT/sources/MONAN-Model_1.4.3-rc/src/external/SMIOL'
rm -f -f smiol.o smiol_utils.o libsmiol.a
rm -f -f smiolf.o smiolf.mod libsmiolf.a
make[3]: Leaving directory '/p/projetos/monan_atm/eduardo.eras/SandBox/scripts_CD-CT/sources/MONAN-Model_1.4.3-rc/src/external/SMIOL'
make[2]: Leaving directory '/p/projetos/monan_atm/eduardo.eras/SandBox/scripts_CD-CT/sources/MONAN-Model_1.4.3-rc/src/external'
( cd framework; make clean )
make[2]: Entering directory '/p/projetos/monan_atm/eduardo.eras/SandBox/scripts_CD-CT/sources/MONAN-Model_1.4.3-rc/src/framework'
rm -f *.o *.mod *.f90 libframework.a
rm -f *.i
make[2]: Leaving directory '/p/projetos/monan_atm/eduardo.eras/SandBox/scripts_CD-CT/sources/MONAN-Model_1.4.3-rc/src/framework'
( cd operators; make clean )
make[2]: Entering directory '/p/projetos/monan_atm/eduardo.eras/SandBox/scripts_CD-CT/sources/MONAN-Model_1.4.3-rc/src/operators'
rm -f *.o *.mod *.f90 libops.a
rm -f *.i
make[2]: Leaving directory '/p/projetos/monan_atm/eduardo.eras/SandBox/scripts_CD-CT/sources/MONAN-Model_1.4.3-rc/src/operators'
( cd driver; make clean )
make[2]: Entering directory '/p/projetos/monan_atm/eduardo.eras/SandBox/scripts_CD-CT/sources/MONAN-Model_1.4.3-rc/src/driver'
rm -f *.o *.mod *.f90
rm -f *.i
make[2]: Leaving directory '/p/projetos/monan_atm/eduardo.eras/SandBox/scripts_CD-CT/sources/MONAN-Model_1.4.3-rc/src/driver'
if [ -d core_init_atmosphere ] ; then \
   ( cd core_init_atmosphere; make clean ) \
fi;
make[2]: Entering directory '/p/projetos/monan_atm/eduardo.eras/SandBox/scripts_CD-CT/sources/MONAN-Model_1.4.3-rc/src/core_init_atmosphere'
rm -f *.o *.mod *.f90 libdycore.a
rm -f Registry_processed.xml
rm -f *.i
rm -f -r default_inputs
make[2]: Leaving directory '/p/projetos/monan_atm/eduardo.eras/SandBox/scripts_CD-CT/sources/MONAN-Model_1.4.3-rc/src/core_init_atmosphere'
make[1]: Leaving directory '/p/projetos/monan_atm/eduardo.eras/SandBox/scripts_CD-CT/sources/MONAN-Model_1.4.3-rc/src'
rm -f .mpas_core_*
rm -f init_atmosphere_model
rm -f namelist.init_atmosphere.defaults
rm -f streams.init_atmosphere.defaults

[1;32m==>[0m Files init_atmosphere_model and atmosphere_model generated Successfully in /p/projetos/monan_atm/eduardo.eras/SandBox/scripts_CD-CT/execs !

